[I 260206 13:37:44 make_eff_histo_mod:189] Running PIDCalib2 make_eff_hists with the following config:
[I 260206 13:37:44 utils:117] ===============
[I 260206 13:37:44 utils:120] sample         : Electron16
[I 260206 13:37:44 utils:120] magnet         : both
[I 260206 13:37:44 utils:120] particle       : e_B_Jpsi
[I 260206 13:37:44 utils:120] pid_cuts       : ['Brunel_MC15TuneV1_ProbNNpi>0.1&Brunel_DLLK<0.0&Brunel_DLLp<0.0&Brunel_DLLe<2.0&Brunel_MC15TuneV1_ProbNNghost<0.25', 'Brunel_MC15TuneV1_ProbNNk>0.1&Brunel_DLLK>0.0&(Brunel_DLLp-Brunel_DLLK)<0.0&(Brunel_DLLe-Brunel_DLLK)<-2.0&Brunel_MC15TuneV1_ProbNNghost<0.25', 'Brunel_MC15TuneV1_ProbNNp>0.1&Brunel_DLLp>0.0&(Brunel_DLLp-Brunel_DLLK)>2.0&(Brunel_DLLe-Brunel_DLLp)<-2.0&Brunel_MC15TuneV1_ProbNNghost<0.25', 'Brunel_DLLe>2.0&(Brunel_DLLe-Brunel_DLLK)>-2.0&(Brunel_DLLe-Brunel_DLLp)>-2.0&Brunel_MC15TuneV1_ProbNNghost<0.25', '(Brunel_MC15TuneV1_ProbNNpi>0.1&Brunel_DLLK<0.0&Brunel_DLLp<0.0&Brunel_DLLe<2.0&Brunel_MC15TuneV1_ProbNNghost<0.25)==0.0&(Brunel_MC15TuneV1_ProbNNk>0.1&Brunel_DLLK>0.0&(Brunel_DLLp-Brunel_DLLK)<0.0&(Brunel_DLLe-Brunel_DLLK)<-2.0&Brunel_MC15TuneV1_ProbNNghost<0.25)==0.0&(Brunel_MC15TuneV1_ProbNNp>0.1&Brunel_DLLp>0.0&(Brunel_DLLp-Brunel_DLLK)>2.0&(Brunel_DLLe-Brunel_DLLp)<-2.0&Brunel_MC15TuneV1_ProbNNghost<0.25)==0.0&(Brunel_DLLe>2.0&(Brunel_DLLe-Brunel_DLLK)>-2.0&(Brunel_DLLe-Brunel_DLLp)>-2.0&Brunel_MC15TuneV1_ProbNNghost<0.25)==0.0']
[I 260206 13:37:44 utils:120] cuts           : ['TRACK_GHOSTPROB < 0.5 & IsMuon == 0.0 & InMuonAcc == 1.0 & MuonUnbiased == 1.0']
[I 260206 13:37:44 utils:120] bin_vars       : ['Brunel_P', 'Brunel_ETA', 'nTracks']
[I 260206 13:37:44 utils:120] binning_file   : ./tmp/binning.json
[I 260206 13:37:44 utils:120] output_dir     : raw_histos/eTrueTo-2016
[I 260206 13:37:44 utils:120] verbose        : False
[I 260206 13:37:44 utils:120] pkl_name       : ['eTrueToPiTag.pkl', 'eTrueToKTag.pkl', 'eTrueToPTag.pkl', 'eTrueToETag.pkl', 'eTrueToGTag.pkl']
[I 260206 13:37:44 utils:120] version        : 1.0.6
[I 260206 13:37:44 utils:121] ===============
[I 260206 13:37:44 binning:205] Loading binnings from ./tmp/binning.json
[W 260206 13:37:44 binning:245] The following custom binnings are not being used: [{'particle': 'Pi', 'bin_var': 'Brunel_P'}, {'particle': 'Pi', 'bin_var': 'Brunel_ETA'}, {'particle': 'Pi', 'bin_var': 'nTracks_Brunel'}, {'particle': 'K', 'bin_var': 'Brunel_P'}, {'particle': 'K', 'bin_var': 'Brunel_ETA'}, {'particle': 'K', 'bin_var': 'nTracks_Brunel'}, {'particle': 'P', 'bin_var': 'Brunel_P'}, {'particle': 'P', 'bin_var': 'Brunel_ETA'}, {'particle': 'P', 'bin_var': 'nTracks_Brunel'}]
[I 260206 13:37:44 make_eff_histo_mod:215] Processing MapUp calibration samples
[I 260206 13:37:44 utils:461] Branches to be read: {'sWeight': 'probe_sWeight', 'Brunel_MC15TuneV1_ProbNNpi': 'probe_Brunel_MC15TuneV1_ProbNNpi', 'Brunel_DLLK': 'probe_Brunel_PIDK', 'Brunel_DLLp': 'probe_Brunel_PIDp', 'Brunel_DLLe': 'probe_Brunel_PIDe', 'Brunel_MC15TuneV1_ProbNNghost': 'probe_Brunel_MC15TuneV1_ProbNNghost', 'Brunel_MC15TuneV1_ProbNNk': 'probe_Brunel_MC15TuneV1_ProbNNk', 'Brunel_MC15TuneV1_ProbNNp': 'probe_Brunel_MC15TuneV1_ProbNNp', 'Brunel_P': 'probe_Brunel_P', 'Brunel_ETA': 'probe_Brunel_ETA', 'nTracks': 'nTracks', 'TRACK_GHOSTPROB': 'probe_TRACK_GHOSTPROB', 'IsMuon': 'probe_isMuon', 'InMuonAcc': 'probe_InMuonAcc', 'MuonUnbiased': 'probe_MuonUnbiased'}
[I 260206 13:37:44 utils:462] 1 calibration files from EOS will be processed
[I 260206 13:37:48 utils:517] Processed 1/1 files
[I 260206 13:37:48 utils:596] 203698/210787 (96.6%) events passed binning range cut
[I 260206 13:37:48 utils:596] 165552/203698 (81.3%) events passed user cut
[I 260206 13:37:48 utils:596] 38043/165552 (23.0%) events passed 'Brunel_MC15TuneV1_ProbNNpi>0.1&Brunel_DLLK<0.0&Brunel_DLLp<0.0&Brunel_DLLe<2.0&Brunel_MC15TuneV1_ProbNNghost<0.25' cut
[I 260206 13:37:48 utils:596] 5439/165552 (3.3%) events passed 'Brunel_MC15TuneV1_ProbNNk>0.1&Brunel_DLLK>0.0&(Brunel_DLLp-Brunel_DLLK)<0.0&(Brunel_DLLe-Brunel_DLLK)<-2.0&Brunel_MC15TuneV1_ProbNNghost<0.25' cut
[I 260206 13:37:48 utils:596] 3086/165552 (1.9%) events passed 'Brunel_MC15TuneV1_ProbNNp>0.1&Brunel_DLLp>0.0&(Brunel_DLLp-Brunel_DLLK)>2.0&(Brunel_DLLe-Brunel_DLLp)<-2.0&Brunel_MC15TuneV1_ProbNNghost<0.25' cut
[I 260206 13:37:48 utils:596] 78949/165552 (47.7%) events passed 'Brunel_DLLe>2.0&(Brunel_DLLe-Brunel_DLLK)>-2.0&(Brunel_DLLe-Brunel_DLLp)>-2.0&Brunel_MC15TuneV1_ProbNNghost<0.25' cut
[I 260206 13:37:48 utils:596] 40035/165552 (24.2%) events passed '(Brunel_MC15TuneV1_ProbNNpi>0.1&Brunel_DLLK<0.0&Brunel_DLLp<0.0&Brunel_DLLe<2.0&Brunel_MC15TuneV1_ProbNNghost<0.25)==0.0&(Brunel_MC15TuneV1_ProbNNk>0.1&Brunel_DLLK>0.0&(Brunel_DLLp-Brunel_DLLK)<0.0&(Brunel_DLLe-Brunel_DLLK)<-2.0&Brunel_MC15TuneV1_ProbNNghost<0.25)==0.0&(Brunel_MC15TuneV1_ProbNNp>0.1&Brunel_DLLp>0.0&(Brunel_DLLp-Brunel_DLLK)>2.0&(Brunel_DLLe-Brunel_DLLp)<-2.0&Brunel_MC15TuneV1_ProbNNghost<0.25)==0.0&(Brunel_DLLe>2.0&(Brunel_DLLe-Brunel_DLLK)>-2.0&(Brunel_DLLe-Brunel_DLLp)>-2.0&Brunel_MC15TuneV1_ProbNNghost<0.25)==0.0' cut
[I 260206 13:37:48 make_eff_histo_mod:220] Processing MagDown calibration samples
[I 260206 13:37:48 utils:461] Branches to be read: {'sWeight': 'probe_sWeight', 'Brunel_MC15TuneV1_ProbNNpi': 'probe_Brunel_MC15TuneV1_ProbNNpi', 'Brunel_DLLK': 'probe_Brunel_PIDK', 'Brunel_DLLp': 'probe_Brunel_PIDp', 'Brunel_DLLe': 'probe_Brunel_PIDe', 'Brunel_MC15TuneV1_ProbNNghost': 'probe_Brunel_MC15TuneV1_ProbNNghost', 'Brunel_MC15TuneV1_ProbNNk': 'probe_Brunel_MC15TuneV1_ProbNNk', 'Brunel_MC15TuneV1_ProbNNp': 'probe_Brunel_MC15TuneV1_ProbNNp', 'Brunel_P': 'probe_Brunel_P', 'Brunel_ETA': 'probe_Brunel_ETA', 'nTracks': 'nTracks', 'TRACK_GHOSTPROB': 'probe_TRACK_GHOSTPROB', 'IsMuon': 'probe_isMuon', 'InMuonAcc': 'probe_InMuonAcc', 'MuonUnbiased': 'probe_MuonUnbiased'}
[I 260206 13:37:48 utils:462] 1 calibration files from EOS will be processed
[I 260206 13:37:53 utils:517] Processed 1/1 files
[I 260206 13:37:53 utils:596] 217827/225601 (96.6%) events passed binning range cut
[I 260206 13:37:53 utils:596] 178571/217827 (82.0%) events passed user cut
[I 260206 13:37:53 utils:596] 41975/178571 (23.5%) events passed 'Brunel_MC15TuneV1_ProbNNpi>0.1&Brunel_DLLK<0.0&Brunel_DLLp<0.0&Brunel_DLLe<2.0&Brunel_MC15TuneV1_ProbNNghost<0.25' cut
[I 260206 13:37:53 utils:596] 6123/178571 (3.4%) events passed 'Brunel_MC15TuneV1_ProbNNk>0.1&Brunel_DLLK>0.0&(Brunel_DLLp-Brunel_DLLK)<0.0&(Brunel_DLLe-Brunel_DLLK)<-2.0&Brunel_MC15TuneV1_ProbNNghost<0.25' cut
[I 260206 13:37:53 utils:596] 3448/178571 (1.9%) events passed 'Brunel_MC15TuneV1_ProbNNp>0.1&Brunel_DLLp>0.0&(Brunel_DLLp-Brunel_DLLK)>2.0&(Brunel_DLLe-Brunel_DLLp)<-2.0&Brunel_MC15TuneV1_ProbNNghost<0.25' cut
[I 260206 13:37:53 utils:596] 83691/178571 (46.9%) events passed 'Brunel_DLLe>2.0&(Brunel_DLLe-Brunel_DLLK)>-2.0&(Brunel_DLLe-Brunel_DLLp)>-2.0&Brunel_MC15TuneV1_ProbNNghost<0.25' cut
[I 260206 13:37:53 utils:596] 43334/178571 (24.3%) events passed '(Brunel_MC15TuneV1_ProbNNpi>0.1&Brunel_DLLK<0.0&Brunel_DLLp<0.0&Brunel_DLLe<2.0&Brunel_MC15TuneV1_ProbNNghost<0.25)==0.0&(Brunel_MC15TuneV1_ProbNNk>0.1&Brunel_DLLK>0.0&(Brunel_DLLp-Brunel_DLLK)<0.0&(Brunel_DLLe-Brunel_DLLK)<-2.0&Brunel_MC15TuneV1_ProbNNghost<0.25)==0.0&(Brunel_MC15TuneV1_ProbNNp>0.1&Brunel_DLLp>0.0&(Brunel_DLLp-Brunel_DLLK)>2.0&(Brunel_DLLe-Brunel_DLLp)<-2.0&Brunel_MC15TuneV1_ProbNNghost<0.25)==0.0&(Brunel_DLLe>2.0&(Brunel_DLLe-Brunel_DLLK)>-2.0&(Brunel_DLLe-Brunel_DLLp)>-2.0&Brunel_MC15TuneV1_ProbNNghost<0.25)==0.0' cut
[W 260206 13:37:53 utils:63] There are 2 empty bins in the total histogram! You might want to change the binning.
[W 260206 13:37:53 utils:97] There are 5 negative bins in the 'eff_Brunel_MC15TuneV1_ProbNNpi>0.1&Brunel_DLLK<0.0&Brunel_DLLp<0.0&Brunel_DLLe<2.0&Brunel_MC15TuneV1_ProbNNghost<0.25' efficiency histogram! You might want to change the binning.
[W 260206 13:37:53 utils:97] There are 2 negative bins in the 'eff_Brunel_MC15TuneV1_ProbNNp>0.1&Brunel_DLLp>0.0&(Brunel_DLLp-Brunel_DLLK)>2.0&(Brunel_DLLe-Brunel_DLLp)<-2.0&Brunel_MC15TuneV1_ProbNNghost<0.25' efficiency histogram! You might want to change the binning.
[W 260206 13:37:53 utils:97] There are 1 negative bins in the 'eff_(Brunel_MC15TuneV1_ProbNNpi>0.1&Brunel_DLLK<0.0&Brunel_DLLp<0.0&Brunel_DLLe<2.0&Brunel_MC15TuneV1_ProbNNghost<0.25)==0.0&(Brunel_MC15TuneV1_ProbNNk>0.1&Brunel_DLLK>0.0&(Brunel_DLLp-Brunel_DLLK)<0.0&(Brunel_DLLe-Brunel_DLLK)<-2.0&Brunel_MC15TuneV1_ProbNNghost<0.25)==0.0&(Brunel_MC15TuneV1_ProbNNp>0.1&Brunel_DLLp>0.0&(Brunel_DLLp-Brunel_DLLK)>2.0&(Brunel_DLLe-Brunel_DLLp)<-2.0&Brunel_MC15TuneV1_ProbNNghost<0.25)==0.0&(Brunel_DLLe>2.0&(Brunel_DLLe-Brunel_DLLK)>-2.0&(Brunel_DLLe-Brunel_DLLp)>-2.0&Brunel_MC15TuneV1_ProbNNghost<0.25)==0.0' efficiency histogram! You might want to change the binning.
[I 260206 13:37:53 make_eff_histo_mod:239] Efficiency histogram of cut Brunel_MC15TuneV1_ProbNNpi>0.1&Brunel_DLLK<0.0&Brunel_DLLp<0.0&Brunel_DLLe<2.0&Brunel_MC15TuneV1_ProbNNghost<0.25 saved to 'raw_histos/eTrueTo-2016/eTrueToPiTag.pkl'
[I 260206 13:37:53 make_eff_histo_mod:239] Efficiency histogram of cut Brunel_MC15TuneV1_ProbNNk>0.1&Brunel_DLLK>0.0&(Brunel_DLLp-Brunel_DLLK)<0.0&(Brunel_DLLe-Brunel_DLLK)<-2.0&Brunel_MC15TuneV1_ProbNNghost<0.25 saved to 'raw_histos/eTrueTo-2016/eTrueToKTag.pkl'
[I 260206 13:37:53 make_eff_histo_mod:239] Efficiency histogram of cut Brunel_MC15TuneV1_ProbNNp>0.1&Brunel_DLLp>0.0&(Brunel_DLLp-Brunel_DLLK)>2.0&(Brunel_DLLe-Brunel_DLLp)<-2.0&Brunel_MC15TuneV1_ProbNNghost<0.25 saved to 'raw_histos/eTrueTo-2016/eTrueToPTag.pkl'
[I 260206 13:37:53 make_eff_histo_mod:239] Efficiency histogram of cut Brunel_DLLe>2.0&(Brunel_DLLe-Brunel_DLLK)>-2.0&(Brunel_DLLe-Brunel_DLLp)>-2.0&Brunel_MC15TuneV1_ProbNNghost<0.25 saved to 'raw_histos/eTrueTo-2016/eTrueToETag.pkl'
[I 260206 13:37:53 make_eff_histo_mod:239] Efficiency histogram of cut (Brunel_MC15TuneV1_ProbNNpi>0.1&Brunel_DLLK<0.0&Brunel_DLLp<0.0&Brunel_DLLe<2.0&Brunel_MC15TuneV1_ProbNNghost<0.25)==0.0&(Brunel_MC15TuneV1_ProbNNk>0.1&Brunel_DLLK>0.0&(Brunel_DLLp-Brunel_DLLK)<0.0&(Brunel_DLLe-Brunel_DLLK)<-2.0&Brunel_MC15TuneV1_ProbNNghost<0.25)==0.0&(Brunel_MC15TuneV1_ProbNNp>0.1&Brunel_DLLp>0.0&(Brunel_DLLp-Brunel_DLLK)>2.0&(Brunel_DLLe-Brunel_DLLp)<-2.0&Brunel_MC15TuneV1_ProbNNghost<0.25)==0.0&(Brunel_DLLe>2.0&(Brunel_DLLe-Brunel_DLLK)>-2.0&(Brunel_DLLe-Brunel_DLLp)>-2.0&Brunel_MC15TuneV1_ProbNNghost<0.25)==0.0 saved to 'raw_histos/eTrueTo-2016/eTrueToGTag.pkl'
[I 260206 13:39:01 make_eff_histo_mod:189] Running PIDCalib2 make_eff_hists with the following config:
[I 260206 13:39:01 utils:117] ===============
[I 260206 13:39:01 utils:120] sample         : Electron16
[I 260206 13:39:01 utils:120] magnet         : both
[I 260206 13:39:01 utils:120] particle       : e_B_Jpsi
[I 260206 13:39:01 utils:120] pid_cuts       : ['IsMuon==1.0&DLLe<1.0']
[I 260206 13:39:01 utils:120] cuts           : ['TRACK_GHOSTPROB < 0.5 & MuonUnbiased == 1.0 & InMuonAcc == 1.0']
[I 260206 13:39:01 utils:120] bin_vars       : ['Brunel_P', 'Brunel_ETA', 'nTracks']
[I 260206 13:39:01 utils:120] binning_file   : ./tmp/binning.json
[I 260206 13:39:01 utils:120] output_dir     : raw_histos/eTrueTo-2016
[I 260206 13:39:01 utils:120] verbose        : False
[I 260206 13:39:01 utils:120] pkl_name       : ['eTrueToMuTag_nom.pkl']
[I 260206 13:39:01 utils:120] version        : 1.0.6
[I 260206 13:39:01 utils:121] ===============
[I 260206 13:39:01 binning:205] Loading binnings from ./tmp/binning.json
[W 260206 13:39:01 binning:245] The following custom binnings are not being used: [{'particle': 'Pi', 'bin_var': 'Brunel_P'}, {'particle': 'Pi', 'bin_var': 'Brunel_ETA'}, {'particle': 'Pi', 'bin_var': 'nTracks_Brunel'}, {'particle': 'K', 'bin_var': 'Brunel_P'}, {'particle': 'K', 'bin_var': 'Brunel_ETA'}, {'particle': 'K', 'bin_var': 'nTracks_Brunel'}, {'particle': 'P', 'bin_var': 'Brunel_P'}, {'particle': 'P', 'bin_var': 'Brunel_ETA'}, {'particle': 'P', 'bin_var': 'nTracks_Brunel'}]
[I 260206 13:39:01 make_eff_histo_mod:215] Processing MapUp calibration samples
[I 260206 13:39:01 utils:461] Branches to be read: {'sWeight': 'probe_sWeight', 'IsMuon': 'probe_isMuon', 'DLLe': 'probe_PIDe', 'Brunel_P': 'probe_Brunel_P', 'Brunel_ETA': 'probe_Brunel_ETA', 'nTracks': 'nTracks', 'TRACK_GHOSTPROB': 'probe_TRACK_GHOSTPROB', 'MuonUnbiased': 'probe_MuonUnbiased', 'InMuonAcc': 'probe_InMuonAcc'}
[I 260206 13:39:01 utils:462] 1 calibration files from EOS will be processed
[I 260206 13:39:04 utils:517] Processed 1/1 files
[I 260206 13:39:04 utils:596] 203698/210787 (96.6%) events passed binning range cut
[I 260206 13:39:04 utils:596] 173352/203698 (85.1%) events passed user cut
[I 260206 13:39:04 utils:596] 5858/173352 (3.4%) events passed 'IsMuon==1.0&DLLe<1.0' cut
[I 260206 13:39:04 make_eff_histo_mod:220] Processing MagDown calibration samples
[I 260206 13:39:04 utils:461] Branches to be read: {'sWeight': 'probe_sWeight', 'IsMuon': 'probe_isMuon', 'DLLe': 'probe_PIDe', 'Brunel_P': 'probe_Brunel_P', 'Brunel_ETA': 'probe_Brunel_ETA', 'nTracks': 'nTracks', 'TRACK_GHOSTPROB': 'probe_TRACK_GHOSTPROB', 'MuonUnbiased': 'probe_MuonUnbiased', 'InMuonAcc': 'probe_InMuonAcc'}
[I 260206 13:39:04 utils:462] 1 calibration files from EOS will be processed
[I 260206 13:39:07 utils:517] Processed 1/1 files
[I 260206 13:39:07 utils:596] 217827/225601 (96.6%) events passed binning range cut
[I 260206 13:39:07 utils:596] 187281/217827 (86.0%) events passed user cut
[I 260206 13:39:07 utils:596] 6681/187281 (3.6%) events passed 'IsMuon==1.0&DLLe<1.0' cut
[W 260206 13:39:07 utils:63] There are 2 empty bins in the total histogram! You might want to change the binning.
[W 260206 13:39:07 utils:97] There are 5 negative bins in the 'eff_IsMuon==1.0&DLLe<1.0' efficiency histogram! You might want to change the binning.
[I 260206 13:39:07 make_eff_histo_mod:239] Efficiency histogram of cut IsMuon==1.0&DLLe<1.0 saved to 'raw_histos/eTrueTo-2016/eTrueToMuTag_nom.pkl'
[I 260206 13:39:41 make_eff_histo_mod:189] Running PIDCalib2 make_eff_hists with the following config:
[I 260206 13:39:41 utils:117] ===============
[I 260206 13:39:41 utils:120] sample         : Electron16
[I 260206 13:39:41 utils:120] magnet         : both
[I 260206 13:39:41 utils:120] particle       : e_B_Jpsi
[I 260206 13:39:41 utils:120] pid_cuts       : ['IsMuon==1.0&DLLe<1.0']
[I 260206 13:39:41 utils:120] cuts           : ['TRACK_GHOSTPROB < 0.5 & MuonUnbiased == 1.0 & InMuonAcc == 1.0']
[I 260206 13:39:41 utils:120] bin_vars       : ['Brunel_P', 'Brunel_ETA', 'nTracks']
[I 260206 13:39:41 utils:120] binning_file   : ./tmp/binning.json
[I 260206 13:39:41 utils:120] output_dir     : raw_histos/eTrueTo-2016
[I 260206 13:39:41 utils:120] verbose        : False
[I 260206 13:39:41 utils:120] pkl_name       : ['eTrueToMuTag_nom_vmu.pkl']
[I 260206 13:39:41 utils:120] version        : 1.0.6
[I 260206 13:39:41 utils:121] ===============
[I 260206 13:39:41 binning:205] Loading binnings from ./tmp/binning.json
[W 260206 13:39:41 binning:245] The following custom binnings are not being used: [{'particle': 'Pi', 'bin_var': 'Brunel_P'}, {'particle': 'Pi', 'bin_var': 'Brunel_ETA'}, {'particle': 'Pi', 'bin_var': 'nTracks_Brunel'}, {'particle': 'K', 'bin_var': 'Brunel_P'}, {'particle': 'K', 'bin_var': 'Brunel_ETA'}, {'particle': 'K', 'bin_var': 'nTracks_Brunel'}, {'particle': 'P', 'bin_var': 'Brunel_P'}, {'particle': 'P', 'bin_var': 'Brunel_ETA'}, {'particle': 'P', 'bin_var': 'nTracks_Brunel'}]
[I 260206 13:39:41 make_eff_histo_mod:215] Processing MapUp calibration samples
[I 260206 13:39:41 utils:461] Branches to be read: {'sWeight': 'probe_sWeight', 'IsMuon': 'probe_isMuon', 'DLLe': 'probe_PIDe', 'Brunel_P': 'probe_Brunel_P', 'Brunel_ETA': 'probe_Brunel_ETA', 'nTracks': 'nTracks', 'TRACK_GHOSTPROB': 'probe_TRACK_GHOSTPROB', 'MuonUnbiased': 'probe_MuonUnbiased', 'InMuonAcc': 'probe_InMuonAcc'}
[I 260206 13:39:41 utils:462] 1 calibration files from EOS will be processed
[I 260206 13:39:44 utils:517] Processed 1/1 files
[I 260206 13:39:44 utils:596] 203698/210787 (96.6%) events passed binning range cut
[I 260206 13:39:44 utils:596] 173352/203698 (85.1%) events passed user cut
[I 260206 13:39:44 utils:596] 5858/173352 (3.4%) events passed 'IsMuon==1.0&DLLe<1.0' cut
[I 260206 13:39:44 make_eff_histo_mod:220] Processing MagDown calibration samples
[I 260206 13:39:44 utils:461] Branches to be read: {'sWeight': 'probe_sWeight', 'IsMuon': 'probe_isMuon', 'DLLe': 'probe_PIDe', 'Brunel_P': 'probe_Brunel_P', 'Brunel_ETA': 'probe_Brunel_ETA', 'nTracks': 'nTracks', 'TRACK_GHOSTPROB': 'probe_TRACK_GHOSTPROB', 'MuonUnbiased': 'probe_MuonUnbiased', 'InMuonAcc': 'probe_InMuonAcc'}
[I 260206 13:39:44 utils:462] 1 calibration files from EOS will be processed
[I 260206 13:39:47 utils:517] Processed 1/1 files
[I 260206 13:39:47 utils:596] 217827/225601 (96.6%) events passed binning range cut
[I 260206 13:39:47 utils:596] 187281/217827 (86.0%) events passed user cut
[I 260206 13:39:47 utils:596] 6681/187281 (3.6%) events passed 'IsMuon==1.0&DLLe<1.0' cut
[W 260206 13:39:47 utils:63] There are 2 empty bins in the total histogram! You might want to change the binning.
[W 260206 13:39:47 utils:97] There are 5 negative bins in the 'eff_IsMuon==1.0&DLLe<1.0' efficiency histogram! You might want to change the binning.
[I 260206 13:39:47 make_eff_histo_mod:239] Efficiency histogram of cut IsMuon==1.0&DLLe<1.0 saved to 'raw_histos/eTrueTo-2016/eTrueToMuTag_nom_vmu.pkl'
[I 260206 13:40:30 make_eff_histo_mod:189] Running PIDCalib2 make_eff_hists with the following config:
[I 260206 13:40:30 utils:117] ===============
[I 260206 13:40:30 utils:120] sample         : Electron16
[I 260206 13:40:30 utils:120] magnet         : both
[I 260206 13:40:30 utils:120] particle       : e_B_Jpsi
[I 260206 13:40:30 utils:120] pid_cuts       : ['IsMuon==0.0']
[I 260206 13:40:30 utils:120] cuts           : ['TRACK_GHOSTPROB < 0.5 & MuonUnbiased == 1.0 & InMuonAcc == 1.0']
[I 260206 13:40:30 utils:120] bin_vars       : ['Brunel_P', 'Brunel_ETA', 'nTracks']
[I 260206 13:40:30 utils:120] binning_file   : ./tmp/binning.json
[I 260206 13:40:30 utils:120] output_dir     : raw_histos/eTrueTo-2016
[I 260206 13:40:30 utils:120] verbose        : False
[I 260206 13:40:30 utils:120] pkl_name       : ['eTrueToMuTag_denom.pkl']
[I 260206 13:40:30 utils:120] version        : 1.0.6
[I 260206 13:40:30 utils:121] ===============
[I 260206 13:40:30 binning:205] Loading binnings from ./tmp/binning.json
[W 260206 13:40:30 binning:245] The following custom binnings are not being used: [{'particle': 'Pi', 'bin_var': 'Brunel_P'}, {'particle': 'Pi', 'bin_var': 'Brunel_ETA'}, {'particle': 'Pi', 'bin_var': 'nTracks_Brunel'}, {'particle': 'K', 'bin_var': 'Brunel_P'}, {'particle': 'K', 'bin_var': 'Brunel_ETA'}, {'particle': 'K', 'bin_var': 'nTracks_Brunel'}, {'particle': 'P', 'bin_var': 'Brunel_P'}, {'particle': 'P', 'bin_var': 'Brunel_ETA'}, {'particle': 'P', 'bin_var': 'nTracks_Brunel'}]
[I 260206 13:40:30 make_eff_histo_mod:215] Processing MapUp calibration samples
[I 260206 13:40:30 utils:461] Branches to be read: {'sWeight': 'probe_sWeight', 'IsMuon': 'probe_isMuon', 'Brunel_P': 'probe_Brunel_P', 'Brunel_ETA': 'probe_Brunel_ETA', 'nTracks': 'nTracks', 'TRACK_GHOSTPROB': 'probe_TRACK_GHOSTPROB', 'MuonUnbiased': 'probe_MuonUnbiased', 'InMuonAcc': 'probe_InMuonAcc'}
[I 260206 13:40:30 utils:462] 1 calibration files from EOS will be processed
[I 260206 13:40:32 utils:517] Processed 1/1 files
[I 260206 13:40:32 utils:596] 203698/210787 (96.6%) events passed binning range cut
[I 260206 13:40:32 utils:596] 173352/203698 (85.1%) events passed user cut
[I 260206 13:40:32 utils:596] 165552/173352 (95.5%) events passed 'IsMuon==0.0' cut
[I 260206 13:40:32 make_eff_histo_mod:220] Processing MagDown calibration samples
[I 260206 13:40:32 utils:461] Branches to be read: {'sWeight': 'probe_sWeight', 'IsMuon': 'probe_isMuon', 'Brunel_P': 'probe_Brunel_P', 'Brunel_ETA': 'probe_Brunel_ETA', 'nTracks': 'nTracks', 'TRACK_GHOSTPROB': 'probe_TRACK_GHOSTPROB', 'MuonUnbiased': 'probe_MuonUnbiased', 'InMuonAcc': 'probe_InMuonAcc'}
[I 260206 13:40:32 utils:462] 1 calibration files from EOS will be processed
[I 260206 13:40:34 utils:517] Processed 1/1 files
[I 260206 13:40:34 utils:596] 217827/225601 (96.6%) events passed binning range cut
[I 260206 13:40:34 utils:596] 187281/217827 (86.0%) events passed user cut
[I 260206 13:40:34 utils:596] 178571/187281 (95.3%) events passed 'IsMuon==0.0' cut
[W 260206 13:40:34 utils:63] There are 2 empty bins in the total histogram! You might want to change the binning.
[I 260206 13:40:34 make_eff_histo_mod:239] Efficiency histogram of cut IsMuon==0.0 saved to 'raw_histos/eTrueTo-2016/eTrueToMuTag_denom.pkl'

lb-conda pidcalib/2022-09-02 /afs/cern.ch/work/l/lmeyerga/misid-unfold/scripts/make_eff_histo_mod.py \
    --output-dir raw_histos/eTrueTo-2016 \
    --sample Electron16 --magnet both \
    --particle e_B_Jpsi \
    --binning-file ./tmp/binning.json \
    --cut "TRACK_GHOSTPROB < 0.5 & IsMuon == 0.0 & InMuonAcc == 1.0 & MuonUnbiased == 1.0" --pid-cut "Brunel_MC15TuneV1_ProbNNpi > 0.1 & Brunel_DLLK < 0.0 & Brunel_DLLp < 0.0 & Brunel_DLLe < 2.0 & Brunel_MC15TuneV1_ProbNNghost < 0.25" --pkl-name eTrueToPiTag.pkl --pid-cut "Brunel_MC15TuneV1_ProbNNk > 0.1 & Brunel_DLLK > 0.0 & (Brunel_DLLp - Brunel_DLLK) < 0.0 & (Brunel_DLLe - Brunel_DLLK) < -2.0 & Brunel_MC15TuneV1_ProbNNghost < 0.25" --pkl-name eTrueToKTag.pkl --pid-cut "Brunel_MC15TuneV1_ProbNNp > 0.1 & Brunel_DLLp > 0.0 & (Brunel_DLLp - Brunel_DLLK) > 2.0 & (Brunel_DLLe - Brunel_DLLp) < -2.0 & Brunel_MC15TuneV1_ProbNNghost < 0.25" --pkl-name eTrueToPTag.pkl --pid-cut "Brunel_DLLe > 2.0 & (Brunel_DLLe - Brunel_DLLK) > -2.0 & (Brunel_DLLe - Brunel_DLLp) > -2.0 & Brunel_MC15TuneV1_ProbNNghost < 0.25" --pkl-name eTrueToETag.pkl --pid-cut "(Brunel_MC15TuneV1_ProbNNpi > 0.1 & Brunel_DLLK < 0.0 & Brunel_DLLp < 0.0 & Brunel_DLLe < 2.0 & Brunel_MC15TuneV1_ProbNNghost < 0.25) == 0.0 & (Brunel_MC15TuneV1_ProbNNk > 0.1 & Brunel_DLLK > 0.0 & (Brunel_DLLp - Brunel_DLLK) < 0.0 & (Brunel_DLLe - Brunel_DLLK) < -2.0 & Brunel_MC15TuneV1_ProbNNghost < 0.25) == 0.0 & (Brunel_MC15TuneV1_ProbNNp > 0.1 & Brunel_DLLp > 0.0 & (Brunel_DLLp - Brunel_DLLK) > 2.0 & (Brunel_DLLe - Brunel_DLLp) < -2.0 & Brunel_MC15TuneV1_ProbNNghost < 0.25) == 0.0 & (Brunel_DLLe > 2.0 & (Brunel_DLLe - Brunel_DLLK) > -2.0 & (Brunel_DLLe - Brunel_DLLp) > -2.0 & Brunel_MC15TuneV1_ProbNNghost < 0.25) == 0.0" --pkl-name eTrueToGTag.pkl --bin-var Brunel_P --bin-var Brunel_ETA --bin-var nTracks


lb-conda pidcalib/2022-09-02 pidcalib2.pklhisto2root "raw_histos/eTrueTo-2016/eTrueToPiTag.pkl"


lb-conda pidcalib/2022-09-02 pidcalib2.pklhisto2root "raw_histos/eTrueTo-2016/eTrueToKTag.pkl"


lb-conda pidcalib/2022-09-02 pidcalib2.pklhisto2root "raw_histos/eTrueTo-2016/eTrueToPTag.pkl"


lb-conda pidcalib/2022-09-02 pidcalib2.pklhisto2root "raw_histos/eTrueTo-2016/eTrueToETag.pkl"


lb-conda pidcalib/2022-09-02 pidcalib2.pklhisto2root "raw_histos/eTrueTo-2016/eTrueToGTag.pkl"


cp "raw_histos/eTrueTo-2016/eTrueToPiTag.root" ./eTrueToPiTag.root


cp "raw_histos/eTrueTo-2016/eTrueToKTag.root" ./eTrueToKTag.root


cp "raw_histos/eTrueTo-2016/eTrueToPTag.root" ./eTrueToPTag.root


cp "raw_histos/eTrueTo-2016/eTrueToETag.root" ./eTrueToETag.root


cp "raw_histos/eTrueTo-2016/eTrueToGTag.root" ./eTrueToGTag.root


lb-conda pidcalib/2022-09-02 /afs/cern.ch/work/l/lmeyerga/misid-unfold/scripts/make_eff_histo_mod.py \
    --output-dir raw_histos/eTrueTo-2016 \
    --sample Electron16 --magnet both \
    --particle e_B_Jpsi \
    --binning-file ./tmp/binning.json \
    --cut "TRACK_GHOSTPROB < 0.5 & MuonUnbiased == 1.0 & InMuonAcc == 1.0" --pid-cut "IsMuon == 1.0 & DLLe < 1.0" --pkl-name eTrueToMuTag_nom.pkl --bin-var Brunel_P --bin-var Brunel_ETA --bin-var nTracks


lb-conda pidcalib/2022-09-02 pidcalib2.pklhisto2root "raw_histos/eTrueTo-2016/eTrueToPiTag.pkl"


lb-conda pidcalib/2022-09-02 pidcalib2.pklhisto2root "raw_histos/eTrueTo-2016/eTrueToKTag.pkl"


lb-conda pidcalib/2022-09-02 pidcalib2.pklhisto2root "raw_histos/eTrueTo-2016/eTrueToPTag.pkl"


lb-conda pidcalib/2022-09-02 pidcalib2.pklhisto2root "raw_histos/eTrueTo-2016/eTrueToETag.pkl"


lb-conda pidcalib/2022-09-02 pidcalib2.pklhisto2root "raw_histos/eTrueTo-2016/eTrueToGTag.pkl"


lb-conda pidcalib/2022-09-02 pidcalib2.pklhisto2root "raw_histos/eTrueTo-2016/eTrueToMuTag_nom.pkl"


cp "raw_histos/eTrueTo-2016/eTrueToPiTag.root" ./eTrueToPiTag.root


cp "raw_histos/eTrueTo-2016/eTrueToKTag.root" ./eTrueToKTag.root


cp "raw_histos/eTrueTo-2016/eTrueToPTag.root" ./eTrueToPTag.root


cp "raw_histos/eTrueTo-2016/eTrueToETag.root" ./eTrueToETag.root


cp "raw_histos/eTrueTo-2016/eTrueToGTag.root" ./eTrueToGTag.root


cp "raw_histos/eTrueTo-2016/eTrueToMuTag_nom.root" ./eTrueToMuTag_nom.root


lb-conda pidcalib/2022-09-02 /afs/cern.ch/work/l/lmeyerga/misid-unfold/scripts/make_eff_histo_mod.py \
    --output-dir raw_histos/eTrueTo-2016 \
    --sample Electron16 --magnet both \
    --particle e_B_Jpsi \
    --binning-file ./tmp/binning.json \
    --cut "TRACK_GHOSTPROB < 0.5 & MuonUnbiased == 1.0 & InMuonAcc == 1.0" --pid-cut "IsMuon == 1.0 & DLLe < 1.0" --pkl-name eTrueToMuTag_nom_vmu.pkl --bin-var Brunel_P --bin-var Brunel_ETA --bin-var nTracks


lb-conda pidcalib/2022-09-02 pidcalib2.pklhisto2root "raw_histos/eTrueTo-2016/eTrueToPiTag.pkl"


lb-conda pidcalib/2022-09-02 pidcalib2.pklhisto2root "raw_histos/eTrueTo-2016/eTrueToKTag.pkl"


lb-conda pidcalib/2022-09-02 pidcalib2.pklhisto2root "raw_histos/eTrueTo-2016/eTrueToPTag.pkl"


lb-conda pidcalib/2022-09-02 pidcalib2.pklhisto2root "raw_histos/eTrueTo-2016/eTrueToETag.pkl"


lb-conda pidcalib/2022-09-02 pidcalib2.pklhisto2root "raw_histos/eTrueTo-2016/eTrueToGTag.pkl"


lb-conda pidcalib/2022-09-02 pidcalib2.pklhisto2root "raw_histos/eTrueTo-2016/eTrueToMuTag_nom.pkl"


lb-conda pidcalib/2022-09-02 pidcalib2.pklhisto2root "raw_histos/eTrueTo-2016/eTrueToMuTag_nom_vmu.pkl"


cp "raw_histos/eTrueTo-2016/eTrueToPiTag.root" ./eTrueToPiTag.root


cp "raw_histos/eTrueTo-2016/eTrueToKTag.root" ./eTrueToKTag.root


cp "raw_histos/eTrueTo-2016/eTrueToPTag.root" ./eTrueToPTag.root


cp "raw_histos/eTrueTo-2016/eTrueToETag.root" ./eTrueToETag.root


cp "raw_histos/eTrueTo-2016/eTrueToGTag.root" ./eTrueToGTag.root


cp "raw_histos/eTrueTo-2016/eTrueToMuTag_nom.root" ./eTrueToMuTag_nom.root


cp "raw_histos/eTrueTo-2016/eTrueToMuTag_nom_vmu.root" ./eTrueToMuTag_nom_vmu.root


lb-conda pidcalib/2022-09-02 /afs/cern.ch/work/l/lmeyerga/misid-unfold/scripts/make_eff_histo_mod.py \
    --output-dir raw_histos/eTrueTo-2016 \
    --sample Electron16 --magnet both \
    --particle e_B_Jpsi \
    --binning-file ./tmp/binning.json \
    --cut "TRACK_GHOSTPROB < 0.5 & MuonUnbiased == 1.0 & InMuonAcc == 1.0" --pid-cut "IsMuon == 0.0" --pkl-name eTrueToMuTag_denom.pkl --bin-var Brunel_P --bin-var Brunel_ETA --bin-var nTracks


lb-conda pidcalib/2022-09-02 pidcalib2.pklhisto2root "raw_histos/eTrueTo-2016/eTrueToPiTag.pkl"


lb-conda pidcalib/2022-09-02 pidcalib2.pklhisto2root "raw_histos/eTrueTo-2016/eTrueToKTag.pkl"


lb-conda pidcalib/2022-09-02 pidcalib2.pklhisto2root "raw_histos/eTrueTo-2016/eTrueToPTag.pkl"


lb-conda pidcalib/2022-09-02 pidcalib2.pklhisto2root "raw_histos/eTrueTo-2016/eTrueToETag.pkl"


lb-conda pidcalib/2022-09-02 pidcalib2.pklhisto2root "raw_histos/eTrueTo-2016/eTrueToGTag.pkl"


lb-conda pidcalib/2022-09-02 pidcalib2.pklhisto2root "raw_histos/eTrueTo-2016/eTrueToMuTag_nom.pkl"


lb-conda pidcalib/2022-09-02 pidcalib2.pklhisto2root "raw_histos/eTrueTo-2016/eTrueToMuTag_nom_vmu.pkl"


lb-conda pidcalib/2022-09-02 pidcalib2.pklhisto2root "raw_histos/eTrueTo-2016/eTrueToMuTag_denom.pkl"


cp "raw_histos/eTrueTo-2016/eTrueToPiTag.root" ./eTrueToPiTag.root


cp "raw_histos/eTrueTo-2016/eTrueToKTag.root" ./eTrueToKTag.root


cp "raw_histos/eTrueTo-2016/eTrueToPTag.root" ./eTrueToPTag.root


cp "raw_histos/eTrueTo-2016/eTrueToETag.root" ./eTrueToETag.root


cp "raw_histos/eTrueTo-2016/eTrueToGTag.root" ./eTrueToGTag.root


cp "raw_histos/eTrueTo-2016/eTrueToMuTag_nom.root" ./eTrueToMuTag_nom.root


cp "raw_histos/eTrueTo-2016/eTrueToMuTag_nom_vmu.root" ./eTrueToMuTag_nom_vmu.root


cp "raw_histos/eTrueTo-2016/eTrueToMuTag_denom.root" ./eTrueToMuTag_denom.root

