INFO Using Run 1 RDx Analysis cuts
INFO Output will be saved in ./gen/rdx-26_04_13_17_33-pidcalib_sel_effs/
INFO Output will be saved in ./gen/rdx-26_04_13_17_33-pidcalib_sel_effs/pidcalib_sel_effs.yml
INFO Producing iso_ctrl selection efficiencies
INFO Selecting k
INFO Reading 2016 ntuples
INFO Opened MC files:
  - ntuples/0.9.17-Bd_DstX/bd_dstx_mc-misid_corrections-k/Dst_ANNK--25_09_19--mc--11774014--2016--md--bd_dstx.root
  - ntuples/0.9.17-Bd_DstX/bd_dstx_mc-misid_corrections-k/Dst_ANNK--25_09_19--mc--11774014--2016--mu--bd_dstx.root
INFO Setting input branches 
INFO Starting MC event loop over 3493635 entries
INFO Reading 2017 ntuples
INFO Opened MC files:
  - ntuples/0.9.17-Bd_DstX/bd_dstx_mc-misid_corrections-k/Dst_ANNK--25_09_19--mc--11774014--2017--md--bd_dstx.root
  - ntuples/0.9.17-Bd_DstX/bd_dstx_mc-misid_corrections-k/Dst_ANNK--25_09_19--mc--11774014--2017--mu--bd_dstx.root
INFO Setting input branches 
INFO Starting MC event loop over 3471335 entries
INFO Reading 2018 ntuples
INFO Opened MC files:
  - ntuples/0.9.17-Bd_DstX/bd_dstx_mc-misid_corrections-k/Dst_ANNK--25_09_19--mc--11774014--2018--md--bd_dstx.root
  - ntuples/0.9.17-Bd_DstX/bd_dstx_mc-misid_corrections-k/Dst_ANNK--25_09_19--mc--11774014--2018--mu--bd_dstx.root
INFO Setting input branches 
INFO Starting MC event loop over 3473352 entries
Info in <TCanvas::Print>: pdf file ./gen/rdx-26_04_13_17_33-pidcalib_sel_effs//h2_d0m_dm_k_iso_ctrl_0_0_0.pdf has been created
Info in <TCanvas::Print>: pdf file ./gen/rdx-26_04_13_17_33-pidcalib_sel_effs//h2_d0m_dm_k_iso_ctrl_0_0_1.pdf has been created
Info in <TCanvas::Print>: pdf file ./gen/rdx-26_04_13_17_33-pidcalib_sel_effs//h2_d0m_dm_k_iso_ctrl_0_0_2.pdf has been created
Info in <TCanvas::Print>: pdf file ./gen/rdx-26_04_13_17_33-pidcalib_sel_effs//h2_d0m_dm_k_iso_ctrl_0_0_3.pdf has been created
Info in <TCanvas::Print>: pdf file ./gen/rdx-26_04_13_17_33-pidcalib_sel_effs//h2_d0m_dm_k_iso_ctrl_0_0_4.pdf has been created
Info in <TCanvas::Print>: pdf file ./gen/rdx-26_04_13_17_33-pidcalib_sel_effs//h2_d0m_dm_k_iso_ctrl_0_0_5.pdf has been created
Info in <TCanvas::Print>: pdf file ./gen/rdx-26_04_13_17_33-pidcalib_sel_effs//h2_d0m_dm_k_iso_ctrl_0_1_0.pdf has been created
Info in <TCanvas::Print>: pdf file ./gen/rdx-26_04_13_17_33-pidcalib_sel_effs//h2_d0m_dm_k_iso_ctrl_0_1_1.pdf has been created
Info in <TCanvas::Print>: pdf file ./gen/rdx-26_04_13_17_33-pidcalib_sel_effs//h2_d0m_dm_k_iso_ctrl_0_1_2.pdf has been created
Info in <TCanvas::Print>: pdf file ./gen/rdx-26_04_13_17_33-pidcalib_sel_effs//h2_d0m_dm_k_iso_ctrl_0_1_3.pdf has been created
Info in <TCanvas::Print>: pdf file ./gen/rdx-26_04_13_17_33-pidcalib_sel_effs//h2_d0m_dm_k_iso_ctrl_0_1_4.pdf has been created
Info in <TCanvas::Print>: pdf file ./gen/rdx-26_04_13_17_33-pidcalib_sel_effs//h2_d0m_dm_k_iso_ctrl_0_1_5.pdf has been created
Info in <TCanvas::Print>: pdf file ./gen/rdx-26_04_13_17_33-pidcalib_sel_effs//h2_d0m_dm_k_iso_ctrl_1_0_0.pdf has been created
Info in <TCanvas::Print>: pdf file ./gen/rdx-26_04_13_17_33-pidcalib_sel_effs//h2_d0m_dm_k_iso_ctrl_1_0_1.pdf has been created
Info in <TCanvas::Print>: pdf file ./gen/rdx-26_04_13_17_33-pidcalib_sel_effs//h2_d0m_dm_k_iso_ctrl_1_0_2.pdf has been created
Info in <TCanvas::Print>: pdf file ./gen/rdx-26_04_13_17_33-pidcalib_sel_effs//h2_d0m_dm_k_iso_ctrl_1_0_3.pdf has been created
Info in <TCanvas::Print>: pdf file ./gen/rdx-26_04_13_17_33-pidcalib_sel_effs//h2_d0m_dm_k_iso_ctrl_1_0_4.pdf has been created
Info in <TCanvas::Print>: pdf file ./gen/rdx-26_04_13_17_33-pidcalib_sel_effs//h2_d0m_dm_k_iso_ctrl_1_0_5.pdf has been created
Info in <TCanvas::Print>: pdf file ./gen/rdx-26_04_13_17_33-pidcalib_sel_effs//h2_d0m_dm_k_iso_ctrl_1_1_0.pdf has been created
Info in <TCanvas::Print>: pdf file ./gen/rdx-26_04_13_17_33-pidcalib_sel_effs//h2_d0m_dm_k_iso_ctrl_1_1_1.pdf has been created
Info in <TCanvas::Print>: pdf file ./gen/rdx-26_04_13_17_33-pidcalib_sel_effs//h2_d0m_dm_k_iso_ctrl_1_1_2.pdf has been created
Info in <TCanvas::Print>: pdf file ./gen/rdx-26_04_13_17_33-pidcalib_sel_effs//h2_d0m_dm_k_iso_ctrl_1_1_3.pdf has been created
Info in <TCanvas::Print>: pdf file ./gen/rdx-26_04_13_17_33-pidcalib_sel_effs//h2_d0m_dm_k_iso_ctrl_1_1_4.pdf has been created
Info in <TCanvas::Print>: pdf file ./gen/rdx-26_04_13_17_33-pidcalib_sel_effs//h2_d0m_dm_k_iso_ctrl_1_1_5.pdf has been created

INFO Bin 0 0 0
INFO - Passed dif up:  18.0147 + 2.44606 - 2.21174% (49 / 272)
INFO - Passed dif dw:  57.3146 + 2.19743 - 2.22669% (286 / 499)
INFO - Passed non-dif: 67.76 + 0.0980279 - 0.0981844% (153797 / 226973)
INFO - Failed dif:     66.349 + 0.359236 - 0.361136% (11418 / 17209)
INFO - Failed non-dif: 67.76 + 0.0980279 - 0.0981844% (153797 / 226973)

INFO Bin 0 0 1
INFO - Passed dif up:  26.5372 + 2.58456 - 2.43318% (82 / 309)
INFO - Passed dif dw:  62.4 + 1.91626 - 1.95588% (390 / 625)
INFO - Passed non-dif: 72.8559 + 0.0617735 - 0.0618618% (377033 / 517505)
INFO - Failed dif:     70.7017 + 0.289522 - 0.291207% (17370 / 24568)
INFO - Failed non-dif: 72.8559 + 0.0617735 - 0.0618618% (377033 / 517505)

INFO Bin 0 0 2
INFO - Passed dif up:  28.0443 + 2.80568 - 2.64425% (76 / 271)
INFO - Passed dif dw:  38.5081 + 2.20601 - 2.15976% (191 / 496)
INFO - Passed non-dif: 67.4694 + 0.0529197 - 0.0529643% (528329 / 783065)
INFO - Failed dif:     63.0284 + 0.301361 - 0.30238% (16117 / 25571)
INFO - Failed non-dif: 67.4694 + 0.0529197 - 0.0529643% (528329 / 783065)

INFO Bin 0 0 3
INFO - Passed dif up:  36.7491 + 2.9079 - 2.81459% (104 / 283)
INFO - Passed dif dw:  31.1734 + 1.96994 - 1.90411% (178 / 571)
INFO - Passed non-dif: 68.1246 + 0.0402798 - 0.0403069% (911166 / 1337500)
INFO - Failed dif:     58.1864 + 0.283377 - 0.283918% (17595 / 30239)
INFO - Failed non-dif: 68.1246 + 0.0402798 - 0.0403069% (911166 / 1337500)

INFO Bin 0 0 4
INFO - Passed dif up:  47.3934 + 3.44166 - 3.41707% (100 / 211)
INFO - Passed dif dw:  56.7543 + 1.0604 - 1.06663% (1231 / 2169)
INFO - Passed non-dif: 79.5124 + 0.0351105 - 0.0351553% (1049380 / 1319769)
INFO - Failed dif:     60.7012 + 0.357577 - 0.358727% (11288 / 18596)
INFO - Failed non-dif: 79.5124 + 0.0351105 - 0.0351553% (1049380 / 1319769)

INFO Bin 0 0 5
INFO - Passed dif up:  40.9091 + 10.6548 - 9.86431% (9 / 22)
INFO - Passed dif dw:  64.129 + 1.70363 - 1.74005% (497 / 775)
INFO - Passed non-dif: 84.0682 + 0.0780991 - 0.0784106% (183868 / 218713)
INFO - Failed dif:     52.253 + 1.40204 - 1.4056% (661 / 1265)
INFO - Failed non-dif: 84.0682 + 0.0780991 - 0.0784106% (183868 / 218713)

INFO Bin 0 1 0
INFO - Passed dif up:  0 + 0.78125 - 0% (0 / 127)
INFO - Passed dif dw:  6.11702 + 1.3561 - 1.1233% (23 / 376)
INFO - Passed non-dif: 11.3475 + 0.136476 - 0.135059% (6193 / 54576)
INFO - Failed dif:     10.4694 + 0.507645 - 0.486801% (397 / 3792)
INFO - Failed non-dif: 11.3475 + 0.136476 - 0.135059% (6193 / 54576)

INFO Bin 0 1 1
INFO - Passed dif up:  5.5 + 1.84461 - 1.40182% (11 / 200)
INFO - Passed dif dw:  32.7476 + 1.90189 - 1.84686% (205 / 626)
INFO - Passed non-dif: 47.2423 + 0.133142 - 0.133103% (66442 / 140641)
INFO - Failed dif:     47.3429 + 0.657311 - 0.656392% (2735 / 5777)
INFO - Failed non-dif: 47.2423 + 0.133142 - 0.133103% (66442 / 140641)

INFO Bin 0 1 2
INFO - Passed dif up:  12.4378 + 2.51534 - 2.14344% (25 / 201)
INFO - Passed dif dw:  42.7419 + 1.9969 - 1.97353% (265 / 620)
INFO - Passed non-dif: 53.9948 + 0.0997466 - 0.0997786% (134764 / 249587)
INFO - Failed dif:     51.3229 + 0.595899 - 0.596275% (3608 / 7030)
INFO - Failed non-dif: 53.9948 + 0.0997466 - 0.0997786% (134764 / 249587)

INFO Bin 0 1 3
INFO - Passed dif up:  16.3043 + 2.90416 - 2.53988% (30 / 184)
INFO - Passed dif dw:  38.0832 + 1.73837 - 1.70836% (302 / 793)
INFO - Passed non-dif: 51.6186 + 0.0676705 - 0.0676764% (281484 / 545315)
INFO - Failed dif:     46.5138 + 0.487769 - 0.487103% (4870 / 10470)
INFO - Failed non-dif: 51.6186 + 0.0676705 - 0.0676764% (281484 / 545315)

INFO Bin 0 1 4
INFO - Passed dif up:  28.5714 + 2.88529 - 2.72045% (74 / 259)
INFO - Passed dif dw:  44.1992 + 1.1279 - 1.12195% (861 / 1948)
INFO - Passed non-dif: 62.3759 + 0.0460449 - 0.0460673% (690120 / 1106389)
INFO - Failed dif:     49.9832 + 0.458216 - 0.458213% (5951 / 11906)
INFO - Failed non-dif: 62.3759 + 0.0460449 - 0.0460673% (690120 / 1106389)

INFO Bin 0 1 5
INFO - Passed dif up:  31.1688 + 5.4915 - 5.00865% (24 / 77)
INFO - Passed dif dw:  63.1383 + 1.45721 - 1.48159% (680 / 1077)
INFO - Passed non-dif: 77.6886 + 0.0595363 - 0.0596498% (379184 / 488082)
INFO - Failed dif:     57.4425 + 0.989843 - 0.995845% (1424 / 2479)
INFO - Failed non-dif: 77.6886 + 0.0595363 - 0.0596498% (379184 / 488082)

INFO Bin 1 0 0
INFO - Passed dif up:  18.0147 + 2.44606 - 2.21174% (49 / 272)
INFO - Passed dif dw:  57.3146 + 2.19743 - 2.22669% (286 / 499)
INFO - Passed non-dif: 69.1286 + 0.217494 - 0.218345% (31065 / 44938)
INFO - Failed dif:     66.349 + 0.359236 - 0.361136% (11418 / 17209)
INFO - Failed non-dif: 69.1286 + 0.217494 - 0.218345% (31065 / 44938)

INFO Bin 1 0 1
INFO - Passed dif up:  26.5372 + 2.58456 - 2.43318% (82 / 309)
INFO - Passed dif dw:  62.4 + 1.91626 - 1.95588% (390 / 625)
INFO - Passed non-dif: 73.9861 + 0.135243 - 0.1357% (77590 / 104871)
INFO - Failed dif:     70.7017 + 0.289522 - 0.291207% (17370 / 24568)
INFO - Failed non-dif: 73.9861 + 0.135243 - 0.1357% (77590 / 104871)

INFO Bin 1 0 2
INFO - Passed dif up:  28.0443 + 2.80568 - 2.64425% (76 / 271)
INFO - Passed dif dw:  38.5081 + 2.20601 - 2.15976% (191 / 496)
INFO - Passed non-dif: 68.6664 + 0.115204 - 0.115435% (111094 / 161788)
INFO - Failed dif:     63.0284 + 0.301361 - 0.30238% (16117 / 25571)
INFO - Failed non-dif: 68.6664 + 0.115204 - 0.115435% (111094 / 161788)

INFO Bin 1 0 3
INFO - Passed dif up:  36.7491 + 2.9079 - 2.81459% (104 / 283)
INFO - Passed dif dw:  31.1734 + 1.96994 - 1.90411% (178 / 571)
INFO - Passed non-dif: 68.3225 + 0.0881095 - 0.0882411% (190188 / 278368)
INFO - Failed dif:     58.1864 + 0.283377 - 0.283918% (17595 / 30239)
INFO - Failed non-dif: 68.3225 + 0.0881095 - 0.0882411% (190188 / 278368)

INFO Bin 1 0 4
INFO - Passed dif up:  47.3934 + 3.44166 - 3.41707% (100 / 211)
INFO - Passed dif dw:  56.7543 + 1.0604 - 1.06663% (1231 / 2169)
INFO - Passed non-dif: 79.0814 + 0.0754693 - 0.0756701% (229079 / 289675)
INFO - Failed dif:     60.7012 + 0.357577 - 0.358727% (11288 / 18596)
INFO - Failed non-dif: 79.0814 + 0.0754693 - 0.0756701% (229079 / 289675)

INFO Bin 1 0 5
INFO - Passed dif up:  40.9091 + 10.6548 - 9.86431% (9 / 22)
INFO - Passed dif dw:  64.129 + 1.70363 - 1.74005% (497 / 775)
INFO - Passed non-dif: 83.5996 + 0.16199 - 0.163286% (43333 / 51834)
INFO - Failed dif:     52.253 + 1.40204 - 1.4056% (661 / 1265)
INFO - Failed non-dif: 83.5996 + 0.16199 - 0.163286% (43333 / 51834)

INFO Bin 1 1 0
INFO - Passed dif up:  0 + 0.78125 - 0% (0 / 127)
INFO - Passed dif dw:  6.11702 + 1.3561 - 1.1233% (23 / 376)
INFO - Passed non-dif: 12.0671 + 0.323591 - 0.316274% (1251 / 10367)
INFO - Failed dif:     10.4694 + 0.507645 - 0.486801% (397 / 3792)
INFO - Failed non-dif: 12.0671 + 0.323591 - 0.316274% (1251 / 10367)

INFO Bin 1 1 1
INFO - Passed dif up:  5.5 + 1.84461 - 1.40182% (11 / 200)
INFO - Passed dif dw:  32.7476 + 1.90189 - 1.84686% (205 / 626)
INFO - Passed non-dif: 48.0003 + 0.30159 - 0.301444% (13178 / 27454)
INFO - Failed dif:     47.3429 + 0.657311 - 0.656392% (2735 / 5777)
INFO - Failed non-dif: 48.0003 + 0.30159 - 0.301444% (13178 / 27454)

INFO Bin 1 1 2
INFO - Passed dif up:  12.4378 + 2.51534 - 2.14344% (25 / 201)
INFO - Passed dif dw:  42.7419 + 1.9969 - 1.97353% (265 / 620)
INFO - Passed non-dif: 55.531 + 0.22455 - 0.224776% (27168 / 48924)
INFO - Failed dif:     51.3229 + 0.595899 - 0.596275% (3608 / 7030)
INFO - Failed non-dif: 55.531 + 0.22455 - 0.224776% (27168 / 48924)

INFO Bin 1 1 3
INFO - Passed dif up:  16.3043 + 2.90416 - 2.53988% (30 / 184)
INFO - Passed dif dw:  38.0832 + 1.73837 - 1.70836% (302 / 793)
INFO - Passed non-dif: 53.3523 + 0.152265 - 0.152328% (57247 / 107300)
INFO - Failed dif:     46.5138 + 0.487769 - 0.487103% (4870 / 10470)
INFO - Failed non-dif: 53.3523 + 0.152265 - 0.152328% (57247 / 107300)

INFO Bin 1 1 4
INFO - Passed dif up:  28.5714 + 2.88529 - 2.72045% (74 / 259)
INFO - Passed dif dw:  44.1992 + 1.1279 - 1.12195% (861 / 1948)
INFO - Passed non-dif: 63.555 + 0.101515 - 0.101636% (142679 / 224497)
INFO - Failed dif:     49.9832 + 0.458216 - 0.458213% (5951 / 11906)
INFO - Failed non-dif: 63.555 + 0.101515 - 0.101636% (142679 / 224497)

INFO Bin 1 1 5
INFO - Passed dif up:  31.1688 + 5.4915 - 5.00865% (24 / 77)
INFO - Passed dif dw:  63.1383 + 1.45721 - 1.48159% (680 / 1077)
INFO - Passed non-dif: 77.1026 + 0.129416 - 0.129932% (80950 / 104990)
INFO - Failed dif:     57.4425 + 0.989843 - 0.995845% (1424 / 2479)
INFO - Failed non-dif: 77.1026 + 0.129416 - 0.129932% (80950 / 104990)
INFO Selecting pi
INFO Reading 2016 ntuples
INFO Opened MC files:
  - ntuples/0.9.17-Bd_DstX/bd_dstx_mc-misid_corrections-pi/Dst_ANNPi--25_09_19--mc--11774014--2016--md--bd_dstx.root
  - ntuples/0.9.17-Bd_DstX/bd_dstx_mc-misid_corrections-pi/Dst_ANNPi--25_09_19--mc--11774014--2016--mu--bd_dstx.root
INFO Setting input branches 
INFO Starting MC event loop over 3493635 entries
INFO Reading 2017 ntuples
INFO Opened MC files:
  - ntuples/0.9.17-Bd_DstX/bd_dstx_mc-misid_corrections-pi/Dst_ANNPi--25_09_19--mc--11774014--2017--md--bd_dstx.root
  - ntuples/0.9.17-Bd_DstX/bd_dstx_mc-misid_corrections-pi/Dst_ANNPi--25_09_19--mc--11774014--2017--mu--bd_dstx.root
INFO Setting input branches 
INFO Starting MC event loop over 3471335 entries
INFO Reading 2018 ntuples
INFO Opened MC files:
  - ntuples/0.9.17-Bd_DstX/bd_dstx_mc-misid_corrections-pi/Dst_ANNPi--25_09_19--mc--11774014--2018--md--bd_dstx.root
  - ntuples/0.9.17-Bd_DstX/bd_dstx_mc-misid_corrections-pi/Dst_ANNPi--25_09_19--mc--11774014--2018--mu--bd_dstx.root
INFO Setting input branches 
INFO Starting MC event loop over 3473352 entries
Info in <TCanvas::Print>: pdf file ./gen/rdx-26_04_13_17_33-pidcalib_sel_effs//h2_d0m_dm_pi_iso_ctrl_0_0_0.pdf has been created
Info in <TCanvas::Print>: pdf file ./gen/rdx-26_04_13_17_33-pidcalib_sel_effs//h2_d0m_dm_pi_iso_ctrl_0_0_1.pdf has been created
Info in <TCanvas::Print>: pdf file ./gen/rdx-26_04_13_17_33-pidcalib_sel_effs//h2_d0m_dm_pi_iso_ctrl_0_0_2.pdf has been created
Info in <TCanvas::Print>: pdf file ./gen/rdx-26_04_13_17_33-pidcalib_sel_effs//h2_d0m_dm_pi_iso_ctrl_0_0_3.pdf has been created
Info in <TCanvas::Print>: pdf file ./gen/rdx-26_04_13_17_33-pidcalib_sel_effs//h2_d0m_dm_pi_iso_ctrl_0_0_4.pdf has been created
Info in <TCanvas::Print>: pdf file ./gen/rdx-26_04_13_17_33-pidcalib_sel_effs//h2_d0m_dm_pi_iso_ctrl_0_0_5.pdf has been created
Info in <TCanvas::Print>: pdf file ./gen/rdx-26_04_13_17_33-pidcalib_sel_effs//h2_d0m_dm_pi_iso_ctrl_0_1_0.pdf has been created
Info in <TCanvas::Print>: pdf file ./gen/rdx-26_04_13_17_33-pidcalib_sel_effs//h2_d0m_dm_pi_iso_ctrl_0_1_1.pdf has been created
Info in <TCanvas::Print>: pdf file ./gen/rdx-26_04_13_17_33-pidcalib_sel_effs//h2_d0m_dm_pi_iso_ctrl_0_1_2.pdf has been created
Info in <TCanvas::Print>: pdf file ./gen/rdx-26_04_13_17_33-pidcalib_sel_effs//h2_d0m_dm_pi_iso_ctrl_0_1_3.pdf has been created
Info in <TCanvas::Print>: pdf file ./gen/rdx-26_04_13_17_33-pidcalib_sel_effs//h2_d0m_dm_pi_iso_ctrl_0_1_4.pdf has been created
Info in <TCanvas::Print>: pdf file ./gen/rdx-26_04_13_17_33-pidcalib_sel_effs//h2_d0m_dm_pi_iso_ctrl_0_1_5.pdf has been created
Info in <TCanvas::Print>: pdf file ./gen/rdx-26_04_13_17_33-pidcalib_sel_effs//h2_d0m_dm_pi_iso_ctrl_1_0_0.pdf has been created
Info in <TCanvas::Print>: pdf file ./gen/rdx-26_04_13_17_33-pidcalib_sel_effs//h2_d0m_dm_pi_iso_ctrl_1_0_1.pdf has been created
Info in <TCanvas::Print>: pdf file ./gen/rdx-26_04_13_17_33-pidcalib_sel_effs//h2_d0m_dm_pi_iso_ctrl_1_0_2.pdf has been created
Info in <TCanvas::Print>: pdf file ./gen/rdx-26_04_13_17_33-pidcalib_sel_effs//h2_d0m_dm_pi_iso_ctrl_1_0_3.pdf has been created
Info in <TCanvas::Print>: pdf file ./gen/rdx-26_04_13_17_33-pidcalib_sel_effs//h2_d0m_dm_pi_iso_ctrl_1_0_4.pdf has been created
Info in <TCanvas::Print>: pdf file ./gen/rdx-26_04_13_17_33-pidcalib_sel_effs//h2_d0m_dm_pi_iso_ctrl_1_0_5.pdf has been created
Info in <TCanvas::Print>: pdf file ./gen/rdx-26_04_13_17_33-pidcalib_sel_effs//h2_d0m_dm_pi_iso_ctrl_1_1_0.pdf has been created
Info in <TCanvas::Print>: pdf file ./gen/rdx-26_04_13_17_33-pidcalib_sel_effs//h2_d0m_dm_pi_iso_ctrl_1_1_1.pdf has been created
Info in <TCanvas::Print>: pdf file ./gen/rdx-26_04_13_17_33-pidcalib_sel_effs//h2_d0m_dm_pi_iso_ctrl_1_1_2.pdf has been created
Info in <TCanvas::Print>: pdf file ./gen/rdx-26_04_13_17_33-pidcalib_sel_effs//h2_d0m_dm_pi_iso_ctrl_1_1_3.pdf has been created
Info in <TCanvas::Print>: pdf file ./gen/rdx-26_04_13_17_33-pidcalib_sel_effs//h2_d0m_dm_pi_iso_ctrl_1_1_4.pdf has been created
Info in <TCanvas::Print>: pdf file ./gen/rdx-26_04_13_17_33-pidcalib_sel_effs//h2_d0m_dm_pi_iso_ctrl_1_1_5.pdf has been created

INFO Bin 0 0 0
INFO - Passed dif up:  8.83546 + 0.495049 - 0.471206% (305 / 3452)
INFO - Passed dif dw:  4.86453 + 0.562159 - 0.506607% (79 / 1624)
INFO - Passed non-dif: 70.9134 + 0.0679875 - 0.0680814% (316003 / 445618)
INFO - Failed dif:     57.5935 + 0.395609 - 0.396584% (8965 / 15566)
INFO - Failed non-dif: 70.9134 + 0.0679875 - 0.0680814% (316003 / 445618)

INFO Bin 0 0 1
INFO - Passed dif up:  7.96122 + 0.476402 - 0.45171% (271 / 3404)
INFO - Passed dif dw:  33.4566 + 0.800455 - 0.791045% (1176 / 3515)
INFO - Passed non-dif: 72.7814 + 0.0541191 - 0.0541866% (491658 / 675527)
INFO - Failed dif:     60.0575 + 0.456245 - 0.457997% (6894 / 11479)
INFO - Failed non-dif: 72.7814 + 0.0541191 - 0.0541866% (491658 / 675527)

INFO Bin 0 0 2
INFO - Passed dif up:  7.92748 + 0.524467 - 0.494565% (223 / 2813)
INFO - Passed dif dw:  45.7724 + 0.666099 - 0.664591% (2566 / 5606)
INFO - Passed non-dif: 68.4363 + 0.0506697 - 0.0507136% (575291 / 840623)
INFO - Failed dif:     51.3256 + 0.63523 - 0.635658% (3175 / 6186)
INFO - Failed non-dif: 68.4363 + 0.0506697 - 0.0507136% (575291 / 840623)

INFO Bin 0 0 3
INFO - Passed dif up:  10.6471 + 0.678903 - 0.642799% (232 / 2179)
INFO - Passed dif dw:  51.8707 + 0.585704 - 0.586218% (3771 / 7270)
INFO - Passed non-dif: 68.7503 + 0.0407044 - 0.0407333% (890848 / 1295774)
INFO - Failed dif:     45.6339 + 0.751038 - 0.749058% (2012 / 4409)
INFO - Failed non-dif: 68.7503 + 0.0407044 - 0.0407333% (890848 / 1295774)

INFO Bin 0 0 4
INFO - Passed dif up:  15.9609 + 1.24364 - 1.1698% (147 / 921)
INFO - Passed dif dw:  64.7975 + 0.709078 - 0.715662% (2912 / 4494)
INFO - Passed non-dif: 79.4571 + 0.0369891 - 0.0370385% (946671 / 1191424)
INFO - Failed dif:     43.0514 + 1.36553 - 1.35504% (570 / 1324)
INFO - Failed non-dif: 79.4571 + 0.0369891 - 0.0370385% (946671 / 1191424)

INFO Bin 0 0 5
INFO - Passed dif up:  22.2222 + 6.13359 - 5.12349% (12 / 54)
INFO - Passed dif dw:  70.0288 + 2.39896 - 2.51407% (243 / 347)
INFO - Passed non-dif: 84.2574 + 0.0854793 - 0.0858584% (152281 / 180733)
INFO - Failed dif:     42.3529 + 5.41787 - 5.24003% (36 / 85)
INFO - Failed non-dif: 84.2574 + 0.0854793 - 0.0858584% (152281 / 180733)

INFO Bin 0 1 0
INFO - Passed dif up:  1.00251 + 0.635445 - 0.390457% (4 / 399)
INFO - Passed dif dw:  4.09357 + 1.21204 - 0.944363% (14 / 342)
INFO - Passed non-dif: 15.4763 + 0.169087 - 0.167591% (7144 / 46161)
INFO - Failed dif:     10.3399 + 0.838559 - 0.782423% (146 / 1412)
INFO - Failed non-dif: 15.4763 + 0.169087 - 0.167591% (7144 / 46161)

INFO Bin 0 1 1
INFO - Passed dif up:  5.44304 + 0.864933 - 0.752273% (43 / 790)
INFO - Passed dif dw:  28.5865 + 1.48943 - 1.4443% (271 / 948)
INFO - Passed non-dif: 55.7019 + 0.136761 - 0.136848% (73438 / 131841)
INFO - Failed dif:     43.5492 + 1.14089 - 1.1341% (827 / 1899)
INFO - Failed non-dif: 55.7019 + 0.136761 - 0.136848% (73438 / 131841)

INFO Bin 0 1 2
INFO - Passed dif up:  6.79287 + 0.888648 - 0.792525% (61 / 898)
INFO - Passed dif dw:  35.7478 + 1.25034 - 1.23123% (533 / 1491)
INFO - Passed non-dif: 55.8916 + 0.100547 - 0.100595% (136229 / 243738)
INFO - Failed dif:     39.3375 + 1.11662 - 1.10558% (760 / 1932)
INFO - Failed non-dif: 55.8916 + 0.100547 - 0.100595% (136229 / 243738)

INFO Bin 0 1 3
INFO - Passed dif up:  7.10711 + 0.856551 - 0.770765% (71 / 999)
INFO - Passed dif dw:  36.4835 + 1.01499 - 1.00311% (830 / 2275)
INFO - Passed non-dif: 51.6129 + 0.0687952 - 0.0688013% (272327 / 527634)
INFO - Failed dif:     34.2774 + 0.975012 - 0.961921% (823 / 2401)
INFO - Failed non-dif: 51.6129 + 0.0687952 - 0.0688013% (272327 / 527634)

INFO Bin 0 1 4
INFO - Passed dif up:  11.4286 + 1.11989 - 1.03183% (100 / 875)
INFO - Passed dif dw:  50.5016 + 0.884927 - 0.885242% (1611 / 3190)
INFO - Passed non-dif: 63.0557 + 0.0473365 - 0.0473616% (655199 / 1039079)
INFO - Failed dif:     37.3932 + 1.29983 - 1.28189% (525 / 1404)
INFO - Failed non-dif: 63.0557 + 0.0473365 - 0.0473616% (655199 / 1039079)

INFO Bin 0 1 5
INFO - Passed dif up:  12.0482 + 2.75647 - 2.30196% (20 / 166)
INFO - Passed dif dw:  62.1399 + 1.77865 - 1.81191% (453 / 729)
INFO - Passed non-dif: 77.378 + 0.0645743 - 0.064705% (324166 / 418938)
INFO - Failed dif:     46.0674 + 3.74763 - 3.70369% (82 / 178)
INFO - Failed non-dif: 77.378 + 0.0645743 - 0.064705% (324166 / 418938)

INFO Bin 1 0 0
INFO - Passed dif up:  8.83546 + 0.495049 - 0.471206% (305 / 3452)
INFO - Passed dif dw:  4.86453 + 0.562159 - 0.506607% (79 / 1624)
INFO - Passed non-dif: 71.6974 + 0.150418 - 0.150903% (64096 / 89398)
INFO - Failed dif:     57.5935 + 0.395609 - 0.396584% (8965 / 15566)
INFO - Failed non-dif: 71.6974 + 0.150418 - 0.150903% (64096 / 89398)

INFO Bin 1 0 1
INFO - Passed dif up:  7.96122 + 0.476402 - 0.45171% (271 / 3404)
INFO - Passed dif dw:  33.4566 + 0.800455 - 0.791045% (1176 / 3515)
INFO - Passed non-dif: 73.8528 + 0.118575 - 0.118923% (101134 / 136940)
INFO - Failed dif:     60.0575 + 0.456245 - 0.457997% (6894 / 11479)
INFO - Failed non-dif: 73.8528 + 0.118575 - 0.118923% (101134 / 136940)

INFO Bin 1 0 2
INFO - Passed dif up:  7.92748 + 0.524467 - 0.494565% (223 / 2813)
INFO - Passed dif dw:  45.7724 + 0.666099 - 0.664591% (2566 / 5606)
INFO - Passed non-dif: 69.4538 + 0.110456 - 0.11068% (120528 / 173537)
INFO - Failed dif:     51.3256 + 0.63523 - 0.635658% (3175 / 6186)
INFO - Failed non-dif: 69.4538 + 0.110456 - 0.11068% (120528 / 173537)

INFO Bin 1 0 3
INFO - Passed dif up:  10.6471 + 0.678903 - 0.642799% (232 / 2179)
INFO - Passed dif dw:  51.8707 + 0.585704 - 0.586218% (3771 / 7270)
INFO - Passed non-dif: 69.1788 + 0.088437 - 0.088578% (188293 / 272183)
INFO - Failed dif:     45.6339 + 0.751038 - 0.749058% (2012 / 4409)
INFO - Failed non-dif: 69.1788 + 0.088437 - 0.088578% (188293 / 272183)

INFO Bin 1 0 4
INFO - Passed dif up:  15.9609 + 1.24364 - 1.1698% (147 / 921)
INFO - Passed dif dw:  64.7975 + 0.709078 - 0.715662% (2912 / 4494)
INFO - Passed non-dif: 79.0334 + 0.079384 - 0.0796055% (207239 / 262217)
INFO - Failed dif:     43.0514 + 1.36553 - 1.35504% (570 / 1324)
INFO - Failed non-dif: 79.0334 + 0.079384 - 0.0796055% (207239 / 262217)

INFO Bin 1 0 5
INFO - Passed dif up:  22.2222 + 6.13359 - 5.12349% (12 / 54)
INFO - Passed dif dw:  70.0288 + 2.39896 - 2.51407% (243 / 347)
INFO - Passed non-dif: 83.3946 + 0.178212 - 0.179757% (36049 / 43227)
INFO - Failed dif:     42.3529 + 5.41787 - 5.24003% (36 / 85)
INFO - Failed non-dif: 83.3946 + 0.178212 - 0.179757% (36049 / 43227)

INFO Bin 1 1 0
INFO - Passed dif up:  1.00251 + 0.635445 - 0.390457% (4 / 399)
INFO - Passed dif dw:  4.09357 + 1.21204 - 0.944363% (14 / 342)
INFO - Passed non-dif: 15.3023 + 0.374148 - 0.3668% (1445 / 9443)
INFO - Failed dif:     10.3399 + 0.838559 - 0.782423% (146 / 1412)
INFO - Failed non-dif: 15.3023 + 0.374148 - 0.3668% (1445 / 9443)

INFO Bin 1 1 1
INFO - Passed dif up:  5.44304 + 0.864933 - 0.752273% (43 / 790)
INFO - Passed dif dw:  28.5865 + 1.48943 - 1.4443% (271 / 948)
INFO - Passed non-dif: 55.8411 + 0.304807 - 0.305248% (14799 / 26502)
INFO - Failed dif:     43.5492 + 1.14089 - 1.1341% (827 / 1899)
INFO - Failed non-dif: 55.8411 + 0.304807 - 0.305248% (14799 / 26502)

INFO Bin 1 1 2
INFO - Passed dif up:  6.79287 + 0.888648 - 0.792525% (61 / 898)
INFO - Passed dif dw:  35.7478 + 1.25034 - 1.23123% (533 / 1491)
INFO - Passed non-dif: 56.9427 + 0.224435 - 0.22472% (27681 / 48612)
INFO - Failed dif:     39.3375 + 1.11662 - 1.10558% (760 / 1932)
INFO - Failed non-dif: 56.9427 + 0.224435 - 0.22472% (27681 / 48612)

INFO Bin 1 1 3
INFO - Passed dif up:  7.10711 + 0.856551 - 0.770765% (71 / 999)
INFO - Passed dif dw:  36.4835 + 1.01499 - 1.00311% (830 / 2275)
INFO - Passed non-dif: 53.6543 + 0.154258 - 0.154328% (56043 / 104452)
INFO - Failed dif:     34.2774 + 0.975012 - 0.961921% (823 / 2401)
INFO - Failed non-dif: 53.6543 + 0.154258 - 0.154328% (56043 / 104452)

INFO Bin 1 1 4
INFO - Passed dif up:  11.4286 + 1.11989 - 1.03183% (100 / 875)
INFO - Passed dif dw:  50.5016 + 0.884927 - 0.885242% (1611 / 3190)
INFO - Passed non-dif: 64.2607 + 0.104383 - 0.104519% (135272 / 210505)
INFO - Failed dif:     37.3932 + 1.29983 - 1.28189% (525 / 1404)
INFO - Failed non-dif: 64.2607 + 0.104383 - 0.104519% (135272 / 210505)

INFO Bin 1 1 5
INFO - Passed dif up:  12.0482 + 2.75647 - 2.30196% (20 / 166)
INFO - Passed dif dw:  62.1399 + 1.77865 - 1.81191% (453 / 729)
INFO - Passed non-dif: 76.7831 + 0.139858 - 0.140448% (69683 / 90753)
INFO - Failed dif:     46.0674 + 3.74763 - 3.70369% (82 / 178)
INFO - Failed non-dif: 76.7831 + 0.139858 - 0.140448% (69683 / 90753)
INFO Producing vmu selection efficiencies
INFO Selecting k
INFO Reading 2016 ntuples
INFO Opened MC files:
  - ntuples/0.9.17-Bd_DstX/bd_dstx_mc-misid_corrections-k/Dst_ANNK--25_09_19--mc--11774014--2016--md--bd_dstx.root
  - ntuples/0.9.17-Bd_DstX/bd_dstx_mc-misid_corrections-k/Dst_ANNK--25_09_19--mc--11774014--2016--mu--bd_dstx.root
INFO Setting input branches 
INFO Starting MC event loop over 3493635 entries
INFO Reading 2017 ntuples
INFO Opened MC files:
  - ntuples/0.9.17-Bd_DstX/bd_dstx_mc-misid_corrections-k/Dst_ANNK--25_09_19--mc--11774014--2017--md--bd_dstx.root
  - ntuples/0.9.17-Bd_DstX/bd_dstx_mc-misid_corrections-k/Dst_ANNK--25_09_19--mc--11774014--2017--mu--bd_dstx.root
INFO Setting input branches 
INFO Starting MC event loop over 3471335 entries
INFO Reading 2018 ntuples
INFO Opened MC files:
  - ntuples/0.9.17-Bd_DstX/bd_dstx_mc-misid_corrections-k/Dst_ANNK--25_09_19--mc--11774014--2018--md--bd_dstx.root
  - ntuples/0.9.17-Bd_DstX/bd_dstx_mc-misid_corrections-k/Dst_ANNK--25_09_19--mc--11774014--2018--mu--bd_dstx.root
INFO Setting input branches 
INFO Starting MC event loop over 3473352 entries
Info in <TCanvas::Print>: pdf file ./gen/rdx-26_04_13_17_33-pidcalib_sel_effs//h2_d0m_dm_k_vmu_0_0_0.pdf has been created
Info in <TCanvas::Print>: pdf file ./gen/rdx-26_04_13_17_33-pidcalib_sel_effs//h2_d0m_dm_k_vmu_0_0_1.pdf has been created
Info in <TCanvas::Print>: pdf file ./gen/rdx-26_04_13_17_33-pidcalib_sel_effs//h2_d0m_dm_k_vmu_0_0_2.pdf has been created
Info in <TCanvas::Print>: pdf file ./gen/rdx-26_04_13_17_33-pidcalib_sel_effs//h2_d0m_dm_k_vmu_0_0_3.pdf has been created
Info in <TCanvas::Print>: pdf file ./gen/rdx-26_04_13_17_33-pidcalib_sel_effs//h2_d0m_dm_k_vmu_0_0_4.pdf has been created
Info in <TCanvas::Print>: pdf file ./gen/rdx-26_04_13_17_33-pidcalib_sel_effs//h2_d0m_dm_k_vmu_0_0_5.pdf has been created
Info in <TCanvas::Print>: pdf file ./gen/rdx-26_04_13_17_33-pidcalib_sel_effs//h2_d0m_dm_k_vmu_0_1_0.pdf has been created
Info in <TCanvas::Print>: pdf file ./gen/rdx-26_04_13_17_33-pidcalib_sel_effs//h2_d0m_dm_k_vmu_0_1_1.pdf has been created
Info in <TCanvas::Print>: pdf file ./gen/rdx-26_04_13_17_33-pidcalib_sel_effs//h2_d0m_dm_k_vmu_0_1_2.pdf has been created
Info in <TCanvas::Print>: pdf file ./gen/rdx-26_04_13_17_33-pidcalib_sel_effs//h2_d0m_dm_k_vmu_0_1_3.pdf has been created
Info in <TCanvas::Print>: pdf file ./gen/rdx-26_04_13_17_33-pidcalib_sel_effs//h2_d0m_dm_k_vmu_0_1_4.pdf has been created
Info in <TCanvas::Print>: pdf file ./gen/rdx-26_04_13_17_33-pidcalib_sel_effs//h2_d0m_dm_k_vmu_0_1_5.pdf has been created
Info in <TCanvas::Print>: pdf file ./gen/rdx-26_04_13_17_33-pidcalib_sel_effs//h2_d0m_dm_k_vmu_1_0_0.pdf has been created
Info in <TCanvas::Print>: pdf file ./gen/rdx-26_04_13_17_33-pidcalib_sel_effs//h2_d0m_dm_k_vmu_1_0_1.pdf has been created
Info in <TCanvas::Print>: pdf file ./gen/rdx-26_04_13_17_33-pidcalib_sel_effs//h2_d0m_dm_k_vmu_1_0_2.pdf has been created
Info in <TCanvas::Print>: pdf file ./gen/rdx-26_04_13_17_33-pidcalib_sel_effs//h2_d0m_dm_k_vmu_1_0_3.pdf has been created
Info in <TCanvas::Print>: pdf file ./gen/rdx-26_04_13_17_33-pidcalib_sel_effs//h2_d0m_dm_k_vmu_1_0_4.pdf has been created
Info in <TCanvas::Print>: pdf file ./gen/rdx-26_04_13_17_33-pidcalib_sel_effs//h2_d0m_dm_k_vmu_1_0_5.pdf has been created
Info in <TCanvas::Print>: pdf file ./gen/rdx-26_04_13_17_33-pidcalib_sel_effs//h2_d0m_dm_k_vmu_1_1_0.pdf has been created
Info in <TCanvas::Print>: pdf file ./gen/rdx-26_04_13_17_33-pidcalib_sel_effs//h2_d0m_dm_k_vmu_1_1_1.pdf has been created
Info in <TCanvas::Print>: pdf file ./gen/rdx-26_04_13_17_33-pidcalib_sel_effs//h2_d0m_dm_k_vmu_1_1_2.pdf has been created
Info in <TCanvas::Print>: pdf file ./gen/rdx-26_04_13_17_33-pidcalib_sel_effs//h2_d0m_dm_k_vmu_1_1_3.pdf has been created
Info in <TCanvas::Print>: pdf file ./gen/rdx-26_04_13_17_33-pidcalib_sel_effs//h2_d0m_dm_k_vmu_1_1_4.pdf has been created
Info in <TCanvas::Print>: pdf file ./gen/rdx-26_04_13_17_33-pidcalib_sel_effs//h2_d0m_dm_k_vmu_1_1_5.pdf has been created

INFO Bin 0 0 0
INFO - Passed dif up:  52.2727 + 7.39552 - 7.49653% (23 / 44)
INFO - Passed dif dw:  69.1633 + 1.28793 - 1.31844% (868 / 1255)
INFO - Passed non-dif: 67.76 + 0.0980279 - 0.0981844% (153797 / 226973)
INFO - Failed dif:     65.116 + 0.368101 - 0.369913% (10862 / 16681)
INFO - Failed non-dif: 67.76 + 0.0980279 - 0.0981844% (153797 / 226973)

INFO Bin 0 0 1
INFO - Passed dif up:  64.7619 + 4.50277 - 4.7813% (68 / 105)
INFO - Passed dif dw:  68.7142 + 0.697591 - 0.706168% (2998 / 4363)
INFO - Passed non-dif: 72.8559 + 0.0617735 - 0.0618618% (377033 / 517505)
INFO - Failed dif:     70.2482 + 0.314251 - 0.316176% (14776 / 21034)
INFO - Failed non-dif: 72.8559 + 0.0617735 - 0.0618618% (377033 / 517505)

INFO Bin 0 0 2
INFO - Passed dif up:  61.8644 + 4.354 - 4.5534% (73 / 118)
INFO - Passed dif dw:  59.777 + 0.56363 - 0.566225% (4503 / 7533)
INFO - Passed non-dif: 67.4694 + 0.0529197 - 0.0529643% (528329 / 783065)
INFO - Failed dif:     63.1883 + 0.352096 - 0.353507% (11808 / 18687)
INFO - Failed non-dif: 67.4694 + 0.0529197 - 0.0529643% (528329 / 783065)

INFO Bin 0 0 3
INFO - Passed dif up:  43.5976 + 2.75343 - 2.71451% (143 / 328)
INFO - Passed dif dw:  55.8839 + 0.462361 - 0.463384% (6430 / 11506)
INFO - Passed non-dif: 68.1246 + 0.0402798 - 0.0403069% (911166 / 1337500)
INFO - Failed dif:     58.6946 + 0.354341 - 0.355244% (11304 / 19259)
INFO - Failed non-dif: 68.1246 + 0.0402798 - 0.0403069% (911166 / 1337500)

INFO Bin 0 0 4
INFO - Passed dif up:  23.0068 + 2.06874 - 1.94604% (101 / 439)
INFO - Passed dif dw:  55.8145 + 0.515136 - 0.516391% (5174 / 9270)
INFO - Passed non-dif: 79.5124 + 0.0351105 - 0.0351553% (1049380 / 1319769)
INFO - Failed dif:     65.1815 + 0.447445 - 0.45014% (7344 / 11267)
INFO - Failed non-dif: 79.5124 + 0.0351105 - 0.0351553% (1049380 / 1319769)

INFO Bin 0 0 5
INFO - Passed dif up:  11.6667 + 4.78645 - 3.52962% (7 / 60)
INFO - Passed dif dw:  46.7675 + 1.85369 - 1.84481% (340 / 727)
INFO - Passed non-dif: 84.0682 + 0.0780991 - 0.0784106% (183868 / 218713)
INFO - Failed dif:     64.3137 + 1.32998 - 1.35241% (820 / 1275)
INFO - Failed non-dif: 84.0682 + 0.0780991 - 0.0784106% (183868 / 218713)

INFO Bin 0 1 0
INFO - Passed dif up:  14.2857 + 17.6169 - 8.68832% (1 / 7)
INFO - Passed dif dw:  20.2073 + 3.04059 - 2.73345% (39 / 193)
INFO - Passed non-dif: 11.3475 + 0.136476 - 0.135059% (6193 / 54576)
INFO - Failed dif:     9.27961 + 0.463404 - 0.443521% (380 / 4095)
INFO - Failed non-dif: 11.3475 + 0.136476 - 0.135059% (6193 / 54576)

INFO Bin 0 1 1
INFO - Passed dif up:  25 + 12.0752 - 9.13397% (4 / 16)
INFO - Passed dif dw:  50.0826 + 2.03097 - 2.03124% (303 / 605)
INFO - Passed non-dif: 47.2423 + 0.133142 - 0.133103% (66442 / 140641)
INFO - Failed dif:     44.1993 + 0.643019 - 0.64108% (2644 / 5982)
INFO - Failed non-dif: 47.2423 + 0.133142 - 0.133103% (66442 / 140641)

INFO Bin 0 1 2
INFO - Passed dif up:  50 + 8.70388 - 8.70388% (16 / 32)
INFO - Passed dif dw:  47.7509 + 1.47041 - 1.46652% (552 / 1156)
INFO - Passed non-dif: 53.9948 + 0.0997466 - 0.0997786% (134764 / 249587)
INFO - Failed dif:     49.9775 + 0.612498 - 0.612492% (3330 / 6663)
INFO - Failed non-dif: 53.9948 + 0.0997466 - 0.0997786% (134764 / 249587)

INFO Bin 0 1 3
INFO - Passed dif up:  38.3333 + 6.41933 - 6.03681% (23 / 60)
INFO - Passed dif dw:  41.9178 + 1.05784 - 1.05046% (918 / 2190)
INFO - Passed non-dif: 51.6186 + 0.0676705 - 0.0676764% (281484 / 545315)
INFO - Failed dif:     46.3303 + 0.520336 - 0.519538% (4261 / 9197)
INFO - Failed non-dif: 51.6186 + 0.0676705 - 0.0676764% (281484 / 545315)

INFO Bin 0 1 4
INFO - Passed dif up:  15.4206 + 2.62907 - 2.3074% (33 / 214)
INFO - Passed dif dw:  47.0308 + 0.771414 - 0.769998% (1972 / 4193)
INFO - Passed non-dif: 62.3759 + 0.0460449 - 0.0460673% (690120 / 1106389)
INFO - Failed dif:     50.2885 + 0.507452 - 0.507511% (4881 / 9706)
INFO - Failed non-dif: 62.3759 + 0.0460449 - 0.0460673% (690120 / 1106389)

INFO Bin 0 1 5
INFO - Passed dif up:  17.9487 + 4.74237 - 3.93094% (14 / 78)
INFO - Passed dif dw:  51.0407 + 1.5022 - 1.50408% (564 / 1105)
INFO - Passed non-dif: 77.6886 + 0.0595363 - 0.0596498% (379184 / 488082)
INFO - Failed dif:     63.2653 + 0.968357 - 0.979181% (1550 / 2450)
INFO - Failed non-dif: 77.6886 + 0.0595363 - 0.0596498% (379184 / 488082)

INFO Bin 1 0 0
INFO - Passed dif up:  52.2727 + 7.39552 - 7.49653% (23 / 44)
INFO - Passed dif dw:  69.1633 + 1.28793 - 1.31844% (868 / 1255)
INFO - Passed non-dif: 69.1286 + 0.217494 - 0.218345% (31065 / 44938)
INFO - Failed dif:     65.116 + 0.368101 - 0.369913% (10862 / 16681)
INFO - Failed non-dif: 69.1286 + 0.217494 - 0.218345% (31065 / 44938)

INFO Bin 1 0 1
INFO - Passed dif up:  64.7619 + 4.50277 - 4.7813% (68 / 105)
INFO - Passed dif dw:  68.7142 + 0.697591 - 0.706168% (2998 / 4363)
INFO - Passed non-dif: 73.9861 + 0.135243 - 0.1357% (77590 / 104871)
INFO - Failed dif:     70.2482 + 0.314251 - 0.316176% (14776 / 21034)
INFO - Failed non-dif: 73.9861 + 0.135243 - 0.1357% (77590 / 104871)

INFO Bin 1 0 2
INFO - Passed dif up:  61.8644 + 4.354 - 4.5534% (73 / 118)
INFO - Passed dif dw:  59.777 + 0.56363 - 0.566225% (4503 / 7533)
INFO - Passed non-dif: 68.6664 + 0.115204 - 0.115435% (111094 / 161788)
INFO - Failed dif:     63.1883 + 0.352096 - 0.353507% (11808 / 18687)
INFO - Failed non-dif: 68.6664 + 0.115204 - 0.115435% (111094 / 161788)

INFO Bin 1 0 3
INFO - Passed dif up:  43.5976 + 2.75343 - 2.71451% (143 / 328)
INFO - Passed dif dw:  55.8839 + 0.462361 - 0.463384% (6430 / 11506)
INFO - Passed non-dif: 68.3225 + 0.0881095 - 0.0882411% (190188 / 278368)
INFO - Failed dif:     58.6946 + 0.354341 - 0.355244% (11304 / 19259)
INFO - Failed non-dif: 68.3225 + 0.0881095 - 0.0882411% (190188 / 278368)

INFO Bin 1 0 4
INFO - Passed dif up:  23.0068 + 2.06874 - 1.94604% (101 / 439)
INFO - Passed dif dw:  55.8145 + 0.515136 - 0.516391% (5174 / 9270)
INFO - Passed non-dif: 79.0814 + 0.0754693 - 0.0756701% (229079 / 289675)
INFO - Failed dif:     65.1815 + 0.447445 - 0.45014% (7344 / 11267)
INFO - Failed non-dif: 79.0814 + 0.0754693 - 0.0756701% (229079 / 289675)

INFO Bin 1 0 5
INFO - Passed dif up:  11.6667 + 4.78645 - 3.52962% (7 / 60)
INFO - Passed dif dw:  46.7675 + 1.85369 - 1.84481% (340 / 727)
INFO - Passed non-dif: 83.5996 + 0.16199 - 0.163286% (43333 / 51834)
INFO - Failed dif:     64.3137 + 1.32998 - 1.35241% (820 / 1275)
INFO - Failed non-dif: 83.5996 + 0.16199 - 0.163286% (43333 / 51834)

INFO Bin 1 1 0
INFO - Passed dif up:  14.2857 + 17.6169 - 8.68832% (1 / 7)
INFO - Passed dif dw:  20.2073 + 3.04059 - 2.73345% (39 / 193)
INFO - Passed non-dif: 12.0671 + 0.323591 - 0.316274% (1251 / 10367)
INFO - Failed dif:     9.27961 + 0.463404 - 0.443521% (380 / 4095)
INFO - Failed non-dif: 12.0671 + 0.323591 - 0.316274% (1251 / 10367)

INFO Bin 1 1 1
INFO - Passed dif up:  25 + 12.0752 - 9.13397% (4 / 16)
INFO - Passed dif dw:  50.0826 + 2.03097 - 2.03124% (303 / 605)
INFO - Passed non-dif: 48.0003 + 0.30159 - 0.301444% (13178 / 27454)
INFO - Failed dif:     44.1993 + 0.643019 - 0.64108% (2644 / 5982)
INFO - Failed non-dif: 48.0003 + 0.30159 - 0.301444% (13178 / 27454)

INFO Bin 1 1 2
INFO - Passed dif up:  50 + 8.70388 - 8.70388% (16 / 32)
INFO - Passed dif dw:  47.7509 + 1.47041 - 1.46652% (552 / 1156)
INFO - Passed non-dif: 55.531 + 0.22455 - 0.224776% (27168 / 48924)
INFO - Failed dif:     49.9775 + 0.612498 - 0.612492% (3330 / 6663)
INFO - Failed non-dif: 55.531 + 0.22455 - 0.224776% (27168 / 48924)

INFO Bin 1 1 3
INFO - Passed dif up:  38.3333 + 6.41933 - 6.03681% (23 / 60)
INFO - Passed dif dw:  41.9178 + 1.05784 - 1.05046% (918 / 2190)
INFO - Passed non-dif: 53.3523 + 0.152265 - 0.152328% (57247 / 107300)
INFO - Failed dif:     46.3303 + 0.520336 - 0.519538% (4261 / 9197)
INFO - Failed non-dif: 53.3523 + 0.152265 - 0.152328% (57247 / 107300)

INFO Bin 1 1 4
INFO - Passed dif up:  15.4206 + 2.62907 - 2.3074% (33 / 214)
INFO - Passed dif dw:  47.0308 + 0.771414 - 0.769998% (1972 / 4193)
INFO - Passed non-dif: 63.555 + 0.101515 - 0.101636% (142679 / 224497)
INFO - Failed dif:     50.2885 + 0.507452 - 0.507511% (4881 / 9706)
INFO - Failed non-dif: 63.555 + 0.101515 - 0.101636% (142679 / 224497)

INFO Bin 1 1 5
INFO - Passed dif up:  17.9487 + 4.74237 - 3.93094% (14 / 78)
INFO - Passed dif dw:  51.0407 + 1.5022 - 1.50408% (564 / 1105)
INFO - Passed non-dif: 77.1026 + 0.129416 - 0.129932% (80950 / 104990)
INFO - Failed dif:     63.2653 + 0.968357 - 0.979181% (1550 / 2450)
INFO - Failed non-dif: 77.1026 + 0.129416 - 0.129932% (80950 / 104990)
INFO Selecting pi
INFO Reading 2016 ntuples
INFO Opened MC files:
  - ntuples/0.9.17-Bd_DstX/bd_dstx_mc-misid_corrections-pi/Dst_ANNPi--25_09_19--mc--11774014--2016--md--bd_dstx.root
  - ntuples/0.9.17-Bd_DstX/bd_dstx_mc-misid_corrections-pi/Dst_ANNPi--25_09_19--mc--11774014--2016--mu--bd_dstx.root
INFO Setting input branches 
INFO Starting MC event loop over 3493635 entries
INFO Reading 2017 ntuples
INFO Opened MC files:
  - ntuples/0.9.17-Bd_DstX/bd_dstx_mc-misid_corrections-pi/Dst_ANNPi--25_09_19--mc--11774014--2017--md--bd_dstx.root
  - ntuples/0.9.17-Bd_DstX/bd_dstx_mc-misid_corrections-pi/Dst_ANNPi--25_09_19--mc--11774014--2017--mu--bd_dstx.root
INFO Setting input branches 
INFO Starting MC event loop over 3471335 entries
INFO Reading 2018 ntuples
INFO Opened MC files:
  - ntuples/0.9.17-Bd_DstX/bd_dstx_mc-misid_corrections-pi/Dst_ANNPi--25_09_19--mc--11774014--2018--md--bd_dstx.root
  - ntuples/0.9.17-Bd_DstX/bd_dstx_mc-misid_corrections-pi/Dst_ANNPi--25_09_19--mc--11774014--2018--mu--bd_dstx.root
INFO Setting input branches 
INFO Starting MC event loop over 3473352 entries
Info in <TCanvas::Print>: pdf file ./gen/rdx-26_04_13_17_33-pidcalib_sel_effs//h2_d0m_dm_pi_vmu_0_0_0.pdf has been created
Info in <TCanvas::Print>: pdf file ./gen/rdx-26_04_13_17_33-pidcalib_sel_effs//h2_d0m_dm_pi_vmu_0_0_1.pdf has been created
Info in <TCanvas::Print>: pdf file ./gen/rdx-26_04_13_17_33-pidcalib_sel_effs//h2_d0m_dm_pi_vmu_0_0_2.pdf has been created
Info in <TCanvas::Print>: pdf file ./gen/rdx-26_04_13_17_33-pidcalib_sel_effs//h2_d0m_dm_pi_vmu_0_0_3.pdf has been created
Info in <TCanvas::Print>: pdf file ./gen/rdx-26_04_13_17_33-pidcalib_sel_effs//h2_d0m_dm_pi_vmu_0_0_4.pdf has been created
Info in <TCanvas::Print>: pdf file ./gen/rdx-26_04_13_17_33-pidcalib_sel_effs//h2_d0m_dm_pi_vmu_0_0_5.pdf has been created
Info in <TCanvas::Print>: pdf file ./gen/rdx-26_04_13_17_33-pidcalib_sel_effs//h2_d0m_dm_pi_vmu_0_1_0.pdf has been created
Info in <TCanvas::Print>: pdf file ./gen/rdx-26_04_13_17_33-pidcalib_sel_effs//h2_d0m_dm_pi_vmu_0_1_1.pdf has been created
Info in <TCanvas::Print>: pdf file ./gen/rdx-26_04_13_17_33-pidcalib_sel_effs//h2_d0m_dm_pi_vmu_0_1_2.pdf has been created
Info in <TCanvas::Print>: pdf file ./gen/rdx-26_04_13_17_33-pidcalib_sel_effs//h2_d0m_dm_pi_vmu_0_1_3.pdf has been created
Info in <TCanvas::Print>: pdf file ./gen/rdx-26_04_13_17_33-pidcalib_sel_effs//h2_d0m_dm_pi_vmu_0_1_4.pdf has been created
Info in <TCanvas::Print>: pdf file ./gen/rdx-26_04_13_17_33-pidcalib_sel_effs//h2_d0m_dm_pi_vmu_0_1_5.pdf has been created
Info in <TCanvas::Print>: pdf file ./gen/rdx-26_04_13_17_33-pidcalib_sel_effs//h2_d0m_dm_pi_vmu_1_0_0.pdf has been created
Info in <TCanvas::Print>: pdf file ./gen/rdx-26_04_13_17_33-pidcalib_sel_effs//h2_d0m_dm_pi_vmu_1_0_1.pdf has been created
Info in <TCanvas::Print>: pdf file ./gen/rdx-26_04_13_17_33-pidcalib_sel_effs//h2_d0m_dm_pi_vmu_1_0_2.pdf has been created
Info in <TCanvas::Print>: pdf file ./gen/rdx-26_04_13_17_33-pidcalib_sel_effs//h2_d0m_dm_pi_vmu_1_0_3.pdf has been created
Info in <TCanvas::Print>: pdf file ./gen/rdx-26_04_13_17_33-pidcalib_sel_effs//h2_d0m_dm_pi_vmu_1_0_4.pdf has been created
Info in <TCanvas::Print>: pdf file ./gen/rdx-26_04_13_17_33-pidcalib_sel_effs//h2_d0m_dm_pi_vmu_1_0_5.pdf has been created
Info in <TCanvas::Print>: pdf file ./gen/rdx-26_04_13_17_33-pidcalib_sel_effs//h2_d0m_dm_pi_vmu_1_1_0.pdf has been created
Info in <TCanvas::Print>: pdf file ./gen/rdx-26_04_13_17_33-pidcalib_sel_effs//h2_d0m_dm_pi_vmu_1_1_1.pdf has been created
Info in <TCanvas::Print>: pdf file ./gen/rdx-26_04_13_17_33-pidcalib_sel_effs//h2_d0m_dm_pi_vmu_1_1_2.pdf has been created
Info in <TCanvas::Print>: pdf file ./gen/rdx-26_04_13_17_33-pidcalib_sel_effs//h2_d0m_dm_pi_vmu_1_1_3.pdf has been created
Info in <TCanvas::Print>: pdf file ./gen/rdx-26_04_13_17_33-pidcalib_sel_effs//h2_d0m_dm_pi_vmu_1_1_4.pdf has been created
Info in <TCanvas::Print>: pdf file ./gen/rdx-26_04_13_17_33-pidcalib_sel_effs//h2_d0m_dm_pi_vmu_1_1_5.pdf has been created

INFO Bin 0 0 0
INFO - Passed dif up:  4.08163 + 0.794391 - 0.669613% (30 / 735)
INFO - Passed dif dw:  12.0588 + 1.87825 - 1.65573% (41 / 340)
INFO - Passed non-dif: 70.9134 + 0.0679875 - 0.0680814% (316003 / 445618)
INFO - Failed dif:     47.4166 + 0.357089 - 0.356825% (9278 / 19567)
INFO - Failed non-dif: 70.9134 + 0.0679875 - 0.0680814% (316003 / 445618)

INFO Bin 0 0 1
INFO - Passed dif up:  4 + 1.03035 - 0.82636% (18 / 450)
INFO - Passed dif dw:  39.1437 + 1.9237 - 1.89055% (256 / 654)
INFO - Passed non-dif: 72.7814 + 0.0541191 - 0.0541866% (491658 / 675527)
INFO - Failed dif:     46.6462 + 0.379536 - 0.379148% (8067 / 17294)
INFO - Failed non-dif: 72.7814 + 0.0541191 - 0.0541866% (491658 / 675527)

INFO Bin 0 0 2
INFO - Passed dif up:  2.94118 + 1.43173 - 0.972617% (6 / 204)
INFO - Passed dif dw:  34.4406 + 2.01241 - 1.9581% (197 / 572)
INFO - Passed non-dif: 68.4363 + 0.0506697 - 0.0507136% (575291 / 840623)
INFO - Failed dif:     41.6588 + 0.419812 - 0.418606% (5761 / 13829)
INFO - Failed non-dif: 68.4363 + 0.0506697 - 0.0507136% (575291 / 840623)

INFO Bin 0 0 3
INFO - Passed dif up:  2.08333 + 1.56174 - 0.900821% (3 / 144)
INFO - Passed dif dw:  29.7902 + 1.7376 - 1.68115% (213 / 715)
INFO - Passed non-dif: 68.7503 + 0.0407044 - 0.0407333% (890848 / 1295774)
INFO - Failed dif:     44.6111 + 0.436389 - 0.43556% (5799 / 12999)
INFO - Failed non-dif: 68.7503 + 0.0407044 - 0.0407333% (890848 / 1295774)

INFO Bin 0 0 4
INFO - Passed dif up:  5.55556 + 3.35805 - 2.14039% (4 / 72)
INFO - Passed dif dw:  36.4686 + 1.97613 - 1.93154% (221 / 606)
INFO - Passed non-dif: 79.4571 + 0.0369891 - 0.0370385% (946671 / 1191424)
INFO - Failed dif:     56.1623 + 0.636276 - 0.638309% (3404 / 6061)
INFO - Failed non-dif: 79.4571 + 0.0369891 - 0.0370385% (946671 / 1191424)

INFO Bin 0 0 5
INFO - Passed dif up:  0 + 14.2857 - 0% (0 / 6)
INFO - Passed dif dw:  37.2549 + 6.95429 - 6.46409% (19 / 51)
INFO - Passed non-dif: 84.2574 + 0.0854793 - 0.0858584% (152281 / 180733)
INFO - Failed dif:     63.4033 + 2.292 - 2.35434% (272 / 429)
INFO - Failed non-dif: 84.2574 + 0.0854793 - 0.0858584% (152281 / 180733)

INFO Bin 0 1 0
INFO - Passed dif up:  0 + 1.69492 - 0% (0 / 58)
INFO - Passed dif dw:  1.63934 + 2.57143 - 1.01141% (1 / 61)
INFO - Passed non-dif: 15.4763 + 0.169087 - 0.167591% (7144 / 46161)
INFO - Failed dif:     8.01377 + 0.622848 - 0.581584% (163 / 2034)
INFO - Failed non-dif: 15.4763 + 0.169087 - 0.167591% (7144 / 46161)

INFO Bin 0 1 1
INFO - Passed dif up:  1.81818 + 1.77446 - 0.906316% (2 / 110)
INFO - Passed dif dw:  17.9191 + 3.09761 - 2.72886% (31 / 173)
INFO - Passed non-dif: 55.7019 + 0.136761 - 0.136848% (73438 / 131841)
INFO - Failed dif:     33.0352 + 0.81709 - 0.806977% (1108 / 3354)
INFO - Failed non-dif: 55.7019 + 0.136761 - 0.136848% (73438 / 131841)

INFO Bin 0 1 2
INFO - Passed dif up:  1.47059 + 2.3141 - 0.907455% (1 / 68)
INFO - Passed dif dw:  28.0193 + 3.22137 - 3.01002% (58 / 207)
INFO - Passed non-dif: 55.8916 + 0.100547 - 0.100595% (136229 / 243738)
INFO - Failed dif:     32.0069 + 0.73777 - 0.728878% (1295 / 4046)
INFO - Failed non-dif: 55.8916 + 0.100547 - 0.100595% (136229 / 243738)

INFO Bin 0 1 3
INFO - Passed dif up:  1.72414 + 2.70009 - 1.06362% (1 / 58)
INFO - Passed dif dw:  23.1441 + 2.90018 - 2.66665% (53 / 229)
INFO - Passed non-dif: 51.6129 + 0.0687952 - 0.0688013% (272327 / 527634)
INFO - Failed dif:     30.9948 + 0.633523 - 0.62647% (1670 / 5388)
INFO - Failed non-dif: 51.6129 + 0.0687952 - 0.0688013% (272327 / 527634)

INFO Bin 0 1 4
INFO - Passed dif up:  6.89655 + 6.2811 - 3.40754% (2 / 29)
INFO - Passed dif dw:  31.7241 + 2.79176 - 2.66616% (92 / 290)
INFO - Passed non-dif: 63.0557 + 0.0473365 - 0.0473616% (655199 / 1039079)
INFO - Failed dif:     41.5922 + 0.688379 - 0.685115% (2142 / 5150)
INFO - Failed non-dif: 63.0557 + 0.0473365 - 0.0473616% (655199 / 1039079)

INFO Bin 0 1 5
INFO - Passed dif up:  0 + 11.1111 - 0% (0 / 8)
INFO - Passed dif dw:  46.1538 + 6.19489 - 6.07834% (30 / 65)
INFO - Passed non-dif: 77.378 + 0.0645743 - 0.064705% (324166 / 418938)
INFO - Failed dif:     52.5 + 1.57588 - 1.58087% (525 / 1000)
INFO - Failed non-dif: 77.378 + 0.0645743 - 0.064705% (324166 / 418938)

INFO Bin 1 0 0
INFO - Passed dif up:  4.08163 + 0.794391 - 0.669613% (30 / 735)
INFO - Passed dif dw:  12.0588 + 1.87825 - 1.65573% (41 / 340)
INFO - Passed non-dif: 71.6974 + 0.150418 - 0.150903% (64096 / 89398)
INFO - Failed dif:     47.4166 + 0.357089 - 0.356825% (9278 / 19567)
INFO - Failed non-dif: 71.6974 + 0.150418 - 0.150903% (64096 / 89398)

INFO Bin 1 0 1
INFO - Passed dif up:  4 + 1.03035 - 0.82636% (18 / 450)
INFO - Passed dif dw:  39.1437 + 1.9237 - 1.89055% (256 / 654)
INFO - Passed non-dif: 73.8528 + 0.118575 - 0.118923% (101134 / 136940)
INFO - Failed dif:     46.6462 + 0.379536 - 0.379148% (8067 / 17294)
INFO - Failed non-dif: 73.8528 + 0.118575 - 0.118923% (101134 / 136940)

INFO Bin 1 0 2
INFO - Passed dif up:  2.94118 + 1.43173 - 0.972617% (6 / 204)
INFO - Passed dif dw:  34.4406 + 2.01241 - 1.9581% (197 / 572)
INFO - Passed non-dif: 69.4538 + 0.110456 - 0.11068% (120528 / 173537)
INFO - Failed dif:     41.6588 + 0.419812 - 0.418606% (5761 / 13829)
INFO - Failed non-dif: 69.4538 + 0.110456 - 0.11068% (120528 / 173537)

INFO Bin 1 0 3
INFO - Passed dif up:  2.08333 + 1.56174 - 0.900821% (3 / 144)
INFO - Passed dif dw:  29.7902 + 1.7376 - 1.68115% (213 / 715)
INFO - Passed non-dif: 69.1788 + 0.088437 - 0.088578% (188293 / 272183)
INFO - Failed dif:     44.6111 + 0.436389 - 0.43556% (5799 / 12999)
INFO - Failed non-dif: 69.1788 + 0.088437 - 0.088578% (188293 / 272183)

INFO Bin 1 0 4
INFO - Passed dif up:  5.55556 + 3.35805 - 2.14039% (4 / 72)
INFO - Passed dif dw:  36.4686 + 1.97613 - 1.93154% (221 / 606)
INFO - Passed non-dif: 79.0334 + 0.079384 - 0.0796055% (207239 / 262217)
INFO - Failed dif:     56.1623 + 0.636276 - 0.638309% (3404 / 6061)
INFO - Failed non-dif: 79.0334 + 0.079384 - 0.0796055% (207239 / 262217)

INFO Bin 1 0 5
INFO - Passed dif up:  0 + 14.2857 - 0% (0 / 6)
INFO - Passed dif dw:  37.2549 + 6.95429 - 6.46409% (19 / 51)
INFO - Passed non-dif: 83.3946 + 0.178212 - 0.179757% (36049 / 43227)
INFO - Failed dif:     63.4033 + 2.292 - 2.35434% (272 / 429)
INFO - Failed non-dif: 83.3946 + 0.178212 - 0.179757% (36049 / 43227)

INFO Bin 1 1 0
INFO - Passed dif up:  0 + 1.69492 - 0% (0 / 58)
INFO - Passed dif dw:  1.63934 + 2.57143 - 1.01141% (1 / 61)
INFO - Passed non-dif: 15.3023 + 0.374148 - 0.3668% (1445 / 9443)
INFO - Failed dif:     8.01377 + 0.622848 - 0.581584% (163 / 2034)
INFO - Failed non-dif: 15.3023 + 0.374148 - 0.3668% (1445 / 9443)

INFO Bin 1 1 1
INFO - Passed dif up:  1.81818 + 1.77446 - 0.906316% (2 / 110)
INFO - Passed dif dw:  17.9191 + 3.09761 - 2.72886% (31 / 173)
INFO - Passed non-dif: 55.8411 + 0.304807 - 0.305248% (14799 / 26502)
INFO - Failed dif:     33.0352 + 0.81709 - 0.806977% (1108 / 3354)
INFO - Failed non-dif: 55.8411 + 0.304807 - 0.305248% (14799 / 26502)

INFO Bin 1 1 2
INFO - Passed dif up:  1.47059 + 2.3141 - 0.907455% (1 / 68)
INFO - Passed dif dw:  28.0193 + 3.22137 - 3.01002% (58 / 207)
INFO - Passed non-dif: 56.9427 + 0.224435 - 0.22472% (27681 / 48612)
INFO - Failed dif:     32.0069 + 0.73777 - 0.728878% (1295 / 4046)
INFO - Failed non-dif: 56.9427 + 0.224435 - 0.22472% (27681 / 48612)

INFO Bin 1 1 3
INFO - Passed dif up:  1.72414 + 2.70009 - 1.06362% (1 / 58)
INFO - Passed dif dw:  23.1441 + 2.90018 - 2.66665% (53 / 229)
INFO - Passed non-dif: 53.6543 + 0.154258 - 0.154328% (56043 / 104452)
INFO - Failed dif:     30.9948 + 0.633523 - 0.62647% (1670 / 5388)
INFO - Failed non-dif: 53.6543 + 0.154258 - 0.154328% (56043 / 104452)

INFO Bin 1 1 4
INFO - Passed dif up:  6.89655 + 6.2811 - 3.40754% (2 / 29)
INFO - Passed dif dw:  31.7241 + 2.79176 - 2.66616% (92 / 290)
INFO - Passed non-dif: 64.2607 + 0.104383 - 0.104519% (135272 / 210505)
INFO - Failed dif:     41.5922 + 0.688379 - 0.685115% (2142 / 5150)
INFO - Failed non-dif: 64.2607 + 0.104383 - 0.104519% (135272 / 210505)

INFO Bin 1 1 5
INFO - Passed dif up:  0 + 11.1111 - 0% (0 / 8)
INFO - Passed dif dw:  46.1538 + 6.19489 - 6.07834% (30 / 65)
INFO - Passed non-dif: 76.7831 + 0.139858 - 0.140448% (69683 / 90753)
INFO - Failed dif:     52.5 + 1.57588 - 1.58087% (525 / 1000)
INFO - Failed non-dif: 76.7831 + 0.139858 - 0.140448% (69683 / 90753)
INFO Producing fake_mu selection efficiencies
INFO Selecting k
INFO Reading 2016 ntuples
INFO Opened MC files:
  - ntuples/0.9.17-Bd_DstX/bd_dstx_mc-misid_corrections-k/Dst_ANNK--25_09_19--mc--11774014--2016--md--bd_dstx.root
  - ntuples/0.9.17-Bd_DstX/bd_dstx_mc-misid_corrections-k/Dst_ANNK--25_09_19--mc--11774014--2016--mu--bd_dstx.root
INFO Setting input branches 
INFO Starting MC event loop over 3493635 entries
INFO Reading 2017 ntuples
INFO Opened MC files:
  - ntuples/0.9.17-Bd_DstX/bd_dstx_mc-misid_corrections-k/Dst_ANNK--25_09_19--mc--11774014--2017--md--bd_dstx.root
  - ntuples/0.9.17-Bd_DstX/bd_dstx_mc-misid_corrections-k/Dst_ANNK--25_09_19--mc--11774014--2017--mu--bd_dstx.root
INFO Setting input branches 
INFO Starting MC event loop over 3471335 entries
INFO Reading 2018 ntuples
INFO Opened MC files:
  - ntuples/0.9.17-Bd_DstX/bd_dstx_mc-misid_corrections-k/Dst_ANNK--25_09_19--mc--11774014--2018--md--bd_dstx.root
  - ntuples/0.9.17-Bd_DstX/bd_dstx_mc-misid_corrections-k/Dst_ANNK--25_09_19--mc--11774014--2018--mu--bd_dstx.root
INFO Setting input branches 
INFO Starting MC event loop over 3473352 entries
Info in <TCanvas::Print>: pdf file ./gen/rdx-26_04_13_17_33-pidcalib_sel_effs//h2_d0m_dm_k_fake_mu_0_0_0.pdf has been created
Info in <TCanvas::Print>: pdf file ./gen/rdx-26_04_13_17_33-pidcalib_sel_effs//h2_d0m_dm_k_fake_mu_0_0_1.pdf has been created
Info in <TCanvas::Print>: pdf file ./gen/rdx-26_04_13_17_33-pidcalib_sel_effs//h2_d0m_dm_k_fake_mu_0_0_2.pdf has been created
Info in <TCanvas::Print>: pdf file ./gen/rdx-26_04_13_17_33-pidcalib_sel_effs//h2_d0m_dm_k_fake_mu_0_0_3.pdf has been created
Info in <TCanvas::Print>: pdf file ./gen/rdx-26_04_13_17_33-pidcalib_sel_effs//h2_d0m_dm_k_fake_mu_0_0_4.pdf has been created
Info in <TCanvas::Print>: pdf file ./gen/rdx-26_04_13_17_33-pidcalib_sel_effs//h2_d0m_dm_k_fake_mu_0_0_5.pdf has been created
Info in <TCanvas::Print>: pdf file ./gen/rdx-26_04_13_17_33-pidcalib_sel_effs//h2_d0m_dm_k_fake_mu_0_1_0.pdf has been created
Info in <TCanvas::Print>: pdf file ./gen/rdx-26_04_13_17_33-pidcalib_sel_effs//h2_d0m_dm_k_fake_mu_0_1_1.pdf has been created
Info in <TCanvas::Print>: pdf file ./gen/rdx-26_04_13_17_33-pidcalib_sel_effs//h2_d0m_dm_k_fake_mu_0_1_2.pdf has been created
Info in <TCanvas::Print>: pdf file ./gen/rdx-26_04_13_17_33-pidcalib_sel_effs//h2_d0m_dm_k_fake_mu_0_1_3.pdf has been created
Info in <TCanvas::Print>: pdf file ./gen/rdx-26_04_13_17_33-pidcalib_sel_effs//h2_d0m_dm_k_fake_mu_0_1_4.pdf has been created
Info in <TCanvas::Print>: pdf file ./gen/rdx-26_04_13_17_33-pidcalib_sel_effs//h2_d0m_dm_k_fake_mu_0_1_5.pdf has been created
Info in <TCanvas::Print>: pdf file ./gen/rdx-26_04_13_17_33-pidcalib_sel_effs//h2_d0m_dm_k_fake_mu_1_0_0.pdf has been created
Info in <TCanvas::Print>: pdf file ./gen/rdx-26_04_13_17_33-pidcalib_sel_effs//h2_d0m_dm_k_fake_mu_1_0_1.pdf has been created
Info in <TCanvas::Print>: pdf file ./gen/rdx-26_04_13_17_33-pidcalib_sel_effs//h2_d0m_dm_k_fake_mu_1_0_2.pdf has been created
Info in <TCanvas::Print>: pdf file ./gen/rdx-26_04_13_17_33-pidcalib_sel_effs//h2_d0m_dm_k_fake_mu_1_0_3.pdf has been created
Info in <TCanvas::Print>: pdf file ./gen/rdx-26_04_13_17_33-pidcalib_sel_effs//h2_d0m_dm_k_fake_mu_1_0_4.pdf has been created
Info in <TCanvas::Print>: pdf file ./gen/rdx-26_04_13_17_33-pidcalib_sel_effs//h2_d0m_dm_k_fake_mu_1_0_5.pdf has been created
Info in <TCanvas::Print>: pdf file ./gen/rdx-26_04_13_17_33-pidcalib_sel_effs//h2_d0m_dm_k_fake_mu_1_1_0.pdf has been created
Info in <TCanvas::Print>: pdf file ./gen/rdx-26_04_13_17_33-pidcalib_sel_effs//h2_d0m_dm_k_fake_mu_1_1_1.pdf has been created
Info in <TCanvas::Print>: pdf file ./gen/rdx-26_04_13_17_33-pidcalib_sel_effs//h2_d0m_dm_k_fake_mu_1_1_2.pdf has been created
Info in <TCanvas::Print>: pdf file ./gen/rdx-26_04_13_17_33-pidcalib_sel_effs//h2_d0m_dm_k_fake_mu_1_1_3.pdf has been created
Info in <TCanvas::Print>: pdf file ./gen/rdx-26_04_13_17_33-pidcalib_sel_effs//h2_d0m_dm_k_fake_mu_1_1_4.pdf has been created
Info in <TCanvas::Print>: pdf file ./gen/rdx-26_04_13_17_33-pidcalib_sel_effs//h2_d0m_dm_k_fake_mu_1_1_5.pdf has been created

INFO Bin 0 0 0
INFO - Passed dif up:  30 + 2.4008 - 2.29582% (114 / 380)
INFO - Passed dif dw:  65.997 + 0.577603 - 0.582399% (4402 / 6670)
INFO - Passed non-dif: 67.76 + 0.0980279 - 0.0981844% (153797 / 226973)
INFO - Failed dif:     66.2123 + 0.450915 - 0.453882% (7237 / 10930)
INFO - Failed non-dif: 67.76 + 0.0980279 - 0.0981844% (153797 / 226973)

INFO Bin 0 0 1
INFO - Passed dif up:  42.3313 + 2.24775 - 2.21645% (207 / 489)
INFO - Passed dif dw:  68.3704 + 0.413448 - 0.416373% (8588 / 12561)
INFO - Passed non-dif: 72.8559 + 0.0617735 - 0.0618618% (377033 / 517505)
INFO - Failed dif:     72.655 + 0.397609 - 0.401248% (9047 / 12452)
INFO - Failed non-dif: 72.8559 + 0.0617735 - 0.0618618% (377033 / 517505)

INFO Bin 0 0 2
INFO - Passed dif up:  41.2664 + 2.31703 - 2.27897% (189 / 458)
INFO - Passed dif dw:  59.1013 + 0.41391 - 0.415204% (8312 / 14064)
INFO - Passed non-dif: 67.4694 + 0.0529197 - 0.0529643% (528329 / 783065)
INFO - Failed dif:     66.7146 + 0.432082 - 0.434911% (7883 / 11816)
INFO - Failed non-dif: 67.4694 + 0.0529197 - 0.0529643% (528329 / 783065)

INFO Bin 0 0 3
INFO - Passed dif up:  40.4696 + 1.8361 - 1.80981% (293 / 724)
INFO - Passed dif dw:  53.4631 + 0.372887 - 0.373274% (9556 / 17874)
INFO - Passed non-dif: 68.1246 + 0.0402798 - 0.0403069% (911166 / 1337500)
INFO - Failed dif:     64.2497 + 0.427597 - 0.429878% (8028 / 12495)
INFO - Failed non-dif: 68.1246 + 0.0402798 - 0.0403069% (911166 / 1337500)

INFO Bin 0 0 4
INFO - Passed dif up:  30.8131 + 1.7702 - 1.71554% (216 / 701)
INFO - Passed dif dw:  56.2341 + 0.428434 - 0.429366% (7523 / 13378)
INFO - Passed non-dif: 79.5124 + 0.0351105 - 0.0351553% (1049380 / 1319769)
INFO - Failed dif:     70.7554 + 0.544697 - 0.550715% (4880 / 6897)
INFO - Failed non-dif: 79.5124 + 0.0351105 - 0.0351553% (1049380 / 1319769)

INFO Bin 0 0 5
INFO - Passed dif up:  21.8391 + 4.73586 - 4.09584% (19 / 87)
INFO - Passed dif dw:  55.6129 + 1.25795 - 1.26519% (862 / 1550)
INFO - Passed non-dif: 84.0682 + 0.0780991 - 0.0784106% (183868 / 218713)
INFO - Failed dif:     67.2941 + 2.23275 - 2.31394% (286 / 425)
INFO - Failed non-dif: 84.0682 + 0.0780991 - 0.0784106% (183868 / 218713)

INFO Bin 0 1 0
INFO - Passed dif up:  0.561798 + 0.899386 - 0.347004% (1 / 178)
INFO - Passed dif dw:  12.9196 + 0.867626 - 0.820689% (204 / 1579)
INFO - Passed non-dif: 11.3475 + 0.136476 - 0.135059% (6193 / 54576)
INFO - Failed dif:     8.47124 + 0.569211 - 0.536498% (215 / 2538)
INFO - Failed non-dif: 11.3475 + 0.136476 - 0.135059% (6193 / 54576)

INFO Bin 0 1 1
INFO - Passed dif up:  7.48031 + 1.82259 - 1.4891% (19 / 254)
INFO - Passed dif dw:  44.5016 + 0.89277 - 0.889235% (1384 / 3110)
INFO - Passed non-dif: 47.2423 + 0.133142 - 0.133103% (66442 / 140641)
INFO - Failed dif:     47.7925 + 0.878236 - 0.876873% (1548 / 3239)
INFO - Failed non-dif: 47.2423 + 0.133142 - 0.133103% (66442 / 140641)

INFO Bin 0 1 2
INFO - Passed dif up:  17.5824 + 2.42107 - 2.18444% (48 / 273)
INFO - Passed dif dw:  47.3726 + 0.811962 - 0.810575% (1794 / 3787)
INFO - Passed non-dif: 53.9948 + 0.0997466 - 0.0997786% (134764 / 249587)
INFO - Failed dif:     54.2337 + 0.807931 - 0.810163% (2056 / 3791)
INFO - Failed non-dif: 53.9948 + 0.0997466 - 0.0997786% (134764 / 249587)

INFO Bin 0 1 3
INFO - Passed dif up:  21.4724 + 2.35971 - 2.18523% (70 / 326)
INFO - Passed dif dw:  42.4221 + 0.655084 - 0.652432% (2424 / 5714)
INFO - Passed non-dif: 51.6186 + 0.0676705 - 0.0676764% (281484 / 545315)
INFO - Failed dif:     50.0832 + 0.679894 - 0.679925% (2708 / 5407)
INFO - Failed non-dif: 51.6186 + 0.0676705 - 0.0676764% (281484 / 545315)

INFO Bin 0 1 4
INFO - Passed dif up:  22.4265 + 1.83796 - 1.73677% (122 / 544)
INFO - Passed dif dw:  46.1838 + 0.559019 - 0.558061% (3679 / 7966)
INFO - Passed non-dif: 62.3759 + 0.0460449 - 0.0460673% (690120 / 1106389)
INFO - Failed dif:     55.0598 + 0.663584 - 0.665389% (3085 / 5603)
INFO - Failed non-dif: 62.3759 + 0.0460449 - 0.0460673% (690120 / 1106389)

INFO Bin 0 1 5
INFO - Passed dif up:  26.6272 + 3.53032 - 3.25535% (45 / 169)
INFO - Passed dif dw:  57.4803 + 1.00311 - 1.00931% (1387 / 2413)
INFO - Passed non-dif: 77.6886 + 0.0595363 - 0.0596498% (379184 / 488082)
INFO - Failed dif:     66.2226 + 1.44283 - 1.47367% (696 / 1051)
INFO - Failed non-dif: 77.6886 + 0.0595363 - 0.0596498% (379184 / 488082)

INFO Bin 1 0 0
INFO - Passed dif up:  30 + 2.4008 - 2.29582% (114 / 380)
INFO - Passed dif dw:  65.997 + 0.577603 - 0.582399% (4402 / 6670)
INFO - Passed non-dif: 69.1286 + 0.217494 - 0.218345% (31065 / 44938)
INFO - Failed dif:     66.2123 + 0.450915 - 0.453882% (7237 / 10930)
INFO - Failed non-dif: 69.1286 + 0.217494 - 0.218345% (31065 / 44938)

INFO Bin 1 0 1
INFO - Passed dif up:  42.3313 + 2.24775 - 2.21645% (207 / 489)
INFO - Passed dif dw:  68.3704 + 0.413448 - 0.416373% (8588 / 12561)
INFO - Passed non-dif: 73.9861 + 0.135243 - 0.1357% (77590 / 104871)
INFO - Failed dif:     72.655 + 0.397609 - 0.401248% (9047 / 12452)
INFO - Failed non-dif: 73.9861 + 0.135243 - 0.1357% (77590 / 104871)

INFO Bin 1 0 2
INFO - Passed dif up:  41.2664 + 2.31703 - 2.27897% (189 / 458)
INFO - Passed dif dw:  59.1013 + 0.41391 - 0.415204% (8312 / 14064)
INFO - Passed non-dif: 68.6664 + 0.115204 - 0.115435% (111094 / 161788)
INFO - Failed dif:     66.7146 + 0.432082 - 0.434911% (7883 / 11816)
INFO - Failed non-dif: 68.6664 + 0.115204 - 0.115435% (111094 / 161788)

INFO Bin 1 0 3
INFO - Passed dif up:  40.4696 + 1.8361 - 1.80981% (293 / 724)
INFO - Passed dif dw:  53.4631 + 0.372887 - 0.373274% (9556 / 17874)
INFO - Passed non-dif: 68.3225 + 0.0881095 - 0.0882411% (190188 / 278368)
INFO - Failed dif:     64.2497 + 0.427597 - 0.429878% (8028 / 12495)
INFO - Failed non-dif: 68.3225 + 0.0881095 - 0.0882411% (190188 / 278368)

INFO Bin 1 0 4
INFO - Passed dif up:  30.8131 + 1.7702 - 1.71554% (216 / 701)
INFO - Passed dif dw:  56.2341 + 0.428434 - 0.429366% (7523 / 13378)
INFO - Passed non-dif: 79.0814 + 0.0754693 - 0.0756701% (229079 / 289675)
INFO - Failed dif:     70.7554 + 0.544697 - 0.550715% (4880 / 6897)
INFO - Failed non-dif: 79.0814 + 0.0754693 - 0.0756701% (229079 / 289675)

INFO Bin 1 0 5
INFO - Passed dif up:  21.8391 + 4.73586 - 4.09584% (19 / 87)
INFO - Passed dif dw:  55.6129 + 1.25795 - 1.26519% (862 / 1550)
INFO - Passed non-dif: 83.5996 + 0.16199 - 0.163286% (43333 / 51834)
INFO - Failed dif:     67.2941 + 2.23275 - 2.31394% (286 / 425)
INFO - Failed non-dif: 83.5996 + 0.16199 - 0.163286% (43333 / 51834)

INFO Bin 1 1 0
INFO - Passed dif up:  0.561798 + 0.899386 - 0.347004% (1 / 178)
INFO - Passed dif dw:  12.9196 + 0.867626 - 0.820689% (204 / 1579)
INFO - Passed non-dif: 12.0671 + 0.323591 - 0.316274% (1251 / 10367)
INFO - Failed dif:     8.47124 + 0.569211 - 0.536498% (215 / 2538)
INFO - Failed non-dif: 12.0671 + 0.323591 - 0.316274% (1251 / 10367)

INFO Bin 1 1 1
INFO - Passed dif up:  7.48031 + 1.82259 - 1.4891% (19 / 254)
INFO - Passed dif dw:  44.5016 + 0.89277 - 0.889235% (1384 / 3110)
INFO - Passed non-dif: 48.0003 + 0.30159 - 0.301444% (13178 / 27454)
INFO - Failed dif:     47.7925 + 0.878236 - 0.876873% (1548 / 3239)
INFO - Failed non-dif: 48.0003 + 0.30159 - 0.301444% (13178 / 27454)

INFO Bin 1 1 2
INFO - Passed dif up:  17.5824 + 2.42107 - 2.18444% (48 / 273)
INFO - Passed dif dw:  47.3726 + 0.811962 - 0.810575% (1794 / 3787)
INFO - Passed non-dif: 55.531 + 0.22455 - 0.224776% (27168 / 48924)
INFO - Failed dif:     54.2337 + 0.807931 - 0.810163% (2056 / 3791)
INFO - Failed non-dif: 55.531 + 0.22455 - 0.224776% (27168 / 48924)

INFO Bin 1 1 3
INFO - Passed dif up:  21.4724 + 2.35971 - 2.18523% (70 / 326)
INFO - Passed dif dw:  42.4221 + 0.655084 - 0.652432% (2424 / 5714)
INFO - Passed non-dif: 53.3523 + 0.152265 - 0.152328% (57247 / 107300)
INFO - Failed dif:     50.0832 + 0.679894 - 0.679925% (2708 / 5407)
INFO - Failed non-dif: 53.3523 + 0.152265 - 0.152328% (57247 / 107300)

INFO Bin 1 1 4
INFO - Passed dif up:  22.4265 + 1.83796 - 1.73677% (122 / 544)
INFO - Passed dif dw:  46.1838 + 0.559019 - 0.558061% (3679 / 7966)
INFO - Passed non-dif: 63.555 + 0.101515 - 0.101636% (142679 / 224497)
INFO - Failed dif:     55.0598 + 0.663584 - 0.665389% (3085 / 5603)
INFO - Failed non-dif: 63.555 + 0.101515 - 0.101636% (142679 / 224497)

INFO Bin 1 1 5
INFO - Passed dif up:  26.6272 + 3.53032 - 3.25535% (45 / 169)
INFO - Passed dif dw:  57.4803 + 1.00311 - 1.00931% (1387 / 2413)
INFO - Passed non-dif: 77.1026 + 0.129416 - 0.129932% (80950 / 104990)
INFO - Failed dif:     66.2226 + 1.44283 - 1.47367% (696 / 1051)
INFO - Failed non-dif: 77.1026 + 0.129416 - 0.129932% (80950 / 104990)
INFO Selecting pi
INFO Reading 2016 ntuples
INFO Opened MC files:
  - ntuples/0.9.17-Bd_DstX/bd_dstx_mc-misid_corrections-pi/Dst_ANNPi--25_09_19--mc--11774014--2016--md--bd_dstx.root
  - ntuples/0.9.17-Bd_DstX/bd_dstx_mc-misid_corrections-pi/Dst_ANNPi--25_09_19--mc--11774014--2016--mu--bd_dstx.root
INFO Setting input branches 
INFO Starting MC event loop over 3493635 entries
INFO Reading 2017 ntuples
INFO Opened MC files:
  - ntuples/0.9.17-Bd_DstX/bd_dstx_mc-misid_corrections-pi/Dst_ANNPi--25_09_19--mc--11774014--2017--md--bd_dstx.root
  - ntuples/0.9.17-Bd_DstX/bd_dstx_mc-misid_corrections-pi/Dst_ANNPi--25_09_19--mc--11774014--2017--mu--bd_dstx.root
INFO Setting input branches 
INFO Starting MC event loop over 3471335 entries
INFO Reading 2018 ntuples
INFO Opened MC files:
  - ntuples/0.9.17-Bd_DstX/bd_dstx_mc-misid_corrections-pi/Dst_ANNPi--25_09_19--mc--11774014--2018--md--bd_dstx.root
  - ntuples/0.9.17-Bd_DstX/bd_dstx_mc-misid_corrections-pi/Dst_ANNPi--25_09_19--mc--11774014--2018--mu--bd_dstx.root
INFO Setting input branches 
INFO Starting MC event loop over 3473352 entries
Info in <TCanvas::Print>: pdf file ./gen/rdx-26_04_13_17_33-pidcalib_sel_effs//h2_d0m_dm_pi_fake_mu_0_0_0.pdf has been created
Info in <TCanvas::Print>: pdf file ./gen/rdx-26_04_13_17_33-pidcalib_sel_effs//h2_d0m_dm_pi_fake_mu_0_0_1.pdf has been created
Info in <TCanvas::Print>: pdf file ./gen/rdx-26_04_13_17_33-pidcalib_sel_effs//h2_d0m_dm_pi_fake_mu_0_0_2.pdf has been created
Info in <TCanvas::Print>: pdf file ./gen/rdx-26_04_13_17_33-pidcalib_sel_effs//h2_d0m_dm_pi_fake_mu_0_0_3.pdf has been created
Info in <TCanvas::Print>: pdf file ./gen/rdx-26_04_13_17_33-pidcalib_sel_effs//h2_d0m_dm_pi_fake_mu_0_0_4.pdf has been created
Info in <TCanvas::Print>: pdf file ./gen/rdx-26_04_13_17_33-pidcalib_sel_effs//h2_d0m_dm_pi_fake_mu_0_0_5.pdf has been created
Info in <TCanvas::Print>: pdf file ./gen/rdx-26_04_13_17_33-pidcalib_sel_effs//h2_d0m_dm_pi_fake_mu_0_1_0.pdf has been created
Info in <TCanvas::Print>: pdf file ./gen/rdx-26_04_13_17_33-pidcalib_sel_effs//h2_d0m_dm_pi_fake_mu_0_1_1.pdf has been created
Info in <TCanvas::Print>: pdf file ./gen/rdx-26_04_13_17_33-pidcalib_sel_effs//h2_d0m_dm_pi_fake_mu_0_1_2.pdf has been created
Info in <TCanvas::Print>: pdf file ./gen/rdx-26_04_13_17_33-pidcalib_sel_effs//h2_d0m_dm_pi_fake_mu_0_1_3.pdf has been created
Info in <TCanvas::Print>: pdf file ./gen/rdx-26_04_13_17_33-pidcalib_sel_effs//h2_d0m_dm_pi_fake_mu_0_1_4.pdf has been created
Info in <TCanvas::Print>: pdf file ./gen/rdx-26_04_13_17_33-pidcalib_sel_effs//h2_d0m_dm_pi_fake_mu_0_1_5.pdf has been created
Info in <TCanvas::Print>: pdf file ./gen/rdx-26_04_13_17_33-pidcalib_sel_effs//h2_d0m_dm_pi_fake_mu_1_0_0.pdf has been created
Info in <TCanvas::Print>: pdf file ./gen/rdx-26_04_13_17_33-pidcalib_sel_effs//h2_d0m_dm_pi_fake_mu_1_0_1.pdf has been created
Info in <TCanvas::Print>: pdf file ./gen/rdx-26_04_13_17_33-pidcalib_sel_effs//h2_d0m_dm_pi_fake_mu_1_0_2.pdf has been created
Info in <TCanvas::Print>: pdf file ./gen/rdx-26_04_13_17_33-pidcalib_sel_effs//h2_d0m_dm_pi_fake_mu_1_0_3.pdf has been created
Info in <TCanvas::Print>: pdf file ./gen/rdx-26_04_13_17_33-pidcalib_sel_effs//h2_d0m_dm_pi_fake_mu_1_0_4.pdf has been created
Info in <TCanvas::Print>: pdf file ./gen/rdx-26_04_13_17_33-pidcalib_sel_effs//h2_d0m_dm_pi_fake_mu_1_0_5.pdf has been created
Info in <TCanvas::Print>: pdf file ./gen/rdx-26_04_13_17_33-pidcalib_sel_effs//h2_d0m_dm_pi_fake_mu_1_1_0.pdf has been created
Info in <TCanvas::Print>: pdf file ./gen/rdx-26_04_13_17_33-pidcalib_sel_effs//h2_d0m_dm_pi_fake_mu_1_1_1.pdf has been created
Info in <TCanvas::Print>: pdf file ./gen/rdx-26_04_13_17_33-pidcalib_sel_effs//h2_d0m_dm_pi_fake_mu_1_1_2.pdf has been created
Info in <TCanvas::Print>: pdf file ./gen/rdx-26_04_13_17_33-pidcalib_sel_effs//h2_d0m_dm_pi_fake_mu_1_1_3.pdf has been created
Info in <TCanvas::Print>: pdf file ./gen/rdx-26_04_13_17_33-pidcalib_sel_effs//h2_d0m_dm_pi_fake_mu_1_1_4.pdf has been created
Info in <TCanvas::Print>: pdf file ./gen/rdx-26_04_13_17_33-pidcalib_sel_effs//h2_d0m_dm_pi_fake_mu_1_1_5.pdf has been created

INFO Bin 0 0 0
INFO - Passed dif up:  10.5507 + 0.44432 - 0.428407% (523 / 4957)
INFO - Passed dif dw:  55.0142 + 0.447864 - 0.448678% (6775 / 12315)
INFO - Passed non-dif: 70.9134 + 0.0679875 - 0.0680814% (316003 / 445618)
INFO - Failed dif:     60.8605 + 0.837397 - 0.843841% (2051 / 3370)
INFO - Failed non-dif: 70.9134 + 0.0679875 - 0.0680814% (316003 / 445618)

INFO Bin 0 0 1
INFO - Passed dif up:  9.1217 + 0.441906 - 0.42345% (404 / 4429)
INFO - Passed dif dw:  56.7134 + 0.427411 - 0.428412% (7603 / 13406)
INFO - Passed non-dif: 72.7814 + 0.0541191 - 0.0541866% (491658 / 675527)
INFO - Failed dif:     59.325 + 2.05197 - 2.08504% (334 / 563)
INFO - Failed non-dif: 72.7814 + 0.0541191 - 0.0541866% (491658 / 675527)

INFO Bin 0 0 2
INFO - Passed dif up:  8.12648 + 0.482175 - 0.457435% (275 / 3384)
INFO - Passed dif dw:  50.903 + 0.481008 - 0.481175% (5496 / 10797)
INFO - Passed non-dif: 68.4363 + 0.0506697 - 0.0507136% (575291 / 840623)
INFO - Failed dif:     45.5189 + 2.42616 - 2.40508% (193 / 424)
INFO - Failed non-dif: 68.4363 + 0.0506697 - 0.0507136% (575291 / 840623)

INFO Bin 0 0 3
INFO - Passed dif up:  10.5064 + 0.611107 - 0.581267% (278 / 2646)
INFO - Passed dif dw:  51.3372 + 0.479015 - 0.479261% (5586 / 10881)
INFO - Passed non-dif: 68.7503 + 0.0407044 - 0.0407333% (890848 / 1295774)
INFO - Failed dif:     45.6193 + 2.74678 - 2.72039% (151 / 331)
INFO - Failed non-dif: 68.7503 + 0.0407044 - 0.0407333% (890848 / 1295774)

INFO Bin 0 0 4
INFO - Passed dif up:  15.8984 + 1.15351 - 1.08941% (169 / 1063)
INFO - Passed dif dw:  61.3295 + 0.653306 - 0.65741% (3386 / 5521)
INFO - Passed non-dif: 79.4571 + 0.0369891 - 0.0370385% (946671 / 1191424)
INFO - Failed dif:     47.7419 + 4.01362 - 3.98467% (74 / 155)
INFO - Failed non-dif: 79.4571 + 0.0369891 - 0.0370385% (946671 / 1191424)

INFO Bin 0 0 5
INFO - Passed dif up:  19.3548 + 5.48767 - 4.51481% (12 / 62)
INFO - Passed dif dw:  65.9367 + 2.29648 - 2.37385% (271 / 411)
INFO - Passed non-dif: 84.2574 + 0.0854793 - 0.0858584% (152281 / 180733)
INFO - Failed dif:     61.5385 + 12.2043 - 13.8526% (8 / 13)
INFO - Failed non-dif: 84.2574 + 0.0854793 - 0.0858584% (152281 / 180733)

INFO Bin 0 1 0
INFO - Passed dif up:  0.83612 + 0.463069 - 0.298916% (5 / 598)
INFO - Passed dif dw:  12.4013 + 0.956114 - 0.896763% (157 / 1266)
INFO - Passed non-dif: 15.4763 + 0.169087 - 0.167591% (7144 / 46161)
INFO - Failed dif:     0.692042 + 0.685675 - 0.345621% (2 / 289)
INFO - Failed non-dif: 15.4763 + 0.169087 - 0.167591% (7144 / 46161)

INFO Bin 0 1 1
INFO - Passed dif up:  5.80271 + 0.770672 - 0.685266% (60 / 1034)
INFO - Passed dif dw:  41.6732 + 0.982495 - 0.975926% (1056 / 2534)
INFO - Passed non-dif: 55.7019 + 0.136761 - 0.136848% (73438 / 131841)
INFO - Failed dif:     36.2319 + 5.94516 - 5.55179% (25 / 69)
INFO - Failed non-dif: 55.7019 + 0.136761 - 0.136848% (73438 / 131841)

INFO Bin 0 1 2
INFO - Passed dif up:  6.43432 + 0.773092 - 0.695296% (72 / 1119)
INFO - Passed dif dw:  40.3148 + 0.882151 - 0.875931% (1255 / 3113)
INFO - Passed non-dif: 55.8916 + 0.100547 - 0.100595% (136229 / 243738)
INFO - Failed dif:     30.3371 + 5.06921 - 4.63226% (27 / 89)
INFO - Failed non-dif: 55.8916 + 0.100547 - 0.100595% (136229 / 243738)

INFO Bin 0 1 3
INFO - Passed dif up:  7.14818 + 0.735344 - 0.671577% (96 / 1343)
INFO - Passed dif dw:  37.8527 + 0.752831 - 0.747023% (1583 / 4182)
INFO - Passed non-dif: 51.6129 + 0.0687952 - 0.0688013% (272327 / 527634)
INFO - Failed dif:     30 + 3.86405 - 3.59915% (45 / 150)
INFO - Failed non-dif: 51.6129 + 0.0687952 - 0.0688013% (272327 / 527634)

INFO Bin 0 1 4
INFO - Passed dif up:  10.9524 + 1.00117 - 0.926869% (115 / 1050)
INFO - Passed dif dw:  48.4293 + 0.771235 - 0.770487% (2035 / 4202)
INFO - Passed non-dif: 63.0557 + 0.0473365 - 0.0473616% (655199 / 1039079)
INFO - Failed dif:     39.6313 + 3.36072 - 3.26559% (86 / 217)
INFO - Failed non-dif: 63.0557 + 0.0473365 - 0.0473616% (655199 / 1039079)

INFO Bin 0 1 5
INFO - Passed dif up:  10.7527 + 2.48493 - 2.06517% (20 / 186)
INFO - Passed dif dw:  60.8592 + 1.6721 - 1.69798% (510 / 838)
INFO - Passed non-dif: 77.378 + 0.0645743 - 0.064705% (324166 / 418938)
INFO - Failed dif:     51.0204 + 7.04922 - 7.09003% (25 / 49)
INFO - Failed non-dif: 77.378 + 0.0645743 - 0.064705% (324166 / 418938)

INFO Bin 1 0 0
INFO - Passed dif up:  10.5507 + 0.44432 - 0.428407% (523 / 4957)
INFO - Passed dif dw:  55.0142 + 0.447864 - 0.448678% (6775 / 12315)
INFO - Passed non-dif: 71.6974 + 0.150418 - 0.150903% (64096 / 89398)
INFO - Failed dif:     60.8605 + 0.837397 - 0.843841% (2051 / 3370)
INFO - Failed non-dif: 71.6974 + 0.150418 - 0.150903% (64096 / 89398)

INFO Bin 1 0 1
INFO - Passed dif up:  9.1217 + 0.441906 - 0.42345% (404 / 4429)
INFO - Passed dif dw:  56.7134 + 0.427411 - 0.428412% (7603 / 13406)
INFO - Passed non-dif: 73.8528 + 0.118575 - 0.118923% (101134 / 136940)
INFO - Failed dif:     59.325 + 2.05197 - 2.08504% (334 / 563)
INFO - Failed non-dif: 73.8528 + 0.118575 - 0.118923% (101134 / 136940)

INFO Bin 1 0 2
INFO - Passed dif up:  8.12648 + 0.482175 - 0.457435% (275 / 3384)
INFO - Passed dif dw:  50.903 + 0.481008 - 0.481175% (5496 / 10797)
INFO - Passed non-dif: 69.4538 + 0.110456 - 0.11068% (120528 / 173537)
INFO - Failed dif:     45.5189 + 2.42616 - 2.40508% (193 / 424)
INFO - Failed non-dif: 69.4538 + 0.110456 - 0.11068% (120528 / 173537)

INFO Bin 1 0 3
INFO - Passed dif up:  10.5064 + 0.611107 - 0.581267% (278 / 2646)
INFO - Passed dif dw:  51.3372 + 0.479015 - 0.479261% (5586 / 10881)
INFO - Passed non-dif: 69.1788 + 0.088437 - 0.088578% (188293 / 272183)
INFO - Failed dif:     45.6193 + 2.74678 - 2.72039% (151 / 331)
INFO - Failed non-dif: 69.1788 + 0.088437 - 0.088578% (188293 / 272183)

INFO Bin 1 0 4
INFO - Passed dif up:  15.8984 + 1.15351 - 1.08941% (169 / 1063)
INFO - Passed dif dw:  61.3295 + 0.653306 - 0.65741% (3386 / 5521)
INFO - Passed non-dif: 79.0334 + 0.079384 - 0.0796055% (207239 / 262217)
INFO - Failed dif:     47.7419 + 4.01362 - 3.98467% (74 / 155)
INFO - Failed non-dif: 79.0334 + 0.079384 - 0.0796055% (207239 / 262217)

INFO Bin 1 0 5
INFO - Passed dif up:  19.3548 + 5.48767 - 4.51481% (12 / 62)
INFO - Passed dif dw:  65.9367 + 2.29648 - 2.37385% (271 / 411)
INFO - Passed non-dif: 83.3946 + 0.178212 - 0.179757% (36049 / 43227)
INFO - Failed dif:     61.5385 + 12.2043 - 13.8526% (8 / 13)
INFO - Failed non-dif: 83.3946 + 0.178212 - 0.179757% (36049 / 43227)

INFO Bin 1 1 0
INFO - Passed dif up:  0.83612 + 0.463069 - 0.298916% (5 / 598)
INFO - Passed dif dw:  12.4013 + 0.956114 - 0.896763% (157 / 1266)
INFO - Passed non-dif: 15.3023 + 0.374148 - 0.3668% (1445 / 9443)
INFO - Failed dif:     0.692042 + 0.685675 - 0.345621% (2 / 289)
INFO - Failed non-dif: 15.3023 + 0.374148 - 0.3668% (1445 / 9443)

INFO Bin 1 1 1
INFO - Passed dif up:  5.80271 + 0.770672 - 0.685266% (60 / 1034)
INFO - Passed dif dw:  41.6732 + 0.982495 - 0.975926% (1056 / 2534)
INFO - Passed non-dif: 55.8411 + 0.304807 - 0.305248% (14799 / 26502)
INFO - Failed dif:     36.2319 + 5.94516 - 5.55179% (25 / 69)
INFO - Failed non-dif: 55.8411 + 0.304807 - 0.305248% (14799 / 26502)

INFO Bin 1 1 2
INFO - Passed dif up:  6.43432 + 0.773092 - 0.695296% (72 / 1119)
INFO - Passed dif dw:  40.3148 + 0.882151 - 0.875931% (1255 / 3113)
INFO - Passed non-dif: 56.9427 + 0.224435 - 0.22472% (27681 / 48612)
INFO - Failed dif:     30.3371 + 5.06921 - 4.63226% (27 / 89)
INFO - Failed non-dif: 56.9427 + 0.224435 - 0.22472% (27681 / 48612)

INFO Bin 1 1 3
INFO - Passed dif up:  7.14818 + 0.735344 - 0.671577% (96 / 1343)
INFO - Passed dif dw:  37.8527 + 0.752831 - 0.747023% (1583 / 4182)
INFO - Passed non-dif: 53.6543 + 0.154258 - 0.154328% (56043 / 104452)
INFO - Failed dif:     30 + 3.86405 - 3.59915% (45 / 150)
INFO - Failed non-dif: 53.6543 + 0.154258 - 0.154328% (56043 / 104452)

INFO Bin 1 1 4
INFO - Passed dif up:  10.9524 + 1.00117 - 0.926869% (115 / 1050)
INFO - Passed dif dw:  48.4293 + 0.771235 - 0.770487% (2035 / 4202)
INFO - Passed non-dif: 64.2607 + 0.104383 - 0.104519% (135272 / 210505)
INFO - Failed dif:     39.6313 + 3.36072 - 3.26559% (86 / 217)
INFO - Failed non-dif: 64.2607 + 0.104383 - 0.104519% (135272 / 210505)

INFO Bin 1 1 5
INFO - Passed dif up:  10.7527 + 2.48493 - 2.06517% (20 / 186)
INFO - Passed dif dw:  60.8592 + 1.6721 - 1.69798% (510 / 838)
INFO - Passed non-dif: 76.7831 + 0.139858 - 0.140448% (69683 / 90753)
INFO - Failed dif:     51.0204 + 7.04922 - 7.09003% (25 / 49)
INFO - Failed non-dif: 76.7831 + 0.139858 - 0.140448% (69683 / 90753)
