[I 260206 15:40:05 make_eff_histo_mod:189] Running PIDCalib2 make_eff_hists with the following config:
[I 260206 15:40:05 utils:117] ===============
[I 260206 15:40:05 utils:120] sample         : Electron17
[I 260206 15:40:05 utils:120] magnet         : both
[I 260206 15:40:05 utils:120] particle       : e_B_Jpsi
[I 260206 15:40:05 utils:120] pid_cuts       : ['Brunel_MC15TuneV1_ProbNNpi>0.1&Brunel_DLLK<0.0&Brunel_DLLp<0.0&Brunel_DLLe<2.0&Brunel_MC15TuneV1_ProbNNghost<0.25', 'Brunel_MC15TuneV1_ProbNNk>0.1&Brunel_DLLK>0.0&(Brunel_DLLp-Brunel_DLLK)<0.0&(Brunel_DLLe-Brunel_DLLK)<-2.0&Brunel_MC15TuneV1_ProbNNghost<0.25', 'Brunel_MC15TuneV1_ProbNNp>0.1&Brunel_DLLp>0.0&(Brunel_DLLp-Brunel_DLLK)>2.0&(Brunel_DLLe-Brunel_DLLp)<-2.0&Brunel_MC15TuneV1_ProbNNghost<0.25', 'Brunel_DLLe>2.0&(Brunel_DLLe-Brunel_DLLK)>-2.0&(Brunel_DLLe-Brunel_DLLp)>-2.0&Brunel_MC15TuneV1_ProbNNghost<0.25', '(Brunel_MC15TuneV1_ProbNNpi>0.1&Brunel_DLLK<0.0&Brunel_DLLp<0.0&Brunel_DLLe<2.0&Brunel_MC15TuneV1_ProbNNghost<0.25)==0.0&(Brunel_MC15TuneV1_ProbNNk>0.1&Brunel_DLLK>0.0&(Brunel_DLLp-Brunel_DLLK)<0.0&(Brunel_DLLe-Brunel_DLLK)<-2.0&Brunel_MC15TuneV1_ProbNNghost<0.25)==0.0&(Brunel_MC15TuneV1_ProbNNp>0.1&Brunel_DLLp>0.0&(Brunel_DLLp-Brunel_DLLK)>2.0&(Brunel_DLLe-Brunel_DLLp)<-2.0&Brunel_MC15TuneV1_ProbNNghost<0.25)==0.0&(Brunel_DLLe>2.0&(Brunel_DLLe-Brunel_DLLK)>-2.0&(Brunel_DLLe-Brunel_DLLp)>-2.0&Brunel_MC15TuneV1_ProbNNghost<0.25)==0.0']
[I 260206 15:40:05 utils:120] cuts           : ['TRACK_GHOSTPROB < 0.5 & IsMuon == 0.0 & InMuonAcc == 1.0 & MuonUnbiased == 1.0']
[I 260206 15:40:05 utils:120] bin_vars       : ['Brunel_P', 'Brunel_ETA', 'nTracks_Brunel']
[I 260206 15:40:05 utils:120] binning_file   : ./tmp/binning.json
[I 260206 15:40:05 utils:120] output_dir     : raw_histos/eTrueTo-2017
[I 260206 15:40:05 utils:120] verbose        : False
[I 260206 15:40:05 utils:120] pkl_name       : ['eTrueToPiTag.pkl', 'eTrueToKTag.pkl', 'eTrueToPTag.pkl', 'eTrueToETag.pkl', 'eTrueToGTag.pkl']
[I 260206 15:40:05 utils:120] version        : 1.0.6
[I 260206 15:40:05 utils:121] ===============
[I 260206 15:40:05 binning:205] Loading binnings from ./tmp/binning.json
[W 260206 15:40:05 binning:245] The following custom binnings are not being used: [{'particle': 'Pi', 'bin_var': 'Brunel_P'}, {'particle': 'Pi', 'bin_var': 'Brunel_ETA'}, {'particle': 'Pi', 'bin_var': 'nTracks_Brunel'}, {'particle': 'K', 'bin_var': 'Brunel_P'}, {'particle': 'K', 'bin_var': 'Brunel_ETA'}, {'particle': 'K', 'bin_var': 'nTracks_Brunel'}, {'particle': 'P', 'bin_var': 'Brunel_P'}, {'particle': 'P', 'bin_var': 'Brunel_ETA'}, {'particle': 'P', 'bin_var': 'nTracks_Brunel'}]
[I 260206 15:40:05 make_eff_histo_mod:215] Processing MapUp calibration samples
[I 260206 15:40:05 utils:461] Branches to be read: {'sWeight': 'probe_sWeight', 'Brunel_MC15TuneV1_ProbNNpi': 'probe_Brunel_MC15TuneV1_ProbNNpi', 'Brunel_DLLK': 'probe_Brunel_PIDK', 'Brunel_DLLp': 'probe_Brunel_PIDp', 'Brunel_DLLe': 'probe_Brunel_PIDe', 'Brunel_MC15TuneV1_ProbNNghost': 'probe_Brunel_MC15TuneV1_ProbNNghost', 'Brunel_MC15TuneV1_ProbNNk': 'probe_Brunel_MC15TuneV1_ProbNNk', 'Brunel_MC15TuneV1_ProbNNp': 'probe_Brunel_MC15TuneV1_ProbNNp', 'Brunel_P': 'probe_Brunel_P', 'Brunel_ETA': 'probe_Brunel_ETA', 'nTracks_Brunel': 'nTracks_Brunel', 'TRACK_GHOSTPROB': 'probe_TRACK_GHOSTPROB', 'IsMuon': 'probe_isMuon', 'InMuonAcc': 'probe_InMuonAcc', 'MuonUnbiased': 'probe_MuonUnbiased'}
[I 260206 15:40:05 utils:462] 1 calibration files from EOS will be processed
[I 260206 15:40:17 utils:517] Processed 1/1 files
[I 260206 15:40:17 utils:596] 547263/561918 (97.4%) events passed binning range cut
[I 260206 15:40:17 utils:596] 481574/547263 (88.0%) events passed user cut
[I 260206 15:40:17 utils:596] 156546/481574 (32.5%) events passed 'Brunel_MC15TuneV1_ProbNNpi>0.1&Brunel_DLLK<0.0&Brunel_DLLp<0.0&Brunel_DLLe<2.0&Brunel_MC15TuneV1_ProbNNghost<0.25' cut
[I 260206 15:40:17 utils:596] 25032/481574 (5.2%) events passed 'Brunel_MC15TuneV1_ProbNNk>0.1&Brunel_DLLK>0.0&(Brunel_DLLp-Brunel_DLLK)<0.0&(Brunel_DLLe-Brunel_DLLK)<-2.0&Brunel_MC15TuneV1_ProbNNghost<0.25' cut
[I 260206 15:40:17 utils:596] 15623/481574 (3.2%) events passed 'Brunel_MC15TuneV1_ProbNNp>0.1&Brunel_DLLp>0.0&(Brunel_DLLp-Brunel_DLLK)>2.0&(Brunel_DLLe-Brunel_DLLp)<-2.0&Brunel_MC15TuneV1_ProbNNghost<0.25' cut
[I 260206 15:40:17 utils:596] 184908/481574 (38.4%) events passed 'Brunel_DLLe>2.0&(Brunel_DLLe-Brunel_DLLK)>-2.0&(Brunel_DLLe-Brunel_DLLp)>-2.0&Brunel_MC15TuneV1_ProbNNghost<0.25' cut
[I 260206 15:40:17 utils:596] 99465/481574 (20.7%) events passed '(Brunel_MC15TuneV1_ProbNNpi>0.1&Brunel_DLLK<0.0&Brunel_DLLp<0.0&Brunel_DLLe<2.0&Brunel_MC15TuneV1_ProbNNghost<0.25)==0.0&(Brunel_MC15TuneV1_ProbNNk>0.1&Brunel_DLLK>0.0&(Brunel_DLLp-Brunel_DLLK)<0.0&(Brunel_DLLe-Brunel_DLLK)<-2.0&Brunel_MC15TuneV1_ProbNNghost<0.25)==0.0&(Brunel_MC15TuneV1_ProbNNp>0.1&Brunel_DLLp>0.0&(Brunel_DLLp-Brunel_DLLK)>2.0&(Brunel_DLLe-Brunel_DLLp)<-2.0&Brunel_MC15TuneV1_ProbNNghost<0.25)==0.0&(Brunel_DLLe>2.0&(Brunel_DLLe-Brunel_DLLK)>-2.0&(Brunel_DLLe-Brunel_DLLp)>-2.0&Brunel_MC15TuneV1_ProbNNghost<0.25)==0.0' cut
[I 260206 15:40:17 make_eff_histo_mod:220] Processing MagDown calibration samples
[I 260206 15:40:17 utils:461] Branches to be read: {'sWeight': 'probe_sWeight', 'Brunel_MC15TuneV1_ProbNNpi': 'probe_Brunel_MC15TuneV1_ProbNNpi', 'Brunel_DLLK': 'probe_Brunel_PIDK', 'Brunel_DLLp': 'probe_Brunel_PIDp', 'Brunel_DLLe': 'probe_Brunel_PIDe', 'Brunel_MC15TuneV1_ProbNNghost': 'probe_Brunel_MC15TuneV1_ProbNNghost', 'Brunel_MC15TuneV1_ProbNNk': 'probe_Brunel_MC15TuneV1_ProbNNk', 'Brunel_MC15TuneV1_ProbNNp': 'probe_Brunel_MC15TuneV1_ProbNNp', 'Brunel_P': 'probe_Brunel_P', 'Brunel_ETA': 'probe_Brunel_ETA', 'nTracks_Brunel': 'nTracks_Brunel', 'TRACK_GHOSTPROB': 'probe_TRACK_GHOSTPROB', 'IsMuon': 'probe_isMuon', 'InMuonAcc': 'probe_InMuonAcc', 'MuonUnbiased': 'probe_MuonUnbiased'}
[I 260206 15:40:17 utils:462] 1 calibration files from EOS will be processed
[I 260206 15:40:22 utils:517] Processed 1/1 files
[I 260206 15:40:22 utils:596] 458992/471467 (97.4%) events passed binning range cut
[I 260206 15:40:22 utils:596] 403780/458992 (88.0%) events passed user cut
[I 260206 15:40:22 utils:596] 132208/403780 (32.7%) events passed 'Brunel_MC15TuneV1_ProbNNpi>0.1&Brunel_DLLK<0.0&Brunel_DLLp<0.0&Brunel_DLLe<2.0&Brunel_MC15TuneV1_ProbNNghost<0.25' cut
[I 260206 15:40:22 utils:596] 20590/403780 (5.1%) events passed 'Brunel_MC15TuneV1_ProbNNk>0.1&Brunel_DLLK>0.0&(Brunel_DLLp-Brunel_DLLK)<0.0&(Brunel_DLLe-Brunel_DLLK)<-2.0&Brunel_MC15TuneV1_ProbNNghost<0.25' cut
[I 260206 15:40:22 utils:596] 13221/403780 (3.3%) events passed 'Brunel_MC15TuneV1_ProbNNp>0.1&Brunel_DLLp>0.0&(Brunel_DLLp-Brunel_DLLK)>2.0&(Brunel_DLLe-Brunel_DLLp)<-2.0&Brunel_MC15TuneV1_ProbNNghost<0.25' cut
[I 260206 15:40:22 utils:596] 153197/403780 (37.9%) events passed 'Brunel_DLLe>2.0&(Brunel_DLLe-Brunel_DLLK)>-2.0&(Brunel_DLLe-Brunel_DLLp)>-2.0&Brunel_MC15TuneV1_ProbNNghost<0.25' cut
[I 260206 15:40:22 utils:596] 84564/403780 (20.9%) events passed '(Brunel_MC15TuneV1_ProbNNpi>0.1&Brunel_DLLK<0.0&Brunel_DLLp<0.0&Brunel_DLLe<2.0&Brunel_MC15TuneV1_ProbNNghost<0.25)==0.0&(Brunel_MC15TuneV1_ProbNNk>0.1&Brunel_DLLK>0.0&(Brunel_DLLp-Brunel_DLLK)<0.0&(Brunel_DLLe-Brunel_DLLK)<-2.0&Brunel_MC15TuneV1_ProbNNghost<0.25)==0.0&(Brunel_MC15TuneV1_ProbNNp>0.1&Brunel_DLLp>0.0&(Brunel_DLLp-Brunel_DLLK)>2.0&(Brunel_DLLe-Brunel_DLLp)<-2.0&Brunel_MC15TuneV1_ProbNNghost<0.25)==0.0&(Brunel_DLLe>2.0&(Brunel_DLLe-Brunel_DLLK)>-2.0&(Brunel_DLLe-Brunel_DLLp)>-2.0&Brunel_MC15TuneV1_ProbNNghost<0.25)==0.0' cut
[W 260206 15:40:22 utils:97] There are 3 negative bins in the 'eff_Brunel_MC15TuneV1_ProbNNpi>0.1&Brunel_DLLK<0.0&Brunel_DLLp<0.0&Brunel_DLLe<2.0&Brunel_MC15TuneV1_ProbNNghost<0.25' efficiency histogram! You might want to change the binning.
[W 260206 15:40:22 utils:97] There are 3 negative bins in the 'eff_Brunel_MC15TuneV1_ProbNNk>0.1&Brunel_DLLK>0.0&(Brunel_DLLp-Brunel_DLLK)<0.0&(Brunel_DLLe-Brunel_DLLK)<-2.0&Brunel_MC15TuneV1_ProbNNghost<0.25' efficiency histogram! You might want to change the binning.
[I 260206 15:40:22 make_eff_histo_mod:239] Efficiency histogram of cut Brunel_MC15TuneV1_ProbNNpi>0.1&Brunel_DLLK<0.0&Brunel_DLLp<0.0&Brunel_DLLe<2.0&Brunel_MC15TuneV1_ProbNNghost<0.25 saved to 'raw_histos/eTrueTo-2017/eTrueToPiTag.pkl'
[I 260206 15:40:22 make_eff_histo_mod:239] Efficiency histogram of cut Brunel_MC15TuneV1_ProbNNk>0.1&Brunel_DLLK>0.0&(Brunel_DLLp-Brunel_DLLK)<0.0&(Brunel_DLLe-Brunel_DLLK)<-2.0&Brunel_MC15TuneV1_ProbNNghost<0.25 saved to 'raw_histos/eTrueTo-2017/eTrueToKTag.pkl'
[I 260206 15:40:23 make_eff_histo_mod:239] Efficiency histogram of cut Brunel_MC15TuneV1_ProbNNp>0.1&Brunel_DLLp>0.0&(Brunel_DLLp-Brunel_DLLK)>2.0&(Brunel_DLLe-Brunel_DLLp)<-2.0&Brunel_MC15TuneV1_ProbNNghost<0.25 saved to 'raw_histos/eTrueTo-2017/eTrueToPTag.pkl'
[I 260206 15:40:23 make_eff_histo_mod:239] Efficiency histogram of cut Brunel_DLLe>2.0&(Brunel_DLLe-Brunel_DLLK)>-2.0&(Brunel_DLLe-Brunel_DLLp)>-2.0&Brunel_MC15TuneV1_ProbNNghost<0.25 saved to 'raw_histos/eTrueTo-2017/eTrueToETag.pkl'
[I 260206 15:40:23 make_eff_histo_mod:239] Efficiency histogram of cut (Brunel_MC15TuneV1_ProbNNpi>0.1&Brunel_DLLK<0.0&Brunel_DLLp<0.0&Brunel_DLLe<2.0&Brunel_MC15TuneV1_ProbNNghost<0.25)==0.0&(Brunel_MC15TuneV1_ProbNNk>0.1&Brunel_DLLK>0.0&(Brunel_DLLp-Brunel_DLLK)<0.0&(Brunel_DLLe-Brunel_DLLK)<-2.0&Brunel_MC15TuneV1_ProbNNghost<0.25)==0.0&(Brunel_MC15TuneV1_ProbNNp>0.1&Brunel_DLLp>0.0&(Brunel_DLLp-Brunel_DLLK)>2.0&(Brunel_DLLe-Brunel_DLLp)<-2.0&Brunel_MC15TuneV1_ProbNNghost<0.25)==0.0&(Brunel_DLLe>2.0&(Brunel_DLLe-Brunel_DLLK)>-2.0&(Brunel_DLLe-Brunel_DLLp)>-2.0&Brunel_MC15TuneV1_ProbNNghost<0.25)==0.0 saved to 'raw_histos/eTrueTo-2017/eTrueToGTag.pkl'
[I 260206 15:41:15 make_eff_histo_mod:189] Running PIDCalib2 make_eff_hists with the following config:
[I 260206 15:41:15 utils:117] ===============
[I 260206 15:41:15 utils:120] sample         : Electron17
[I 260206 15:41:15 utils:120] magnet         : both
[I 260206 15:41:15 utils:120] particle       : e_B_Jpsi
[I 260206 15:41:15 utils:120] pid_cuts       : ['IsMuon==1.0&DLLe<1.0']
[I 260206 15:41:15 utils:120] cuts           : ['TRACK_GHOSTPROB < 0.5 & MuonUnbiased == 1.0 & InMuonAcc == 1.0']
[I 260206 15:41:15 utils:120] bin_vars       : ['Brunel_P', 'Brunel_ETA', 'nTracks_Brunel']
[I 260206 15:41:15 utils:120] binning_file   : ./tmp/binning.json
[I 260206 15:41:15 utils:120] output_dir     : raw_histos/eTrueTo-2017
[I 260206 15:41:15 utils:120] verbose        : False
[I 260206 15:41:15 utils:120] pkl_name       : ['eTrueToMuTag_nom.pkl']
[I 260206 15:41:15 utils:120] version        : 1.0.6
[I 260206 15:41:15 utils:121] ===============
[I 260206 15:41:15 binning:205] Loading binnings from ./tmp/binning.json
[W 260206 15:41:15 binning:245] The following custom binnings are not being used: [{'particle': 'Pi', 'bin_var': 'Brunel_P'}, {'particle': 'Pi', 'bin_var': 'Brunel_ETA'}, {'particle': 'Pi', 'bin_var': 'nTracks_Brunel'}, {'particle': 'K', 'bin_var': 'Brunel_P'}, {'particle': 'K', 'bin_var': 'Brunel_ETA'}, {'particle': 'K', 'bin_var': 'nTracks_Brunel'}, {'particle': 'P', 'bin_var': 'Brunel_P'}, {'particle': 'P', 'bin_var': 'Brunel_ETA'}, {'particle': 'P', 'bin_var': 'nTracks_Brunel'}]
[I 260206 15:41:15 make_eff_histo_mod:215] Processing MapUp calibration samples
[I 260206 15:41:15 utils:461] Branches to be read: {'sWeight': 'probe_sWeight', 'IsMuon': 'probe_isMuon', 'DLLe': 'probe_PIDe', 'Brunel_P': 'probe_Brunel_P', 'Brunel_ETA': 'probe_Brunel_ETA', 'nTracks_Brunel': 'nTracks_Brunel', 'TRACK_GHOSTPROB': 'probe_TRACK_GHOSTPROB', 'MuonUnbiased': 'probe_MuonUnbiased', 'InMuonAcc': 'probe_InMuonAcc'}
[I 260206 15:41:15 utils:462] 1 calibration files from EOS will be processed
[I 260206 15:41:20 utils:517] Processed 1/1 files
[I 260206 15:41:20 utils:596] 547263/561918 (97.4%) events passed binning range cut
[I 260206 15:41:20 utils:596] 507609/547263 (92.8%) events passed user cut
[I 260206 15:41:20 utils:596] 22041/507609 (4.3%) events passed 'IsMuon==1.0&DLLe<1.0' cut
[I 260206 15:41:20 make_eff_histo_mod:220] Processing MagDown calibration samples
[I 260206 15:41:20 utils:461] Branches to be read: {'sWeight': 'probe_sWeight', 'IsMuon': 'probe_isMuon', 'DLLe': 'probe_PIDe', 'Brunel_P': 'probe_Brunel_P', 'Brunel_ETA': 'probe_Brunel_ETA', 'nTracks_Brunel': 'nTracks_Brunel', 'TRACK_GHOSTPROB': 'probe_TRACK_GHOSTPROB', 'MuonUnbiased': 'probe_MuonUnbiased', 'InMuonAcc': 'probe_InMuonAcc'}
[I 260206 15:41:20 utils:462] 1 calibration files from EOS will be processed
[I 260206 15:41:23 utils:517] Processed 1/1 files
[I 260206 15:41:23 utils:596] 458992/471467 (97.4%) events passed binning range cut
[I 260206 15:41:23 utils:596] 425898/458992 (92.8%) events passed user cut
[I 260206 15:41:23 utils:596] 18856/425898 (4.4%) events passed 'IsMuon==1.0&DLLe<1.0' cut
[W 260206 15:41:23 utils:97] There are 2 negative bins in the 'eff_IsMuon==1.0&DLLe<1.0' efficiency histogram! You might want to change the binning.
[I 260206 15:41:24 make_eff_histo_mod:239] Efficiency histogram of cut IsMuon==1.0&DLLe<1.0 saved to 'raw_histos/eTrueTo-2017/eTrueToMuTag_nom.pkl'
[I 260206 15:42:15 make_eff_histo_mod:189] Running PIDCalib2 make_eff_hists with the following config:
[I 260206 15:42:15 utils:117] ===============
[I 260206 15:42:15 utils:120] sample         : Electron17
[I 260206 15:42:15 utils:120] magnet         : both
[I 260206 15:42:15 utils:120] particle       : e_B_Jpsi
[I 260206 15:42:15 utils:120] pid_cuts       : ['IsMuon==1.0&DLLe<1.0']
[I 260206 15:42:15 utils:120] cuts           : ['TRACK_GHOSTPROB < 0.5 & MuonUnbiased == 1.0 & InMuonAcc == 1.0']
[I 260206 15:42:15 utils:120] bin_vars       : ['Brunel_P', 'Brunel_ETA', 'nTracks_Brunel']
[I 260206 15:42:15 utils:120] binning_file   : ./tmp/binning.json
[I 260206 15:42:15 utils:120] output_dir     : raw_histos/eTrueTo-2017
[I 260206 15:42:15 utils:120] verbose        : False
[I 260206 15:42:15 utils:120] pkl_name       : ['eTrueToMuTag_nom_vmu.pkl']
[I 260206 15:42:15 utils:120] version        : 1.0.6
[I 260206 15:42:15 utils:121] ===============
[I 260206 15:42:15 binning:205] Loading binnings from ./tmp/binning.json
[W 260206 15:42:15 binning:245] The following custom binnings are not being used: [{'particle': 'Pi', 'bin_var': 'Brunel_P'}, {'particle': 'Pi', 'bin_var': 'Brunel_ETA'}, {'particle': 'Pi', 'bin_var': 'nTracks_Brunel'}, {'particle': 'K', 'bin_var': 'Brunel_P'}, {'particle': 'K', 'bin_var': 'Brunel_ETA'}, {'particle': 'K', 'bin_var': 'nTracks_Brunel'}, {'particle': 'P', 'bin_var': 'Brunel_P'}, {'particle': 'P', 'bin_var': 'Brunel_ETA'}, {'particle': 'P', 'bin_var': 'nTracks_Brunel'}]
[I 260206 15:42:15 make_eff_histo_mod:215] Processing MapUp calibration samples
[I 260206 15:42:15 utils:461] Branches to be read: {'sWeight': 'probe_sWeight', 'IsMuon': 'probe_isMuon', 'DLLe': 'probe_PIDe', 'Brunel_P': 'probe_Brunel_P', 'Brunel_ETA': 'probe_Brunel_ETA', 'nTracks_Brunel': 'nTracks_Brunel', 'TRACK_GHOSTPROB': 'probe_TRACK_GHOSTPROB', 'MuonUnbiased': 'probe_MuonUnbiased', 'InMuonAcc': 'probe_InMuonAcc'}
[I 260206 15:42:15 utils:462] 1 calibration files from EOS will be processed
[I 260206 15:42:21 utils:517] Processed 1/1 files
[I 260206 15:42:21 utils:596] 547263/561918 (97.4%) events passed binning range cut
[I 260206 15:42:21 utils:596] 507609/547263 (92.8%) events passed user cut
[I 260206 15:42:21 utils:596] 22041/507609 (4.3%) events passed 'IsMuon==1.0&DLLe<1.0' cut
[I 260206 15:42:21 make_eff_histo_mod:220] Processing MagDown calibration samples
[I 260206 15:42:21 utils:461] Branches to be read: {'sWeight': 'probe_sWeight', 'IsMuon': 'probe_isMuon', 'DLLe': 'probe_PIDe', 'Brunel_P': 'probe_Brunel_P', 'Brunel_ETA': 'probe_Brunel_ETA', 'nTracks_Brunel': 'nTracks_Brunel', 'TRACK_GHOSTPROB': 'probe_TRACK_GHOSTPROB', 'MuonUnbiased': 'probe_MuonUnbiased', 'InMuonAcc': 'probe_InMuonAcc'}
[I 260206 15:42:21 utils:462] 1 calibration files from EOS will be processed
[I 260206 15:42:27 utils:517] Processed 1/1 files
[I 260206 15:42:27 utils:596] 458992/471467 (97.4%) events passed binning range cut
[I 260206 15:42:27 utils:596] 425898/458992 (92.8%) events passed user cut
[I 260206 15:42:27 utils:596] 18856/425898 (4.4%) events passed 'IsMuon==1.0&DLLe<1.0' cut
[W 260206 15:42:27 utils:97] There are 2 negative bins in the 'eff_IsMuon==1.0&DLLe<1.0' efficiency histogram! You might want to change the binning.
[I 260206 15:42:27 make_eff_histo_mod:239] Efficiency histogram of cut IsMuon==1.0&DLLe<1.0 saved to 'raw_histos/eTrueTo-2017/eTrueToMuTag_nom_vmu.pkl'
[I 260206 15:43:22 make_eff_histo_mod:189] Running PIDCalib2 make_eff_hists with the following config:
[I 260206 15:43:22 utils:117] ===============
[I 260206 15:43:22 utils:120] sample         : Electron17
[I 260206 15:43:22 utils:120] magnet         : both
[I 260206 15:43:22 utils:120] particle       : e_B_Jpsi
[I 260206 15:43:22 utils:120] pid_cuts       : ['IsMuon==0.0']
[I 260206 15:43:22 utils:120] cuts           : ['TRACK_GHOSTPROB < 0.5 & MuonUnbiased == 1.0 & InMuonAcc == 1.0']
[I 260206 15:43:22 utils:120] bin_vars       : ['Brunel_P', 'Brunel_ETA', 'nTracks_Brunel']
[I 260206 15:43:22 utils:120] binning_file   : ./tmp/binning.json
[I 260206 15:43:22 utils:120] output_dir     : raw_histos/eTrueTo-2017
[I 260206 15:43:22 utils:120] verbose        : False
[I 260206 15:43:22 utils:120] pkl_name       : ['eTrueToMuTag_denom.pkl']
[I 260206 15:43:22 utils:120] version        : 1.0.6
[I 260206 15:43:22 utils:121] ===============
[I 260206 15:43:22 binning:205] Loading binnings from ./tmp/binning.json
[W 260206 15:43:22 binning:245] The following custom binnings are not being used: [{'particle': 'Pi', 'bin_var': 'Brunel_P'}, {'particle': 'Pi', 'bin_var': 'Brunel_ETA'}, {'particle': 'Pi', 'bin_var': 'nTracks_Brunel'}, {'particle': 'K', 'bin_var': 'Brunel_P'}, {'particle': 'K', 'bin_var': 'Brunel_ETA'}, {'particle': 'K', 'bin_var': 'nTracks_Brunel'}, {'particle': 'P', 'bin_var': 'Brunel_P'}, {'particle': 'P', 'bin_var': 'Brunel_ETA'}, {'particle': 'P', 'bin_var': 'nTracks_Brunel'}]
[I 260206 15:43:22 make_eff_histo_mod:215] Processing MapUp calibration samples
[I 260206 15:43:22 utils:461] Branches to be read: {'sWeight': 'probe_sWeight', 'IsMuon': 'probe_isMuon', 'Brunel_P': 'probe_Brunel_P', 'Brunel_ETA': 'probe_Brunel_ETA', 'nTracks_Brunel': 'nTracks_Brunel', 'TRACK_GHOSTPROB': 'probe_TRACK_GHOSTPROB', 'MuonUnbiased': 'probe_MuonUnbiased', 'InMuonAcc': 'probe_InMuonAcc'}
[I 260206 15:43:22 utils:462] 1 calibration files from EOS will be processed
[I 260206 15:43:26 utils:517] Processed 1/1 files
[I 260206 15:43:26 utils:596] 547263/561918 (97.4%) events passed binning range cut
[I 260206 15:43:26 utils:596] 507609/547263 (92.8%) events passed user cut
[I 260206 15:43:26 utils:596] 481574/507609 (94.9%) events passed 'IsMuon==0.0' cut
[I 260206 15:43:26 make_eff_histo_mod:220] Processing MagDown calibration samples
[I 260206 15:43:26 utils:461] Branches to be read: {'sWeight': 'probe_sWeight', 'IsMuon': 'probe_isMuon', 'Brunel_P': 'probe_Brunel_P', 'Brunel_ETA': 'probe_Brunel_ETA', 'nTracks_Brunel': 'nTracks_Brunel', 'TRACK_GHOSTPROB': 'probe_TRACK_GHOSTPROB', 'MuonUnbiased': 'probe_MuonUnbiased', 'InMuonAcc': 'probe_InMuonAcc'}
[I 260206 15:43:26 utils:462] 1 calibration files from EOS will be processed
[I 260206 15:43:31 utils:517] Processed 1/1 files
[I 260206 15:43:31 utils:596] 458992/471467 (97.4%) events passed binning range cut
[I 260206 15:43:31 utils:596] 425898/458992 (92.8%) events passed user cut
[I 260206 15:43:31 utils:596] 403780/425898 (94.8%) events passed 'IsMuon==0.0' cut
[W 260206 15:43:31 utils:97] There are 1 negative bins in the 'eff_IsMuon==0.0' efficiency histogram! You might want to change the binning.
[I 260206 15:43:31 make_eff_histo_mod:239] Efficiency histogram of cut IsMuon==0.0 saved to 'raw_histos/eTrueTo-2017/eTrueToMuTag_denom.pkl'

lb-conda pidcalib/2022-09-02 /afs/cern.ch/work/l/lmeyerga/misid-unfold/scripts/make_eff_histo_mod.py \
    --output-dir raw_histos/eTrueTo-2017 \
    --sample Electron17 --magnet both \
    --particle e_B_Jpsi \
    --binning-file ./tmp/binning.json \
    --cut "TRACK_GHOSTPROB < 0.5 & IsMuon == 0.0 & InMuonAcc == 1.0 & MuonUnbiased == 1.0" --pid-cut "Brunel_MC15TuneV1_ProbNNpi > 0.1 & Brunel_DLLK < 0.0 & Brunel_DLLp < 0.0 & Brunel_DLLe < 2.0 & Brunel_MC15TuneV1_ProbNNghost < 0.25" --pkl-name eTrueToPiTag.pkl --pid-cut "Brunel_MC15TuneV1_ProbNNk > 0.1 & Brunel_DLLK > 0.0 & (Brunel_DLLp - Brunel_DLLK) < 0.0 & (Brunel_DLLe - Brunel_DLLK) < -2.0 & Brunel_MC15TuneV1_ProbNNghost < 0.25" --pkl-name eTrueToKTag.pkl --pid-cut "Brunel_MC15TuneV1_ProbNNp > 0.1 & Brunel_DLLp > 0.0 & (Brunel_DLLp - Brunel_DLLK) > 2.0 & (Brunel_DLLe - Brunel_DLLp) < -2.0 & Brunel_MC15TuneV1_ProbNNghost < 0.25" --pkl-name eTrueToPTag.pkl --pid-cut "Brunel_DLLe > 2.0 & (Brunel_DLLe - Brunel_DLLK) > -2.0 & (Brunel_DLLe - Brunel_DLLp) > -2.0 & Brunel_MC15TuneV1_ProbNNghost < 0.25" --pkl-name eTrueToETag.pkl --pid-cut "(Brunel_MC15TuneV1_ProbNNpi > 0.1 & Brunel_DLLK < 0.0 & Brunel_DLLp < 0.0 & Brunel_DLLe < 2.0 & Brunel_MC15TuneV1_ProbNNghost < 0.25) == 0.0 & (Brunel_MC15TuneV1_ProbNNk > 0.1 & Brunel_DLLK > 0.0 & (Brunel_DLLp - Brunel_DLLK) < 0.0 & (Brunel_DLLe - Brunel_DLLK) < -2.0 & Brunel_MC15TuneV1_ProbNNghost < 0.25) == 0.0 & (Brunel_MC15TuneV1_ProbNNp > 0.1 & Brunel_DLLp > 0.0 & (Brunel_DLLp - Brunel_DLLK) > 2.0 & (Brunel_DLLe - Brunel_DLLp) < -2.0 & Brunel_MC15TuneV1_ProbNNghost < 0.25) == 0.0 & (Brunel_DLLe > 2.0 & (Brunel_DLLe - Brunel_DLLK) > -2.0 & (Brunel_DLLe - Brunel_DLLp) > -2.0 & Brunel_MC15TuneV1_ProbNNghost < 0.25) == 0.0" --pkl-name eTrueToGTag.pkl --bin-var Brunel_P --bin-var Brunel_ETA --bin-var nTracks_Brunel


lb-conda pidcalib/2022-09-02 pidcalib2.pklhisto2root "raw_histos/eTrueTo-2017/eTrueToPiTag.pkl"


lb-conda pidcalib/2022-09-02 pidcalib2.pklhisto2root "raw_histos/eTrueTo-2017/eTrueToKTag.pkl"


lb-conda pidcalib/2022-09-02 pidcalib2.pklhisto2root "raw_histos/eTrueTo-2017/eTrueToPTag.pkl"


lb-conda pidcalib/2022-09-02 pidcalib2.pklhisto2root "raw_histos/eTrueTo-2017/eTrueToETag.pkl"


lb-conda pidcalib/2022-09-02 pidcalib2.pklhisto2root "raw_histos/eTrueTo-2017/eTrueToGTag.pkl"


cp "raw_histos/eTrueTo-2017/eTrueToPiTag.root" ./eTrueToPiTag.root


cp "raw_histos/eTrueTo-2017/eTrueToKTag.root" ./eTrueToKTag.root


cp "raw_histos/eTrueTo-2017/eTrueToPTag.root" ./eTrueToPTag.root


cp "raw_histos/eTrueTo-2017/eTrueToETag.root" ./eTrueToETag.root


cp "raw_histos/eTrueTo-2017/eTrueToGTag.root" ./eTrueToGTag.root


lb-conda pidcalib/2022-09-02 /afs/cern.ch/work/l/lmeyerga/misid-unfold/scripts/make_eff_histo_mod.py \
    --output-dir raw_histos/eTrueTo-2017 \
    --sample Electron17 --magnet both \
    --particle e_B_Jpsi \
    --binning-file ./tmp/binning.json \
    --cut "TRACK_GHOSTPROB < 0.5 & MuonUnbiased == 1.0 & InMuonAcc == 1.0" --pid-cut "IsMuon == 1.0 & DLLe < 1.0" --pkl-name eTrueToMuTag_nom.pkl --bin-var Brunel_P --bin-var Brunel_ETA --bin-var nTracks_Brunel


lb-conda pidcalib/2022-09-02 pidcalib2.pklhisto2root "raw_histos/eTrueTo-2017/eTrueToPiTag.pkl"


lb-conda pidcalib/2022-09-02 pidcalib2.pklhisto2root "raw_histos/eTrueTo-2017/eTrueToKTag.pkl"


lb-conda pidcalib/2022-09-02 pidcalib2.pklhisto2root "raw_histos/eTrueTo-2017/eTrueToPTag.pkl"


lb-conda pidcalib/2022-09-02 pidcalib2.pklhisto2root "raw_histos/eTrueTo-2017/eTrueToETag.pkl"


lb-conda pidcalib/2022-09-02 pidcalib2.pklhisto2root "raw_histos/eTrueTo-2017/eTrueToGTag.pkl"


lb-conda pidcalib/2022-09-02 pidcalib2.pklhisto2root "raw_histos/eTrueTo-2017/eTrueToMuTag_nom.pkl"


cp "raw_histos/eTrueTo-2017/eTrueToPiTag.root" ./eTrueToPiTag.root


cp "raw_histos/eTrueTo-2017/eTrueToKTag.root" ./eTrueToKTag.root


cp "raw_histos/eTrueTo-2017/eTrueToPTag.root" ./eTrueToPTag.root


cp "raw_histos/eTrueTo-2017/eTrueToETag.root" ./eTrueToETag.root


cp "raw_histos/eTrueTo-2017/eTrueToGTag.root" ./eTrueToGTag.root


cp "raw_histos/eTrueTo-2017/eTrueToMuTag_nom.root" ./eTrueToMuTag_nom.root


lb-conda pidcalib/2022-09-02 /afs/cern.ch/work/l/lmeyerga/misid-unfold/scripts/make_eff_histo_mod.py \
    --output-dir raw_histos/eTrueTo-2017 \
    --sample Electron17 --magnet both \
    --particle e_B_Jpsi \
    --binning-file ./tmp/binning.json \
    --cut "TRACK_GHOSTPROB < 0.5 & MuonUnbiased == 1.0 & InMuonAcc == 1.0" --pid-cut "IsMuon == 1.0 & DLLe < 1.0" --pkl-name eTrueToMuTag_nom_vmu.pkl --bin-var Brunel_P --bin-var Brunel_ETA --bin-var nTracks_Brunel


lb-conda pidcalib/2022-09-02 pidcalib2.pklhisto2root "raw_histos/eTrueTo-2017/eTrueToPiTag.pkl"


lb-conda pidcalib/2022-09-02 pidcalib2.pklhisto2root "raw_histos/eTrueTo-2017/eTrueToKTag.pkl"


lb-conda pidcalib/2022-09-02 pidcalib2.pklhisto2root "raw_histos/eTrueTo-2017/eTrueToPTag.pkl"


lb-conda pidcalib/2022-09-02 pidcalib2.pklhisto2root "raw_histos/eTrueTo-2017/eTrueToETag.pkl"


lb-conda pidcalib/2022-09-02 pidcalib2.pklhisto2root "raw_histos/eTrueTo-2017/eTrueToGTag.pkl"


lb-conda pidcalib/2022-09-02 pidcalib2.pklhisto2root "raw_histos/eTrueTo-2017/eTrueToMuTag_nom.pkl"


lb-conda pidcalib/2022-09-02 pidcalib2.pklhisto2root "raw_histos/eTrueTo-2017/eTrueToMuTag_nom_vmu.pkl"


cp "raw_histos/eTrueTo-2017/eTrueToPiTag.root" ./eTrueToPiTag.root


cp "raw_histos/eTrueTo-2017/eTrueToKTag.root" ./eTrueToKTag.root


cp "raw_histos/eTrueTo-2017/eTrueToPTag.root" ./eTrueToPTag.root


cp "raw_histos/eTrueTo-2017/eTrueToETag.root" ./eTrueToETag.root


cp "raw_histos/eTrueTo-2017/eTrueToGTag.root" ./eTrueToGTag.root


cp "raw_histos/eTrueTo-2017/eTrueToMuTag_nom.root" ./eTrueToMuTag_nom.root


cp "raw_histos/eTrueTo-2017/eTrueToMuTag_nom_vmu.root" ./eTrueToMuTag_nom_vmu.root


lb-conda pidcalib/2022-09-02 /afs/cern.ch/work/l/lmeyerga/misid-unfold/scripts/make_eff_histo_mod.py \
    --output-dir raw_histos/eTrueTo-2017 \
    --sample Electron17 --magnet both \
    --particle e_B_Jpsi \
    --binning-file ./tmp/binning.json \
    --cut "TRACK_GHOSTPROB < 0.5 & MuonUnbiased == 1.0 & InMuonAcc == 1.0" --pid-cut "IsMuon == 0.0" --pkl-name eTrueToMuTag_denom.pkl --bin-var Brunel_P --bin-var Brunel_ETA --bin-var nTracks_Brunel


lb-conda pidcalib/2022-09-02 pidcalib2.pklhisto2root "raw_histos/eTrueTo-2017/eTrueToPiTag.pkl"


lb-conda pidcalib/2022-09-02 pidcalib2.pklhisto2root "raw_histos/eTrueTo-2017/eTrueToKTag.pkl"


lb-conda pidcalib/2022-09-02 pidcalib2.pklhisto2root "raw_histos/eTrueTo-2017/eTrueToPTag.pkl"


lb-conda pidcalib/2022-09-02 pidcalib2.pklhisto2root "raw_histos/eTrueTo-2017/eTrueToETag.pkl"


lb-conda pidcalib/2022-09-02 pidcalib2.pklhisto2root "raw_histos/eTrueTo-2017/eTrueToGTag.pkl"


lb-conda pidcalib/2022-09-02 pidcalib2.pklhisto2root "raw_histos/eTrueTo-2017/eTrueToMuTag_nom.pkl"


lb-conda pidcalib/2022-09-02 pidcalib2.pklhisto2root "raw_histos/eTrueTo-2017/eTrueToMuTag_nom_vmu.pkl"


lb-conda pidcalib/2022-09-02 pidcalib2.pklhisto2root "raw_histos/eTrueTo-2017/eTrueToMuTag_denom.pkl"


cp "raw_histos/eTrueTo-2017/eTrueToPiTag.root" ./eTrueToPiTag.root


cp "raw_histos/eTrueTo-2017/eTrueToKTag.root" ./eTrueToKTag.root


cp "raw_histos/eTrueTo-2017/eTrueToPTag.root" ./eTrueToPTag.root


cp "raw_histos/eTrueTo-2017/eTrueToETag.root" ./eTrueToETag.root


cp "raw_histos/eTrueTo-2017/eTrueToGTag.root" ./eTrueToGTag.root


cp "raw_histos/eTrueTo-2017/eTrueToMuTag_nom.root" ./eTrueToMuTag_nom.root


cp "raw_histos/eTrueTo-2017/eTrueToMuTag_nom_vmu.root" ./eTrueToMuTag_nom_vmu.root


cp "raw_histos/eTrueTo-2017/eTrueToMuTag_denom.root" ./eTrueToMuTag_denom.root

