[I 260205 15:47:50 make_eff_histo_mod:189] Running PIDCalib2 make_eff_hists with the following config:
[I 260205 15:47:50 utils:117] ===============
[I 260205 15:47:50 utils:120] sample         : Turbo16
[I 260205 15:47:50 utils:120] magnet         : both
[I 260205 15:47:50 utils:120] particle       : Pi
[I 260205 15:47:50 utils:120] pid_cuts       : ['Brunel_MC15TuneV1_ProbNNpi>0.1&Brunel_DLLK<0.0&Brunel_DLLp<0.0&Brunel_DLLe<2.0&Brunel_MC15TuneV1_ProbNNghost<0.25', 'Brunel_MC15TuneV1_ProbNNk>0.1&Brunel_DLLK>0.0&(Brunel_DLLp-Brunel_DLLK)<0.0&(Brunel_DLLe-Brunel_DLLK)<-2.0&Brunel_MC15TuneV1_ProbNNghost<0.25', 'Brunel_MC15TuneV1_ProbNNp>0.1&Brunel_DLLp>0.0&(Brunel_DLLp-Brunel_DLLK)>2.0&(Brunel_DLLe-Brunel_DLLp)<-2.0&Brunel_MC15TuneV1_ProbNNghost<0.25', 'Brunel_DLLe>2.0&(Brunel_DLLe-Brunel_DLLK)>-2.0&(Brunel_DLLe-Brunel_DLLp)>-2.0&Brunel_MC15TuneV1_ProbNNghost<0.25', '(Brunel_MC15TuneV1_ProbNNpi>0.1&Brunel_DLLK<0.0&Brunel_DLLp<0.0&Brunel_DLLe<2.0&Brunel_MC15TuneV1_ProbNNghost<0.25)==0.0&(Brunel_MC15TuneV1_ProbNNk>0.1&Brunel_DLLK>0.0&(Brunel_DLLp-Brunel_DLLK)<0.0&(Brunel_DLLe-Brunel_DLLK)<-2.0&Brunel_MC15TuneV1_ProbNNghost<0.25)==0.0&(Brunel_MC15TuneV1_ProbNNp>0.1&Brunel_DLLp>0.0&(Brunel_DLLp-Brunel_DLLK)>2.0&(Brunel_DLLe-Brunel_DLLp)<-2.0&Brunel_MC15TuneV1_ProbNNghost<0.25)==0.0&(Brunel_DLLe>2.0&(Brunel_DLLe-Brunel_DLLK)>-2.0&(Brunel_DLLe-Brunel_DLLp)>-2.0&Brunel_MC15TuneV1_ProbNNghost<0.25)==0.0']
[I 260205 15:47:50 utils:120] cuts           : ['TRACK_GHOSTPROB < 0.5 & IsMuon == 0.0 & InMuonAcc == 1.0 & MuonUnbiased == 1.0']
[I 260205 15:47:50 utils:120] bin_vars       : ['Brunel_P', 'Brunel_ETA', 'nTracks_Brunel']
[I 260205 15:47:50 utils:120] binning_file   : ./tmp/binning.json
[I 260205 15:47:50 utils:120] output_dir     : raw_histos/piTrueTo-2016
[I 260205 15:47:50 utils:120] verbose        : False
[I 260205 15:47:50 utils:120] pkl_name       : ['piTrueToPiTag.pkl', 'piTrueToKTag.pkl', 'piTrueToPTag.pkl', 'piTrueToETag.pkl', 'piTrueToGTag.pkl']
[I 260205 15:47:50 utils:120] version        : N/A
[I 260205 15:47:50 utils:121] ===============
[I 260205 15:47:50 binning:205] Loading binnings from ./tmp/binning.json
[W 260205 15:47:50 binning:245] The following custom binnings are not being used: [{'particle': 'K', 'bin_var': 'Brunel_P'}, {'particle': 'K', 'bin_var': 'Brunel_ETA'}, {'particle': 'K', 'bin_var': 'nTracks_Brunel'}, {'particle': 'P', 'bin_var': 'Brunel_P'}, {'particle': 'P', 'bin_var': 'Brunel_ETA'}, {'particle': 'P', 'bin_var': 'nTracks_Brunel'}, {'particle': 'e_B_Jpsi', 'bin_var': 'Brunel_P'}, {'particle': 'e_B_Jpsi', 'bin_var': 'Brunel_ETA'}, {'particle': 'e_B_Jpsi', 'bin_var': 'nTracks'}]
[I 260205 15:47:50 make_eff_histo_mod:215] Processing MapUp calibration samples
[I 260205 15:47:50 utils:461] Branches to be read: {'sWeight': 'probe_sWeight', 'Brunel_MC15TuneV1_ProbNNpi': 'probe_Brunel_MC15TuneV1_ProbNNpi', 'Brunel_DLLK': 'probe_Brunel_PIDK', 'Brunel_DLLp': 'probe_Brunel_PIDp', 'Brunel_DLLe': 'probe_Brunel_PIDe', 'Brunel_MC15TuneV1_ProbNNghost': 'probe_Brunel_MC15TuneV1_ProbNNghost', 'Brunel_MC15TuneV1_ProbNNk': 'probe_Brunel_MC15TuneV1_ProbNNk', 'Brunel_MC15TuneV1_ProbNNp': 'probe_Brunel_MC15TuneV1_ProbNNp', 'Brunel_P': 'probe_Brunel_P', 'Brunel_ETA': 'probe_Brunel_ETA', 'nTracks_Brunel': 'nTracks_Brunel', 'TRACK_GHOSTPROB': 'probe_TRACK_GHOSTPROB', 'IsMuon': 'probe_isMuon', 'InMuonAcc': 'probe_InMuonAcc', 'MuonUnbiased': 'probe_MuonUnbiased'}
[I 260205 15:47:50 utils:462] 126 calibration files from EOS will be processed
[I 260205 16:12:12 utils:517] Processed 126/126 files
[I 260205 16:12:12 utils:596] 61073247/66025881 (92.5%) events passed binning range cut
[I 260205 16:12:12 utils:596] 28327937/61073247 (46.4%) events passed user cut
[I 260205 16:12:12 utils:596] 23272093/28327937 (82.2%) events passed 'Brunel_MC15TuneV1_ProbNNpi>0.1&Brunel_DLLK<0.0&Brunel_DLLp<0.0&Brunel_DLLe<2.0&Brunel_MC15TuneV1_ProbNNghost<0.25' cut
[I 260205 16:12:12 utils:596] 1482096/28327937 (5.2%) events passed 'Brunel_MC15TuneV1_ProbNNk>0.1&Brunel_DLLK>0.0&(Brunel_DLLp-Brunel_DLLK)<0.0&(Brunel_DLLe-Brunel_DLLK)<-2.0&Brunel_MC15TuneV1_ProbNNghost<0.25' cut
[I 260205 16:12:12 utils:596] 674582/28327937 (2.4%) events passed 'Brunel_MC15TuneV1_ProbNNp>0.1&Brunel_DLLp>0.0&(Brunel_DLLp-Brunel_DLLK)>2.0&(Brunel_DLLe-Brunel_DLLp)<-2.0&Brunel_MC15TuneV1_ProbNNghost<0.25' cut
[I 260205 16:12:12 utils:596] 539773/28327937 (1.9%) events passed 'Brunel_DLLe>2.0&(Brunel_DLLe-Brunel_DLLK)>-2.0&(Brunel_DLLe-Brunel_DLLp)>-2.0&Brunel_MC15TuneV1_ProbNNghost<0.25' cut
[I 260205 16:12:12 utils:596] 2359393/28327937 (8.3%) events passed '(Brunel_MC15TuneV1_ProbNNpi>0.1&Brunel_DLLK<0.0&Brunel_DLLp<0.0&Brunel_DLLe<2.0&Brunel_MC15TuneV1_ProbNNghost<0.25)==0.0&(Brunel_MC15TuneV1_ProbNNk>0.1&Brunel_DLLK>0.0&(Brunel_DLLp-Brunel_DLLK)<0.0&(Brunel_DLLe-Brunel_DLLK)<-2.0&Brunel_MC15TuneV1_ProbNNghost<0.25)==0.0&(Brunel_MC15TuneV1_ProbNNp>0.1&Brunel_DLLp>0.0&(Brunel_DLLp-Brunel_DLLK)>2.0&(Brunel_DLLe-Brunel_DLLp)<-2.0&Brunel_MC15TuneV1_ProbNNghost<0.25)==0.0&(Brunel_DLLe>2.0&(Brunel_DLLe-Brunel_DLLK)>-2.0&(Brunel_DLLe-Brunel_DLLp)>-2.0&Brunel_MC15TuneV1_ProbNNghost<0.25)==0.0' cut
[I 260205 16:12:12 make_eff_histo_mod:220] Processing MagDown calibration samples
[I 260205 16:12:12 utils:461] Branches to be read: {'sWeight': 'probe_sWeight', 'Brunel_MC15TuneV1_ProbNNpi': 'probe_Brunel_MC15TuneV1_ProbNNpi', 'Brunel_DLLK': 'probe_Brunel_PIDK', 'Brunel_DLLp': 'probe_Brunel_PIDp', 'Brunel_DLLe': 'probe_Brunel_PIDe', 'Brunel_MC15TuneV1_ProbNNghost': 'probe_Brunel_MC15TuneV1_ProbNNghost', 'Brunel_MC15TuneV1_ProbNNk': 'probe_Brunel_MC15TuneV1_ProbNNk', 'Brunel_MC15TuneV1_ProbNNp': 'probe_Brunel_MC15TuneV1_ProbNNp', 'Brunel_P': 'probe_Brunel_P', 'Brunel_ETA': 'probe_Brunel_ETA', 'nTracks_Brunel': 'nTracks_Brunel', 'TRACK_GHOSTPROB': 'probe_TRACK_GHOSTPROB', 'IsMuon': 'probe_isMuon', 'InMuonAcc': 'probe_InMuonAcc', 'MuonUnbiased': 'probe_MuonUnbiased'}
[I 260205 16:12:12 utils:462] 164 calibration files from EOS will be processed
[I 260205 16:40:33 utils:517] Processed 164/164 files
[I 260205 16:40:33 utils:596] 87406512/94604994 (92.4%) events passed binning range cut
[I 260205 16:40:33 utils:596] 44913191/87406512 (51.4%) events passed user cut
[I 260205 16:40:33 utils:596] 36849112/44913191 (82.0%) events passed 'Brunel_MC15TuneV1_ProbNNpi>0.1&Brunel_DLLK<0.0&Brunel_DLLp<0.0&Brunel_DLLe<2.0&Brunel_MC15TuneV1_ProbNNghost<0.25' cut
[I 260205 16:40:33 utils:596] 2325945/44913191 (5.2%) events passed 'Brunel_MC15TuneV1_ProbNNk>0.1&Brunel_DLLK>0.0&(Brunel_DLLp-Brunel_DLLK)<0.0&(Brunel_DLLe-Brunel_DLLK)<-2.0&Brunel_MC15TuneV1_ProbNNghost<0.25' cut
[I 260205 16:40:33 utils:596] 1111564/44913191 (2.5%) events passed 'Brunel_MC15TuneV1_ProbNNp>0.1&Brunel_DLLp>0.0&(Brunel_DLLp-Brunel_DLLK)>2.0&(Brunel_DLLe-Brunel_DLLp)<-2.0&Brunel_MC15TuneV1_ProbNNghost<0.25' cut
[I 260205 16:40:33 utils:596] 812832/44913191 (1.8%) events passed 'Brunel_DLLe>2.0&(Brunel_DLLe-Brunel_DLLK)>-2.0&(Brunel_DLLe-Brunel_DLLp)>-2.0&Brunel_MC15TuneV1_ProbNNghost<0.25' cut
[I 260205 16:40:33 utils:596] 3813738/44913191 (8.5%) events passed '(Brunel_MC15TuneV1_ProbNNpi>0.1&Brunel_DLLK<0.0&Brunel_DLLp<0.0&Brunel_DLLe<2.0&Brunel_MC15TuneV1_ProbNNghost<0.25)==0.0&(Brunel_MC15TuneV1_ProbNNk>0.1&Brunel_DLLK>0.0&(Brunel_DLLp-Brunel_DLLK)<0.0&(Brunel_DLLe-Brunel_DLLK)<-2.0&Brunel_MC15TuneV1_ProbNNghost<0.25)==0.0&(Brunel_MC15TuneV1_ProbNNp>0.1&Brunel_DLLp>0.0&(Brunel_DLLp-Brunel_DLLK)>2.0&(Brunel_DLLe-Brunel_DLLp)<-2.0&Brunel_MC15TuneV1_ProbNNghost<0.25)==0.0&(Brunel_DLLe>2.0&(Brunel_DLLe-Brunel_DLLK)>-2.0&(Brunel_DLLe-Brunel_DLLp)>-2.0&Brunel_MC15TuneV1_ProbNNghost<0.25)==0.0' cut
[I 260205 16:40:33 make_eff_histo_mod:239] Efficiency histogram of cut Brunel_MC15TuneV1_ProbNNpi>0.1&Brunel_DLLK<0.0&Brunel_DLLp<0.0&Brunel_DLLe<2.0&Brunel_MC15TuneV1_ProbNNghost<0.25 saved to 'raw_histos/piTrueTo-2016/piTrueToPiTag.pkl'
[I 260205 16:40:33 make_eff_histo_mod:239] Efficiency histogram of cut Brunel_MC15TuneV1_ProbNNk>0.1&Brunel_DLLK>0.0&(Brunel_DLLp-Brunel_DLLK)<0.0&(Brunel_DLLe-Brunel_DLLK)<-2.0&Brunel_MC15TuneV1_ProbNNghost<0.25 saved to 'raw_histos/piTrueTo-2016/piTrueToKTag.pkl'
[I 260205 16:40:33 make_eff_histo_mod:239] Efficiency histogram of cut Brunel_MC15TuneV1_ProbNNp>0.1&Brunel_DLLp>0.0&(Brunel_DLLp-Brunel_DLLK)>2.0&(Brunel_DLLe-Brunel_DLLp)<-2.0&Brunel_MC15TuneV1_ProbNNghost<0.25 saved to 'raw_histos/piTrueTo-2016/piTrueToPTag.pkl'
[I 260205 16:40:33 make_eff_histo_mod:239] Efficiency histogram of cut Brunel_DLLe>2.0&(Brunel_DLLe-Brunel_DLLK)>-2.0&(Brunel_DLLe-Brunel_DLLp)>-2.0&Brunel_MC15TuneV1_ProbNNghost<0.25 saved to 'raw_histos/piTrueTo-2016/piTrueToETag.pkl'
[I 260205 16:40:33 make_eff_histo_mod:239] Efficiency histogram of cut (Brunel_MC15TuneV1_ProbNNpi>0.1&Brunel_DLLK<0.0&Brunel_DLLp<0.0&Brunel_DLLe<2.0&Brunel_MC15TuneV1_ProbNNghost<0.25)==0.0&(Brunel_MC15TuneV1_ProbNNk>0.1&Brunel_DLLK>0.0&(Brunel_DLLp-Brunel_DLLK)<0.0&(Brunel_DLLe-Brunel_DLLK)<-2.0&Brunel_MC15TuneV1_ProbNNghost<0.25)==0.0&(Brunel_MC15TuneV1_ProbNNp>0.1&Brunel_DLLp>0.0&(Brunel_DLLp-Brunel_DLLK)>2.0&(Brunel_DLLe-Brunel_DLLp)<-2.0&Brunel_MC15TuneV1_ProbNNghost<0.25)==0.0&(Brunel_DLLe>2.0&(Brunel_DLLe-Brunel_DLLK)>-2.0&(Brunel_DLLe-Brunel_DLLp)>-2.0&Brunel_MC15TuneV1_ProbNNghost<0.25)==0.0 saved to 'raw_histos/piTrueTo-2016/piTrueToGTag.pkl'
[I 260205 16:40:47 make_eff_histo_mod:189] Running PIDCalib2 make_eff_hists with the following config:
[I 260205 16:40:47 utils:117] ===============
[I 260205 16:40:47 utils:120] sample         : Turbo16
[I 260205 16:40:47 utils:120] magnet         : both
[I 260205 16:40:47 utils:120] particle       : K
[I 260205 16:40:47 utils:120] pid_cuts       : ['Brunel_MC15TuneV1_ProbNNpi>0.1&Brunel_DLLK<0.0&Brunel_DLLp<0.0&Brunel_DLLe<2.0&Brunel_MC15TuneV1_ProbNNghost<0.25', 'Brunel_MC15TuneV1_ProbNNk>0.1&Brunel_DLLK>0.0&(Brunel_DLLp-Brunel_DLLK)<0.0&(Brunel_DLLe-Brunel_DLLK)<-2.0&Brunel_MC15TuneV1_ProbNNghost<0.25', 'Brunel_MC15TuneV1_ProbNNp>0.1&Brunel_DLLp>0.0&(Brunel_DLLp-Brunel_DLLK)>2.0&(Brunel_DLLe-Brunel_DLLp)<-2.0&Brunel_MC15TuneV1_ProbNNghost<0.25', 'Brunel_DLLe>2.0&(Brunel_DLLe-Brunel_DLLK)>-2.0&(Brunel_DLLe-Brunel_DLLp)>-2.0&Brunel_MC15TuneV1_ProbNNghost<0.25', '(Brunel_MC15TuneV1_ProbNNpi>0.1&Brunel_DLLK<0.0&Brunel_DLLp<0.0&Brunel_DLLe<2.0&Brunel_MC15TuneV1_ProbNNghost<0.25)==0.0&(Brunel_MC15TuneV1_ProbNNk>0.1&Brunel_DLLK>0.0&(Brunel_DLLp-Brunel_DLLK)<0.0&(Brunel_DLLe-Brunel_DLLK)<-2.0&Brunel_MC15TuneV1_ProbNNghost<0.25)==0.0&(Brunel_MC15TuneV1_ProbNNp>0.1&Brunel_DLLp>0.0&(Brunel_DLLp-Brunel_DLLK)>2.0&(Brunel_DLLe-Brunel_DLLp)<-2.0&Brunel_MC15TuneV1_ProbNNghost<0.25)==0.0&(Brunel_DLLe>2.0&(Brunel_DLLe-Brunel_DLLK)>-2.0&(Brunel_DLLe-Brunel_DLLp)>-2.0&Brunel_MC15TuneV1_ProbNNghost<0.25)==0.0']
[I 260205 16:40:47 utils:120] cuts           : ['TRACK_GHOSTPROB < 0.5 & IsMuon == 0.0 & InMuonAcc == 1.0 & MuonUnbiased == 1.0']
[I 260205 16:40:47 utils:120] bin_vars       : ['Brunel_P', 'Brunel_ETA', 'nTracks_Brunel']
[I 260205 16:40:47 utils:120] binning_file   : ./tmp/binning.json
[I 260205 16:40:47 utils:120] output_dir     : raw_histos/kTrueTo-2016
[I 260205 16:40:47 utils:120] verbose        : False
[I 260205 16:40:47 utils:120] pkl_name       : ['kTrueToPiTag.pkl', 'kTrueToKTag.pkl', 'kTrueToPTag.pkl', 'kTrueToETag.pkl', 'kTrueToGTag.pkl']
[I 260205 16:40:47 utils:120] version        : N/A
[I 260205 16:40:47 utils:121] ===============
[I 260205 16:40:47 binning:205] Loading binnings from ./tmp/binning.json
[W 260205 16:40:47 binning:245] The following custom binnings are not being used: [{'particle': 'Pi', 'bin_var': 'Brunel_P'}, {'particle': 'Pi', 'bin_var': 'Brunel_ETA'}, {'particle': 'Pi', 'bin_var': 'nTracks_Brunel'}, {'particle': 'P', 'bin_var': 'Brunel_P'}, {'particle': 'P', 'bin_var': 'Brunel_ETA'}, {'particle': 'P', 'bin_var': 'nTracks_Brunel'}, {'particle': 'e_B_Jpsi', 'bin_var': 'Brunel_P'}, {'particle': 'e_B_Jpsi', 'bin_var': 'Brunel_ETA'}, {'particle': 'e_B_Jpsi', 'bin_var': 'nTracks'}]
[I 260205 16:40:47 make_eff_histo_mod:215] Processing MapUp calibration samples
[I 260205 16:40:47 utils:461] Branches to be read: {'sWeight': 'probe_sWeight', 'Brunel_MC15TuneV1_ProbNNpi': 'probe_Brunel_MC15TuneV1_ProbNNpi', 'Brunel_DLLK': 'probe_Brunel_PIDK', 'Brunel_DLLp': 'probe_Brunel_PIDp', 'Brunel_DLLe': 'probe_Brunel_PIDe', 'Brunel_MC15TuneV1_ProbNNghost': 'probe_Brunel_MC15TuneV1_ProbNNghost', 'Brunel_MC15TuneV1_ProbNNk': 'probe_Brunel_MC15TuneV1_ProbNNk', 'Brunel_MC15TuneV1_ProbNNp': 'probe_Brunel_MC15TuneV1_ProbNNp', 'Brunel_P': 'probe_Brunel_P', 'Brunel_ETA': 'probe_Brunel_ETA', 'nTracks_Brunel': 'nTracks_Brunel', 'TRACK_GHOSTPROB': 'probe_TRACK_GHOSTPROB', 'IsMuon': 'probe_isMuon', 'InMuonAcc': 'probe_InMuonAcc', 'MuonUnbiased': 'probe_MuonUnbiased'}
[I 260205 16:40:47 utils:462] 126 calibration files from EOS will be processed
[I 260205 17:03:29 utils:517] Processed 126/126 files
[I 260205 17:03:29 utils:596] 60649533/66025881 (91.9%) events passed binning range cut
[I 260205 17:03:29 utils:596] 26460379/60649533 (43.6%) events passed user cut
[I 260205 17:03:29 utils:596] 3062286/26460379 (11.6%) events passed 'Brunel_MC15TuneV1_ProbNNpi>0.1&Brunel_DLLK<0.0&Brunel_DLLp<0.0&Brunel_DLLe<2.0&Brunel_MC15TuneV1_ProbNNghost<0.25' cut
[I 260205 17:03:29 utils:596] 18282705/26460379 (69.1%) events passed 'Brunel_MC15TuneV1_ProbNNk>0.1&Brunel_DLLK>0.0&(Brunel_DLLp-Brunel_DLLK)<0.0&(Brunel_DLLe-Brunel_DLLK)<-2.0&Brunel_MC15TuneV1_ProbNNghost<0.25' cut
[I 260205 17:03:29 utils:596] 855226/26460379 (3.2%) events passed 'Brunel_MC15TuneV1_ProbNNp>0.1&Brunel_DLLp>0.0&(Brunel_DLLp-Brunel_DLLK)>2.0&(Brunel_DLLe-Brunel_DLLp)<-2.0&Brunel_MC15TuneV1_ProbNNghost<0.25' cut
[I 260205 17:03:29 utils:596] 132436/26460379 (0.5%) events passed 'Brunel_DLLe>2.0&(Brunel_DLLe-Brunel_DLLK)>-2.0&(Brunel_DLLe-Brunel_DLLp)>-2.0&Brunel_MC15TuneV1_ProbNNghost<0.25' cut
[I 260205 17:03:29 utils:596] 4127726/26460379 (15.6%) events passed '(Brunel_MC15TuneV1_ProbNNpi>0.1&Brunel_DLLK<0.0&Brunel_DLLp<0.0&Brunel_DLLe<2.0&Brunel_MC15TuneV1_ProbNNghost<0.25)==0.0&(Brunel_MC15TuneV1_ProbNNk>0.1&Brunel_DLLK>0.0&(Brunel_DLLp-Brunel_DLLK)<0.0&(Brunel_DLLe-Brunel_DLLK)<-2.0&Brunel_MC15TuneV1_ProbNNghost<0.25)==0.0&(Brunel_MC15TuneV1_ProbNNp>0.1&Brunel_DLLp>0.0&(Brunel_DLLp-Brunel_DLLK)>2.0&(Brunel_DLLe-Brunel_DLLp)<-2.0&Brunel_MC15TuneV1_ProbNNghost<0.25)==0.0&(Brunel_DLLe>2.0&(Brunel_DLLe-Brunel_DLLK)>-2.0&(Brunel_DLLe-Brunel_DLLp)>-2.0&Brunel_MC15TuneV1_ProbNNghost<0.25)==0.0' cut
[I 260205 17:03:29 make_eff_histo_mod:220] Processing MagDown calibration samples
[I 260205 17:03:29 utils:461] Branches to be read: {'sWeight': 'probe_sWeight', 'Brunel_MC15TuneV1_ProbNNpi': 'probe_Brunel_MC15TuneV1_ProbNNpi', 'Brunel_DLLK': 'probe_Brunel_PIDK', 'Brunel_DLLp': 'probe_Brunel_PIDp', 'Brunel_DLLe': 'probe_Brunel_PIDe', 'Brunel_MC15TuneV1_ProbNNghost': 'probe_Brunel_MC15TuneV1_ProbNNghost', 'Brunel_MC15TuneV1_ProbNNk': 'probe_Brunel_MC15TuneV1_ProbNNk', 'Brunel_MC15TuneV1_ProbNNp': 'probe_Brunel_MC15TuneV1_ProbNNp', 'Brunel_P': 'probe_Brunel_P', 'Brunel_ETA': 'probe_Brunel_ETA', 'nTracks_Brunel': 'nTracks_Brunel', 'TRACK_GHOSTPROB': 'probe_TRACK_GHOSTPROB', 'IsMuon': 'probe_isMuon', 'InMuonAcc': 'probe_InMuonAcc', 'MuonUnbiased': 'probe_MuonUnbiased'}
[I 260205 17:03:29 utils:462] 164 calibration files from EOS will be processed
[I 260205 17:29:44 utils:517] Processed 164/164 files
[I 260205 17:29:44 utils:596] 86815708/94604994 (91.8%) events passed binning range cut
[I 260205 17:29:44 utils:596] 41746587/86815708 (48.1%) events passed user cut
[I 260205 17:29:44 utils:596] 4733064/41746587 (11.3%) events passed 'Brunel_MC15TuneV1_ProbNNpi>0.1&Brunel_DLLK<0.0&Brunel_DLLp<0.0&Brunel_DLLe<2.0&Brunel_MC15TuneV1_ProbNNghost<0.25' cut
[I 260205 17:29:44 utils:596] 28740008/41746587 (68.8%) events passed 'Brunel_MC15TuneV1_ProbNNk>0.1&Brunel_DLLK>0.0&(Brunel_DLLp-Brunel_DLLK)<0.0&(Brunel_DLLe-Brunel_DLLK)<-2.0&Brunel_MC15TuneV1_ProbNNghost<0.25' cut
[I 260205 17:29:44 utils:596] 1422557/41746587 (3.4%) events passed 'Brunel_MC15TuneV1_ProbNNp>0.1&Brunel_DLLp>0.0&(Brunel_DLLp-Brunel_DLLK)>2.0&(Brunel_DLLe-Brunel_DLLp)<-2.0&Brunel_MC15TuneV1_ProbNNghost<0.25' cut
[I 260205 17:29:44 utils:596] 199344/41746587 (0.5%) events passed 'Brunel_DLLe>2.0&(Brunel_DLLe-Brunel_DLLK)>-2.0&(Brunel_DLLe-Brunel_DLLp)>-2.0&Brunel_MC15TuneV1_ProbNNghost<0.25' cut
[I 260205 17:29:44 utils:596] 6651614/41746587 (15.9%) events passed '(Brunel_MC15TuneV1_ProbNNpi>0.1&Brunel_DLLK<0.0&Brunel_DLLp<0.0&Brunel_DLLe<2.0&Brunel_MC15TuneV1_ProbNNghost<0.25)==0.0&(Brunel_MC15TuneV1_ProbNNk>0.1&Brunel_DLLK>0.0&(Brunel_DLLp-Brunel_DLLK)<0.0&(Brunel_DLLe-Brunel_DLLK)<-2.0&Brunel_MC15TuneV1_ProbNNghost<0.25)==0.0&(Brunel_MC15TuneV1_ProbNNp>0.1&Brunel_DLLp>0.0&(Brunel_DLLp-Brunel_DLLK)>2.0&(Brunel_DLLe-Brunel_DLLp)<-2.0&Brunel_MC15TuneV1_ProbNNghost<0.25)==0.0&(Brunel_DLLe>2.0&(Brunel_DLLe-Brunel_DLLK)>-2.0&(Brunel_DLLe-Brunel_DLLp)>-2.0&Brunel_MC15TuneV1_ProbNNghost<0.25)==0.0' cut
[I 260205 17:29:44 make_eff_histo_mod:239] Efficiency histogram of cut Brunel_MC15TuneV1_ProbNNpi>0.1&Brunel_DLLK<0.0&Brunel_DLLp<0.0&Brunel_DLLe<2.0&Brunel_MC15TuneV1_ProbNNghost<0.25 saved to 'raw_histos/kTrueTo-2016/kTrueToPiTag.pkl'
[I 260205 17:29:44 make_eff_histo_mod:239] Efficiency histogram of cut Brunel_MC15TuneV1_ProbNNk>0.1&Brunel_DLLK>0.0&(Brunel_DLLp-Brunel_DLLK)<0.0&(Brunel_DLLe-Brunel_DLLK)<-2.0&Brunel_MC15TuneV1_ProbNNghost<0.25 saved to 'raw_histos/kTrueTo-2016/kTrueToKTag.pkl'
[I 260205 17:29:44 make_eff_histo_mod:239] Efficiency histogram of cut Brunel_MC15TuneV1_ProbNNp>0.1&Brunel_DLLp>0.0&(Brunel_DLLp-Brunel_DLLK)>2.0&(Brunel_DLLe-Brunel_DLLp)<-2.0&Brunel_MC15TuneV1_ProbNNghost<0.25 saved to 'raw_histos/kTrueTo-2016/kTrueToPTag.pkl'
[I 260205 17:29:44 make_eff_histo_mod:239] Efficiency histogram of cut Brunel_DLLe>2.0&(Brunel_DLLe-Brunel_DLLK)>-2.0&(Brunel_DLLe-Brunel_DLLp)>-2.0&Brunel_MC15TuneV1_ProbNNghost<0.25 saved to 'raw_histos/kTrueTo-2016/kTrueToETag.pkl'
[I 260205 17:29:44 make_eff_histo_mod:239] Efficiency histogram of cut (Brunel_MC15TuneV1_ProbNNpi>0.1&Brunel_DLLK<0.0&Brunel_DLLp<0.0&Brunel_DLLe<2.0&Brunel_MC15TuneV1_ProbNNghost<0.25)==0.0&(Brunel_MC15TuneV1_ProbNNk>0.1&Brunel_DLLK>0.0&(Brunel_DLLp-Brunel_DLLK)<0.0&(Brunel_DLLe-Brunel_DLLK)<-2.0&Brunel_MC15TuneV1_ProbNNghost<0.25)==0.0&(Brunel_MC15TuneV1_ProbNNp>0.1&Brunel_DLLp>0.0&(Brunel_DLLp-Brunel_DLLK)>2.0&(Brunel_DLLe-Brunel_DLLp)<-2.0&Brunel_MC15TuneV1_ProbNNghost<0.25)==0.0&(Brunel_DLLe>2.0&(Brunel_DLLe-Brunel_DLLK)>-2.0&(Brunel_DLLe-Brunel_DLLp)>-2.0&Brunel_MC15TuneV1_ProbNNghost<0.25)==0.0 saved to 'raw_histos/kTrueTo-2016/kTrueToGTag.pkl'
[I 260205 17:29:57 make_eff_histo_mod:189] Running PIDCalib2 make_eff_hists with the following config:
[I 260205 17:29:57 utils:117] ===============
[I 260205 17:29:57 utils:120] sample         : Turbo16
[I 260205 17:29:57 utils:120] magnet         : both
[I 260205 17:29:57 utils:120] particle       : P
[I 260205 17:29:57 utils:120] pid_cuts       : ['Brunel_MC15TuneV1_ProbNNpi>0.1&Brunel_DLLK<0.0&Brunel_DLLp<0.0&Brunel_DLLe<2.0&Brunel_MC15TuneV1_ProbNNghost<0.25', 'Brunel_MC15TuneV1_ProbNNk>0.1&Brunel_DLLK>0.0&(Brunel_DLLp-Brunel_DLLK)<0.0&(Brunel_DLLe-Brunel_DLLK)<-2.0&Brunel_MC15TuneV1_ProbNNghost<0.25', 'Brunel_MC15TuneV1_ProbNNp>0.1&Brunel_DLLp>0.0&(Brunel_DLLp-Brunel_DLLK)>2.0&(Brunel_DLLe-Brunel_DLLp)<-2.0&Brunel_MC15TuneV1_ProbNNghost<0.25', 'Brunel_DLLe>2.0&(Brunel_DLLe-Brunel_DLLK)>-2.0&(Brunel_DLLe-Brunel_DLLp)>-2.0&Brunel_MC15TuneV1_ProbNNghost<0.25', '(Brunel_MC15TuneV1_ProbNNpi>0.1&Brunel_DLLK<0.0&Brunel_DLLp<0.0&Brunel_DLLe<2.0&Brunel_MC15TuneV1_ProbNNghost<0.25)==0.0&(Brunel_MC15TuneV1_ProbNNk>0.1&Brunel_DLLK>0.0&(Brunel_DLLp-Brunel_DLLK)<0.0&(Brunel_DLLe-Brunel_DLLK)<-2.0&Brunel_MC15TuneV1_ProbNNghost<0.25)==0.0&(Brunel_MC15TuneV1_ProbNNp>0.1&Brunel_DLLp>0.0&(Brunel_DLLp-Brunel_DLLK)>2.0&(Brunel_DLLe-Brunel_DLLp)<-2.0&Brunel_MC15TuneV1_ProbNNghost<0.25)==0.0&(Brunel_DLLe>2.0&(Brunel_DLLe-Brunel_DLLK)>-2.0&(Brunel_DLLe-Brunel_DLLp)>-2.0&Brunel_MC15TuneV1_ProbNNghost<0.25)==0.0']
[I 260205 17:29:57 utils:120] cuts           : ['TRACK_GHOSTPROB < 0.5 & IsMuon == 0.0 & InMuonAcc == 1.0 & MuonUnbiased == 1.0']
[I 260205 17:29:57 utils:120] bin_vars       : ['Brunel_P', 'Brunel_ETA', 'nTracks_Brunel']
[I 260205 17:29:57 utils:120] binning_file   : ./tmp/binning.json
[I 260205 17:29:57 utils:120] output_dir     : raw_histos/pTrueTo-2016
[I 260205 17:29:57 utils:120] verbose        : False
[I 260205 17:29:57 utils:120] pkl_name       : ['pTrueToPiTag.pkl', 'pTrueToKTag.pkl', 'pTrueToPTag.pkl', 'pTrueToETag.pkl', 'pTrueToGTag.pkl']
[I 260205 17:29:57 utils:120] version        : N/A
[I 260205 17:29:57 utils:121] ===============
[I 260205 17:29:57 binning:205] Loading binnings from ./tmp/binning.json
[W 260205 17:29:57 binning:245] The following custom binnings are not being used: [{'particle': 'Pi', 'bin_var': 'Brunel_P'}, {'particle': 'Pi', 'bin_var': 'Brunel_ETA'}, {'particle': 'Pi', 'bin_var': 'nTracks_Brunel'}, {'particle': 'K', 'bin_var': 'Brunel_P'}, {'particle': 'K', 'bin_var': 'Brunel_ETA'}, {'particle': 'K', 'bin_var': 'nTracks_Brunel'}, {'particle': 'e_B_Jpsi', 'bin_var': 'Brunel_P'}, {'particle': 'e_B_Jpsi', 'bin_var': 'Brunel_ETA'}, {'particle': 'e_B_Jpsi', 'bin_var': 'nTracks'}]
[I 260205 17:29:57 make_eff_histo_mod:215] Processing MapUp calibration samples
[I 260205 17:29:57 utils:461] Branches to be read: {'sWeight': 'probe_sWeight', 'Brunel_MC15TuneV1_ProbNNpi': 'probe_Brunel_MC15TuneV1_ProbNNpi', 'Brunel_DLLK': 'probe_Brunel_PIDK', 'Brunel_DLLp': 'probe_Brunel_PIDp', 'Brunel_DLLe': 'probe_Brunel_PIDe', 'Brunel_MC15TuneV1_ProbNNghost': 'probe_Brunel_MC15TuneV1_ProbNNghost', 'Brunel_MC15TuneV1_ProbNNk': 'probe_Brunel_MC15TuneV1_ProbNNk', 'Brunel_MC15TuneV1_ProbNNp': 'probe_Brunel_MC15TuneV1_ProbNNp', 'Brunel_P': 'probe_Brunel_P', 'Brunel_ETA': 'probe_Brunel_ETA', 'nTracks_Brunel': 'nTracks_Brunel', 'TRACK_GHOSTPROB': 'probe_TRACK_GHOSTPROB', 'IsMuon': 'probe_isMuon', 'InMuonAcc': 'probe_InMuonAcc', 'MuonUnbiased': 'probe_MuonUnbiased'}
[I 260205 17:29:57 utils:462] 76 calibration files from EOS will be processed
[I 260205 17:57:15 utils:517] Processed 76/76 files
[I 260205 17:57:15 utils:596] 95098254/106770062 (89.1%) events passed binning range cut
[I 260205 17:57:15 utils:596] 25004923/95098254 (26.3%) events passed user cut
[I 260205 17:57:15 utils:596] 1449551/25004923 (5.8%) events passed 'Brunel_MC15TuneV1_ProbNNpi>0.1&Brunel_DLLK<0.0&Brunel_DLLp<0.0&Brunel_DLLe<2.0&Brunel_MC15TuneV1_ProbNNghost<0.25' cut
[I 260205 17:57:15 utils:596] 2048962/25004923 (8.2%) events passed 'Brunel_MC15TuneV1_ProbNNk>0.1&Brunel_DLLK>0.0&(Brunel_DLLp-Brunel_DLLK)<0.0&(Brunel_DLLe-Brunel_DLLK)<-2.0&Brunel_MC15TuneV1_ProbNNghost<0.25' cut
[I 260205 17:57:15 utils:596] 14718599/25004923 (58.9%) events passed 'Brunel_MC15TuneV1_ProbNNp>0.1&Brunel_DLLp>0.0&(Brunel_DLLp-Brunel_DLLK)>2.0&(Brunel_DLLe-Brunel_DLLp)<-2.0&Brunel_MC15TuneV1_ProbNNghost<0.25' cut
[I 260205 17:57:15 utils:596] 62644/25004923 (0.3%) events passed 'Brunel_DLLe>2.0&(Brunel_DLLe-Brunel_DLLK)>-2.0&(Brunel_DLLe-Brunel_DLLp)>-2.0&Brunel_MC15TuneV1_ProbNNghost<0.25' cut
[I 260205 17:57:15 utils:596] 6725167/25004923 (26.9%) events passed '(Brunel_MC15TuneV1_ProbNNpi>0.1&Brunel_DLLK<0.0&Brunel_DLLp<0.0&Brunel_DLLe<2.0&Brunel_MC15TuneV1_ProbNNghost<0.25)==0.0&(Brunel_MC15TuneV1_ProbNNk>0.1&Brunel_DLLK>0.0&(Brunel_DLLp-Brunel_DLLK)<0.0&(Brunel_DLLe-Brunel_DLLK)<-2.0&Brunel_MC15TuneV1_ProbNNghost<0.25)==0.0&(Brunel_MC15TuneV1_ProbNNp>0.1&Brunel_DLLp>0.0&(Brunel_DLLp-Brunel_DLLK)>2.0&(Brunel_DLLe-Brunel_DLLp)<-2.0&Brunel_MC15TuneV1_ProbNNghost<0.25)==0.0&(Brunel_DLLe>2.0&(Brunel_DLLe-Brunel_DLLK)>-2.0&(Brunel_DLLe-Brunel_DLLp)>-2.0&Brunel_MC15TuneV1_ProbNNghost<0.25)==0.0' cut
[I 260205 17:57:15 make_eff_histo_mod:220] Processing MagDown calibration samples
[I 260205 17:57:15 utils:461] Branches to be read: {'sWeight': 'probe_sWeight', 'Brunel_MC15TuneV1_ProbNNpi': 'probe_Brunel_MC15TuneV1_ProbNNpi', 'Brunel_DLLK': 'probe_Brunel_PIDK', 'Brunel_DLLp': 'probe_Brunel_PIDp', 'Brunel_DLLe': 'probe_Brunel_PIDe', 'Brunel_MC15TuneV1_ProbNNghost': 'probe_Brunel_MC15TuneV1_ProbNNghost', 'Brunel_MC15TuneV1_ProbNNk': 'probe_Brunel_MC15TuneV1_ProbNNk', 'Brunel_MC15TuneV1_ProbNNp': 'probe_Brunel_MC15TuneV1_ProbNNp', 'Brunel_P': 'probe_Brunel_P', 'Brunel_ETA': 'probe_Brunel_ETA', 'nTracks_Brunel': 'nTracks_Brunel', 'TRACK_GHOSTPROB': 'probe_TRACK_GHOSTPROB', 'IsMuon': 'probe_isMuon', 'InMuonAcc': 'probe_InMuonAcc', 'MuonUnbiased': 'probe_MuonUnbiased'}
[I 260205 17:57:15 utils:462] 83 calibration files from EOS will be processed
[I 260205 18:23:58 utils:517] Processed 83/83 files
[I 260205 18:23:58 utils:596] 108039242/121266947 (89.1%) events passed binning range cut
[I 260205 18:23:58 utils:596] 28658489/108039242 (26.5%) events passed user cut
[I 260205 18:23:58 utils:596] 1641013/28658489 (5.7%) events passed 'Brunel_MC15TuneV1_ProbNNpi>0.1&Brunel_DLLK<0.0&Brunel_DLLp<0.0&Brunel_DLLe<2.0&Brunel_MC15TuneV1_ProbNNghost<0.25' cut
[I 260205 18:23:58 utils:596] 2397103/28658489 (8.4%) events passed 'Brunel_MC15TuneV1_ProbNNk>0.1&Brunel_DLLK>0.0&(Brunel_DLLp-Brunel_DLLK)<0.0&(Brunel_DLLe-Brunel_DLLK)<-2.0&Brunel_MC15TuneV1_ProbNNghost<0.25' cut
[I 260205 18:23:58 utils:596] 16918959/28658489 (59.0%) events passed 'Brunel_MC15TuneV1_ProbNNp>0.1&Brunel_DLLp>0.0&(Brunel_DLLp-Brunel_DLLK)>2.0&(Brunel_DLLe-Brunel_DLLp)<-2.0&Brunel_MC15TuneV1_ProbNNghost<0.25' cut
[I 260205 18:23:58 utils:596] 70722/28658489 (0.2%) events passed 'Brunel_DLLe>2.0&(Brunel_DLLe-Brunel_DLLK)>-2.0&(Brunel_DLLe-Brunel_DLLp)>-2.0&Brunel_MC15TuneV1_ProbNNghost<0.25' cut
[I 260205 18:23:58 utils:596] 7630692/28658489 (26.6%) events passed '(Brunel_MC15TuneV1_ProbNNpi>0.1&Brunel_DLLK<0.0&Brunel_DLLp<0.0&Brunel_DLLe<2.0&Brunel_MC15TuneV1_ProbNNghost<0.25)==0.0&(Brunel_MC15TuneV1_ProbNNk>0.1&Brunel_DLLK>0.0&(Brunel_DLLp-Brunel_DLLK)<0.0&(Brunel_DLLe-Brunel_DLLK)<-2.0&Brunel_MC15TuneV1_ProbNNghost<0.25)==0.0&(Brunel_MC15TuneV1_ProbNNp>0.1&Brunel_DLLp>0.0&(Brunel_DLLp-Brunel_DLLK)>2.0&(Brunel_DLLe-Brunel_DLLp)<-2.0&Brunel_MC15TuneV1_ProbNNghost<0.25)==0.0&(Brunel_DLLe>2.0&(Brunel_DLLe-Brunel_DLLK)>-2.0&(Brunel_DLLe-Brunel_DLLp)>-2.0&Brunel_MC15TuneV1_ProbNNghost<0.25)==0.0' cut
[I 260205 18:23:58 make_eff_histo_mod:239] Efficiency histogram of cut Brunel_MC15TuneV1_ProbNNpi>0.1&Brunel_DLLK<0.0&Brunel_DLLp<0.0&Brunel_DLLe<2.0&Brunel_MC15TuneV1_ProbNNghost<0.25 saved to 'raw_histos/pTrueTo-2016/pTrueToPiTag.pkl'
[I 260205 18:23:58 make_eff_histo_mod:239] Efficiency histogram of cut Brunel_MC15TuneV1_ProbNNk>0.1&Brunel_DLLK>0.0&(Brunel_DLLp-Brunel_DLLK)<0.0&(Brunel_DLLe-Brunel_DLLK)<-2.0&Brunel_MC15TuneV1_ProbNNghost<0.25 saved to 'raw_histos/pTrueTo-2016/pTrueToKTag.pkl'
[I 260205 18:23:58 make_eff_histo_mod:239] Efficiency histogram of cut Brunel_MC15TuneV1_ProbNNp>0.1&Brunel_DLLp>0.0&(Brunel_DLLp-Brunel_DLLK)>2.0&(Brunel_DLLe-Brunel_DLLp)<-2.0&Brunel_MC15TuneV1_ProbNNghost<0.25 saved to 'raw_histos/pTrueTo-2016/pTrueToPTag.pkl'
[I 260205 18:23:58 make_eff_histo_mod:239] Efficiency histogram of cut Brunel_DLLe>2.0&(Brunel_DLLe-Brunel_DLLK)>-2.0&(Brunel_DLLe-Brunel_DLLp)>-2.0&Brunel_MC15TuneV1_ProbNNghost<0.25 saved to 'raw_histos/pTrueTo-2016/pTrueToETag.pkl'
[I 260205 18:23:58 make_eff_histo_mod:239] Efficiency histogram of cut (Brunel_MC15TuneV1_ProbNNpi>0.1&Brunel_DLLK<0.0&Brunel_DLLp<0.0&Brunel_DLLe<2.0&Brunel_MC15TuneV1_ProbNNghost<0.25)==0.0&(Brunel_MC15TuneV1_ProbNNk>0.1&Brunel_DLLK>0.0&(Brunel_DLLp-Brunel_DLLK)<0.0&(Brunel_DLLe-Brunel_DLLK)<-2.0&Brunel_MC15TuneV1_ProbNNghost<0.25)==0.0&(Brunel_MC15TuneV1_ProbNNp>0.1&Brunel_DLLp>0.0&(Brunel_DLLp-Brunel_DLLK)>2.0&(Brunel_DLLe-Brunel_DLLp)<-2.0&Brunel_MC15TuneV1_ProbNNghost<0.25)==0.0&(Brunel_DLLe>2.0&(Brunel_DLLe-Brunel_DLLK)>-2.0&(Brunel_DLLe-Brunel_DLLp)>-2.0&Brunel_MC15TuneV1_ProbNNghost<0.25)==0.0 saved to 'raw_histos/pTrueTo-2016/pTrueToGTag.pkl'
[I 260205 18:24:10 make_eff_histo_mod:189] Running PIDCalib2 make_eff_hists with the following config:
[I 260205 18:24:10 utils:117] ===============
[I 260205 18:24:10 utils:120] sample         : Turbo16
[I 260205 18:24:10 utils:120] magnet         : both
[I 260205 18:24:10 utils:120] particle       : Pi
[I 260205 18:24:10 utils:120] pid_cuts       : ['IsMuon==1.0&DLLe<1.0&UBDT>0.25']
[I 260205 18:24:10 utils:120] cuts           : ['TRACK_GHOSTPROB < 0.5 & MuonUnbiased == 1.0 & InMuonAcc == 1.0']
[I 260205 18:24:10 utils:120] bin_vars       : ['Brunel_P', 'Brunel_ETA', 'nTracks_Brunel']
[I 260205 18:24:10 utils:120] binning_file   : ./tmp/binning.json
[I 260205 18:24:10 utils:120] output_dir     : raw_histos/piTrueTo-2016
[I 260205 18:24:10 utils:120] verbose        : False
[I 260205 18:24:10 utils:120] pkl_name       : ['piTrueToMuTag_nom.pkl']
[I 260205 18:24:10 utils:120] version        : N/A
[I 260205 18:24:10 utils:121] ===============
[I 260205 18:24:10 binning:205] Loading binnings from ./tmp/binning.json
[W 260205 18:24:10 binning:245] The following custom binnings are not being used: [{'particle': 'K', 'bin_var': 'Brunel_P'}, {'particle': 'K', 'bin_var': 'Brunel_ETA'}, {'particle': 'K', 'bin_var': 'nTracks_Brunel'}, {'particle': 'P', 'bin_var': 'Brunel_P'}, {'particle': 'P', 'bin_var': 'Brunel_ETA'}, {'particle': 'P', 'bin_var': 'nTracks_Brunel'}, {'particle': 'e_B_Jpsi', 'bin_var': 'Brunel_P'}, {'particle': 'e_B_Jpsi', 'bin_var': 'Brunel_ETA'}, {'particle': 'e_B_Jpsi', 'bin_var': 'nTracks'}]
[I 260205 18:24:10 make_eff_histo_mod:215] Processing MapUp calibration samples
[I 260205 18:24:10 utils:461] Branches to be read: {'sWeight': 'probe_sWeight', 'IsMuon': 'probe_isMuon', 'DLLe': 'probe_PIDe', 'UBDT': 'probe_UBDT', 'Brunel_P': 'probe_Brunel_P', 'Brunel_ETA': 'probe_Brunel_ETA', 'nTracks_Brunel': 'nTracks_Brunel', 'TRACK_GHOSTPROB': 'probe_TRACK_GHOSTPROB', 'MuonUnbiased': 'probe_MuonUnbiased', 'InMuonAcc': 'probe_InMuonAcc'}
[I 260205 18:24:10 utils:462] 126 calibration files from EOS will be processed
[I 260205 18:37:52 utils:517] Processed 126/126 files
[I 260205 18:37:52 utils:596] 61073247/66025881 (92.5%) events passed binning range cut
[I 260205 18:37:52 utils:596] 29162009/61073247 (47.7%) events passed user cut
[I 260205 18:37:52 utils:596] 252721/29162009 (0.9%) events passed 'IsMuon==1.0&DLLe<1.0&UBDT>0.25' cut
[I 260205 18:37:52 make_eff_histo_mod:220] Processing MagDown calibration samples
[I 260205 18:37:52 utils:461] Branches to be read: {'sWeight': 'probe_sWeight', 'IsMuon': 'probe_isMuon', 'DLLe': 'probe_PIDe', 'UBDT': 'probe_UBDT', 'Brunel_P': 'probe_Brunel_P', 'Brunel_ETA': 'probe_Brunel_ETA', 'nTracks_Brunel': 'nTracks_Brunel', 'TRACK_GHOSTPROB': 'probe_TRACK_GHOSTPROB', 'MuonUnbiased': 'probe_MuonUnbiased', 'InMuonAcc': 'probe_InMuonAcc'}
[I 260205 18:37:52 utils:462] 164 calibration files from EOS will be processed
[I 260205 18:52:29 utils:517] Processed 164/164 files
[I 260205 18:52:29 utils:596] 87406512/94604994 (92.4%) events passed binning range cut
[I 260205 18:52:29 utils:596] 46227400/87406512 (52.9%) events passed user cut
[I 260205 18:52:29 utils:596] 386164/46227400 (0.8%) events passed 'IsMuon==1.0&DLLe<1.0&UBDT>0.25' cut
[I 260205 18:52:29 make_eff_histo_mod:239] Efficiency histogram of cut IsMuon==1.0&DLLe<1.0&UBDT>0.25 saved to 'raw_histos/piTrueTo-2016/piTrueToMuTag_nom.pkl'

/home/lmeyerga/misid-unfold/scripts/make_eff_histo_mod.py \
    --output-dir raw_histos/piTrueTo-2016 \
    --sample Turbo16 --magnet both \
    --particle Pi \
    --binning-file ./tmp/binning.json \
    --cut "TRACK_GHOSTPROB < 0.5 & IsMuon == 0.0 & InMuonAcc == 1.0 & MuonUnbiased == 1.0" --pid-cut "Brunel_MC15TuneV1_ProbNNpi > 0.1 & Brunel_DLLK < 0.0 & Brunel_DLLp < 0.0 & Brunel_DLLe < 2.0 & Brunel_MC15TuneV1_ProbNNghost < 0.25" --pkl-name piTrueToPiTag.pkl --pid-cut "Brunel_MC15TuneV1_ProbNNk > 0.1 & Brunel_DLLK > 0.0 & (Brunel_DLLp - Brunel_DLLK) < 0.0 & (Brunel_DLLe - Brunel_DLLK) < -2.0 & Brunel_MC15TuneV1_ProbNNghost < 0.25" --pkl-name piTrueToKTag.pkl --pid-cut "Brunel_MC15TuneV1_ProbNNp > 0.1 & Brunel_DLLp > 0.0 & (Brunel_DLLp - Brunel_DLLK) > 2.0 & (Brunel_DLLe - Brunel_DLLp) < -2.0 & Brunel_MC15TuneV1_ProbNNghost < 0.25" --pkl-name piTrueToPTag.pkl --pid-cut "Brunel_DLLe > 2.0 & (Brunel_DLLe - Brunel_DLLK) > -2.0 & (Brunel_DLLe - Brunel_DLLp) > -2.0 & Brunel_MC15TuneV1_ProbNNghost < 0.25" --pkl-name piTrueToETag.pkl --pid-cut "(Brunel_MC15TuneV1_ProbNNpi > 0.1 & Brunel_DLLK < 0.0 & Brunel_DLLp < 0.0 & Brunel_DLLe < 2.0 & Brunel_MC15TuneV1_ProbNNghost < 0.25) == 0.0 & (Brunel_MC15TuneV1_ProbNNk > 0.1 & Brunel_DLLK > 0.0 & (Brunel_DLLp - Brunel_DLLK) < 0.0 & (Brunel_DLLe - Brunel_DLLK) < -2.0 & Brunel_MC15TuneV1_ProbNNghost < 0.25) == 0.0 & (Brunel_MC15TuneV1_ProbNNp > 0.1 & Brunel_DLLp > 0.0 & (Brunel_DLLp - Brunel_DLLK) > 2.0 & (Brunel_DLLe - Brunel_DLLp) < -2.0 & Brunel_MC15TuneV1_ProbNNghost < 0.25) == 0.0 & (Brunel_DLLe > 2.0 & (Brunel_DLLe - Brunel_DLLK) > -2.0 & (Brunel_DLLe - Brunel_DLLp) > -2.0 & Brunel_MC15TuneV1_ProbNNghost < 0.25) == 0.0" --pkl-name piTrueToGTag.pkl --bin-var Brunel_P --bin-var Brunel_ETA --bin-var nTracks_Brunel


pidcalib2.pklhisto2root "raw_histos/piTrueTo-2016/piTrueToPiTag.pkl"


pidcalib2.pklhisto2root "raw_histos/piTrueTo-2016/piTrueToETag.pkl"


pidcalib2.pklhisto2root "raw_histos/piTrueTo-2016/piTrueToPTag.pkl"


pidcalib2.pklhisto2root "raw_histos/piTrueTo-2016/piTrueToGTag.pkl"


pidcalib2.pklhisto2root "raw_histos/piTrueTo-2016/piTrueToKTag.pkl"


cp "raw_histos/piTrueTo-2016/piTrueToGTag.root" ./piTrueToGTag.root


cp "raw_histos/piTrueTo-2016/piTrueToPiTag.root" ./piTrueToPiTag.root


cp "raw_histos/piTrueTo-2016/piTrueToPTag.root" ./piTrueToPTag.root


cp "raw_histos/piTrueTo-2016/piTrueToETag.root" ./piTrueToETag.root


cp "raw_histos/piTrueTo-2016/piTrueToKTag.root" ./piTrueToKTag.root


/home/lmeyerga/misid-unfold/scripts/make_eff_histo_mod.py \
    --output-dir raw_histos/kTrueTo-2016 \
    --sample Turbo16 --magnet both \
    --particle K \
    --binning-file ./tmp/binning.json \
    --cut "TRACK_GHOSTPROB < 0.5 & IsMuon == 0.0 & InMuonAcc == 1.0 & MuonUnbiased == 1.0" --pid-cut "Brunel_MC15TuneV1_ProbNNpi > 0.1 & Brunel_DLLK < 0.0 & Brunel_DLLp < 0.0 & Brunel_DLLe < 2.0 & Brunel_MC15TuneV1_ProbNNghost < 0.25" --pkl-name kTrueToPiTag.pkl --pid-cut "Brunel_MC15TuneV1_ProbNNk > 0.1 & Brunel_DLLK > 0.0 & (Brunel_DLLp - Brunel_DLLK) < 0.0 & (Brunel_DLLe - Brunel_DLLK) < -2.0 & Brunel_MC15TuneV1_ProbNNghost < 0.25" --pkl-name kTrueToKTag.pkl --pid-cut "Brunel_MC15TuneV1_ProbNNp > 0.1 & Brunel_DLLp > 0.0 & (Brunel_DLLp - Brunel_DLLK) > 2.0 & (Brunel_DLLe - Brunel_DLLp) < -2.0 & Brunel_MC15TuneV1_ProbNNghost < 0.25" --pkl-name kTrueToPTag.pkl --pid-cut "Brunel_DLLe > 2.0 & (Brunel_DLLe - Brunel_DLLK) > -2.0 & (Brunel_DLLe - Brunel_DLLp) > -2.0 & Brunel_MC15TuneV1_ProbNNghost < 0.25" --pkl-name kTrueToETag.pkl --pid-cut "(Brunel_MC15TuneV1_ProbNNpi > 0.1 & Brunel_DLLK < 0.0 & Brunel_DLLp < 0.0 & Brunel_DLLe < 2.0 & Brunel_MC15TuneV1_ProbNNghost < 0.25) == 0.0 & (Brunel_MC15TuneV1_ProbNNk > 0.1 & Brunel_DLLK > 0.0 & (Brunel_DLLp - Brunel_DLLK) < 0.0 & (Brunel_DLLe - Brunel_DLLK) < -2.0 & Brunel_MC15TuneV1_ProbNNghost < 0.25) == 0.0 & (Brunel_MC15TuneV1_ProbNNp > 0.1 & Brunel_DLLp > 0.0 & (Brunel_DLLp - Brunel_DLLK) > 2.0 & (Brunel_DLLe - Brunel_DLLp) < -2.0 & Brunel_MC15TuneV1_ProbNNghost < 0.25) == 0.0 & (Brunel_DLLe > 2.0 & (Brunel_DLLe - Brunel_DLLK) > -2.0 & (Brunel_DLLe - Brunel_DLLp) > -2.0 & Brunel_MC15TuneV1_ProbNNghost < 0.25) == 0.0" --pkl-name kTrueToGTag.pkl --bin-var Brunel_P --bin-var Brunel_ETA --bin-var nTracks_Brunel


pidcalib2.pklhisto2root "raw_histos/kTrueTo-2016/kTrueToPTag.pkl"


pidcalib2.pklhisto2root "raw_histos/kTrueTo-2016/kTrueToGTag.pkl"


pidcalib2.pklhisto2root "raw_histos/kTrueTo-2016/kTrueToKTag.pkl"


pidcalib2.pklhisto2root "raw_histos/kTrueTo-2016/kTrueToPiTag.pkl"


pidcalib2.pklhisto2root "raw_histos/kTrueTo-2016/kTrueToETag.pkl"


cp "raw_histos/kTrueTo-2016/kTrueToPiTag.root" ./kTrueToPiTag.root


cp "raw_histos/kTrueTo-2016/kTrueToETag.root" ./kTrueToETag.root


cp "raw_histos/kTrueTo-2016/kTrueToKTag.root" ./kTrueToKTag.root


cp "raw_histos/kTrueTo-2016/kTrueToPTag.root" ./kTrueToPTag.root


cp "raw_histos/kTrueTo-2016/kTrueToGTag.root" ./kTrueToGTag.root


/home/lmeyerga/misid-unfold/scripts/make_eff_histo_mod.py \
    --output-dir raw_histos/pTrueTo-2016 \
    --sample Turbo16 --magnet both \
    --particle P \
    --binning-file ./tmp/binning.json \
    --cut "TRACK_GHOSTPROB < 0.5 & IsMuon == 0.0 & InMuonAcc == 1.0 & MuonUnbiased == 1.0" --pid-cut "Brunel_MC15TuneV1_ProbNNpi > 0.1 & Brunel_DLLK < 0.0 & Brunel_DLLp < 0.0 & Brunel_DLLe < 2.0 & Brunel_MC15TuneV1_ProbNNghost < 0.25" --pkl-name pTrueToPiTag.pkl --pid-cut "Brunel_MC15TuneV1_ProbNNk > 0.1 & Brunel_DLLK > 0.0 & (Brunel_DLLp - Brunel_DLLK) < 0.0 & (Brunel_DLLe - Brunel_DLLK) < -2.0 & Brunel_MC15TuneV1_ProbNNghost < 0.25" --pkl-name pTrueToKTag.pkl --pid-cut "Brunel_MC15TuneV1_ProbNNp > 0.1 & Brunel_DLLp > 0.0 & (Brunel_DLLp - Brunel_DLLK) > 2.0 & (Brunel_DLLe - Brunel_DLLp) < -2.0 & Brunel_MC15TuneV1_ProbNNghost < 0.25" --pkl-name pTrueToPTag.pkl --pid-cut "Brunel_DLLe > 2.0 & (Brunel_DLLe - Brunel_DLLK) > -2.0 & (Brunel_DLLe - Brunel_DLLp) > -2.0 & Brunel_MC15TuneV1_ProbNNghost < 0.25" --pkl-name pTrueToETag.pkl --pid-cut "(Brunel_MC15TuneV1_ProbNNpi > 0.1 & Brunel_DLLK < 0.0 & Brunel_DLLp < 0.0 & Brunel_DLLe < 2.0 & Brunel_MC15TuneV1_ProbNNghost < 0.25) == 0.0 & (Brunel_MC15TuneV1_ProbNNk > 0.1 & Brunel_DLLK > 0.0 & (Brunel_DLLp - Brunel_DLLK) < 0.0 & (Brunel_DLLe - Brunel_DLLK) < -2.0 & Brunel_MC15TuneV1_ProbNNghost < 0.25) == 0.0 & (Brunel_MC15TuneV1_ProbNNp > 0.1 & Brunel_DLLp > 0.0 & (Brunel_DLLp - Brunel_DLLK) > 2.0 & (Brunel_DLLe - Brunel_DLLp) < -2.0 & Brunel_MC15TuneV1_ProbNNghost < 0.25) == 0.0 & (Brunel_DLLe > 2.0 & (Brunel_DLLe - Brunel_DLLK) > -2.0 & (Brunel_DLLe - Brunel_DLLp) > -2.0 & Brunel_MC15TuneV1_ProbNNghost < 0.25) == 0.0" --pkl-name pTrueToGTag.pkl --bin-var Brunel_P --bin-var Brunel_ETA --bin-var nTracks_Brunel


pidcalib2.pklhisto2root "raw_histos/pTrueTo-2016/pTrueToGTag.pkl"


pidcalib2.pklhisto2root "raw_histos/pTrueTo-2016/pTrueToPTag.pkl"


pidcalib2.pklhisto2root "raw_histos/pTrueTo-2016/pTrueToPiTag.pkl"


pidcalib2.pklhisto2root "raw_histos/pTrueTo-2016/pTrueToKTag.pkl"


pidcalib2.pklhisto2root "raw_histos/pTrueTo-2016/pTrueToETag.pkl"


cp "raw_histos/pTrueTo-2016/pTrueToETag.root" ./pTrueToETag.root


cp "raw_histos/pTrueTo-2016/pTrueToKTag.root" ./pTrueToKTag.root


cp "raw_histos/pTrueTo-2016/pTrueToPTag.root" ./pTrueToPTag.root


cp "raw_histos/pTrueTo-2016/pTrueToGTag.root" ./pTrueToGTag.root


cp "raw_histos/pTrueTo-2016/pTrueToPiTag.root" ./pTrueToPiTag.root


/home/lmeyerga/misid-unfold/scripts/make_eff_histo_mod.py \
    --output-dir raw_histos/piTrueTo-2016 \
    --sample Turbo16 --magnet both \
    --particle Pi \
    --binning-file ./tmp/binning.json \
    --cut "TRACK_GHOSTPROB < 0.5 & MuonUnbiased == 1.0 & InMuonAcc == 1.0" --pid-cut "IsMuon == 1.0 & DLLe < 1.0 & UBDT > 0.25" --pkl-name piTrueToMuTag_nom.pkl --bin-var Brunel_P --bin-var Brunel_ETA --bin-var nTracks_Brunel


pidcalib2.pklhisto2root "raw_histos/piTrueTo-2016/piTrueToPiTag.pkl"


pidcalib2.pklhisto2root "raw_histos/piTrueTo-2016/piTrueToETag.pkl"


pidcalib2.pklhisto2root "raw_histos/piTrueTo-2016/piTrueToPTag.pkl"


pidcalib2.pklhisto2root "raw_histos/piTrueTo-2016/piTrueToGTag.pkl"


pidcalib2.pklhisto2root "raw_histos/piTrueTo-2016/piTrueToMuTag_nom.pkl"

[I 260205 18:52:42 make_eff_histo_mod:189] Running PIDCalib2 make_eff_hists with the following config:
[I 260205 18:52:42 utils:117] ===============
[I 260205 18:52:42 utils:120] sample         : Turbo16
[I 260205 18:52:42 utils:120] magnet         : both
[I 260205 18:52:42 utils:120] particle       : Pi
[I 260205 18:52:42 utils:120] pid_cuts       : ['IsMuon==1.0&DLLe<1.0&UBDT<0.25']
[I 260205 18:52:42 utils:120] cuts           : ['TRACK_GHOSTPROB < 0.5 & MuonUnbiased == 1.0 & InMuonAcc == 1.0']
[I 260205 18:52:42 utils:120] bin_vars       : ['Brunel_P', 'Brunel_ETA', 'nTracks_Brunel']
[I 260205 18:52:42 utils:120] binning_file   : ./tmp/binning.json
[I 260205 18:52:42 utils:120] output_dir     : raw_histos/piTrueTo-2016
[I 260205 18:52:42 utils:120] verbose        : False
[I 260205 18:52:42 utils:120] pkl_name       : ['piTrueToMuTag_nom_vmu.pkl']
[I 260205 18:52:42 utils:120] version        : N/A
[I 260205 18:52:42 utils:121] ===============
[I 260205 18:52:42 binning:205] Loading binnings from ./tmp/binning.json
[W 260205 18:52:42 binning:245] The following custom binnings are not being used: [{'particle': 'K', 'bin_var': 'Brunel_P'}, {'particle': 'K', 'bin_var': 'Brunel_ETA'}, {'particle': 'K', 'bin_var': 'nTracks_Brunel'}, {'particle': 'P', 'bin_var': 'Brunel_P'}, {'particle': 'P', 'bin_var': 'Brunel_ETA'}, {'particle': 'P', 'bin_var': 'nTracks_Brunel'}, {'particle': 'e_B_Jpsi', 'bin_var': 'Brunel_P'}, {'particle': 'e_B_Jpsi', 'bin_var': 'Brunel_ETA'}, {'particle': 'e_B_Jpsi', 'bin_var': 'nTracks'}]
[I 260205 18:52:42 make_eff_histo_mod:215] Processing MapUp calibration samples
[I 260205 18:52:42 utils:461] Branches to be read: {'sWeight': 'probe_sWeight', 'IsMuon': 'probe_isMuon', 'DLLe': 'probe_PIDe', 'UBDT': 'probe_UBDT', 'Brunel_P': 'probe_Brunel_P', 'Brunel_ETA': 'probe_Brunel_ETA', 'nTracks_Brunel': 'nTracks_Brunel', 'TRACK_GHOSTPROB': 'probe_TRACK_GHOSTPROB', 'MuonUnbiased': 'probe_MuonUnbiased', 'InMuonAcc': 'probe_InMuonAcc'}
[I 260205 18:52:42 utils:462] 126 calibration files from EOS will be processed
[I 260205 19:03:07 utils:517] Processed 126/126 files
[I 260205 19:03:07 utils:596] 61073247/66025881 (92.5%) events passed binning range cut
[I 260205 19:03:07 utils:596] 29162009/61073247 (47.7%) events passed user cut
[I 260205 19:03:07 utils:596] 573083/29162009 (2.0%) events passed 'IsMuon==1.0&DLLe<1.0&UBDT<0.25' cut
[I 260205 19:03:07 make_eff_histo_mod:220] Processing MagDown calibration samples
[I 260205 19:03:07 utils:461] Branches to be read: {'sWeight': 'probe_sWeight', 'IsMuon': 'probe_isMuon', 'DLLe': 'probe_PIDe', 'UBDT': 'probe_UBDT', 'Brunel_P': 'probe_Brunel_P', 'Brunel_ETA': 'probe_Brunel_ETA', 'nTracks_Brunel': 'nTracks_Brunel', 'TRACK_GHOSTPROB': 'probe_TRACK_GHOSTPROB', 'MuonUnbiased': 'probe_MuonUnbiased', 'InMuonAcc': 'probe_InMuonAcc'}
[I 260205 19:03:07 utils:462] 164 calibration files from EOS will be processed
[I 260205 19:15:17 utils:517] Processed 164/164 files
[I 260205 19:15:17 utils:596] 87406512/94604994 (92.4%) events passed binning range cut
[I 260205 19:15:17 utils:596] 46227400/87406512 (52.9%) events passed user cut
[I 260205 19:15:17 utils:596] 915805/46227400 (2.0%) events passed 'IsMuon==1.0&DLLe<1.0&UBDT<0.25' cut
[I 260205 19:15:17 make_eff_histo_mod:239] Efficiency histogram of cut IsMuon==1.0&DLLe<1.0&UBDT<0.25 saved to 'raw_histos/piTrueTo-2016/piTrueToMuTag_nom_vmu.pkl'
[I 260205 19:15:31 make_eff_histo_mod:189] Running PIDCalib2 make_eff_hists with the following config:
[I 260205 19:15:31 utils:117] ===============
[I 260205 19:15:31 utils:120] sample         : Turbo16
[I 260205 19:15:31 utils:120] magnet         : both
[I 260205 19:15:31 utils:120] particle       : Pi
[I 260205 19:15:31 utils:120] pid_cuts       : ['IsMuon==0.0']
[I 260205 19:15:31 utils:120] cuts           : ['TRACK_GHOSTPROB < 0.5 & MuonUnbiased == 1.0 & InMuonAcc == 1.0']
[I 260205 19:15:31 utils:120] bin_vars       : ['Brunel_P', 'Brunel_ETA', 'nTracks_Brunel']
[I 260205 19:15:31 utils:120] binning_file   : ./tmp/binning.json
[I 260205 19:15:31 utils:120] output_dir     : raw_histos/piTrueTo-2016
[I 260205 19:15:31 utils:120] verbose        : False
[I 260205 19:15:31 utils:120] pkl_name       : ['piTrueToMuTag_denom.pkl']
[I 260205 19:15:31 utils:120] version        : N/A
[I 260205 19:15:31 utils:121] ===============
[I 260205 19:15:31 binning:205] Loading binnings from ./tmp/binning.json
[W 260205 19:15:31 binning:245] The following custom binnings are not being used: [{'particle': 'K', 'bin_var': 'Brunel_P'}, {'particle': 'K', 'bin_var': 'Brunel_ETA'}, {'particle': 'K', 'bin_var': 'nTracks_Brunel'}, {'particle': 'P', 'bin_var': 'Brunel_P'}, {'particle': 'P', 'bin_var': 'Brunel_ETA'}, {'particle': 'P', 'bin_var': 'nTracks_Brunel'}, {'particle': 'e_B_Jpsi', 'bin_var': 'Brunel_P'}, {'particle': 'e_B_Jpsi', 'bin_var': 'Brunel_ETA'}, {'particle': 'e_B_Jpsi', 'bin_var': 'nTracks'}]
[I 260205 19:15:31 make_eff_histo_mod:215] Processing MapUp calibration samples
[I 260205 19:15:31 utils:461] Branches to be read: {'sWeight': 'probe_sWeight', 'IsMuon': 'probe_isMuon', 'Brunel_P': 'probe_Brunel_P', 'Brunel_ETA': 'probe_Brunel_ETA', 'nTracks_Brunel': 'nTracks_Brunel', 'TRACK_GHOSTPROB': 'probe_TRACK_GHOSTPROB', 'MuonUnbiased': 'probe_MuonUnbiased', 'InMuonAcc': 'probe_InMuonAcc'}
[I 260205 19:15:31 utils:462] 126 calibration files from EOS will be processed
[I 260205 19:23:53 utils:517] Processed 126/126 files
[I 260205 19:23:53 utils:596] 61073247/66025881 (92.5%) events passed binning range cut
[I 260205 19:23:53 utils:596] 29162009/61073247 (47.7%) events passed user cut
[I 260205 19:23:53 utils:596] 28327937/29162009 (97.1%) events passed 'IsMuon==0.0' cut
[I 260205 19:23:53 make_eff_histo_mod:220] Processing MagDown calibration samples
[I 260205 19:23:53 utils:461] Branches to be read: {'sWeight': 'probe_sWeight', 'IsMuon': 'probe_isMuon', 'Brunel_P': 'probe_Brunel_P', 'Brunel_ETA': 'probe_Brunel_ETA', 'nTracks_Brunel': 'nTracks_Brunel', 'TRACK_GHOSTPROB': 'probe_TRACK_GHOSTPROB', 'MuonUnbiased': 'probe_MuonUnbiased', 'InMuonAcc': 'probe_InMuonAcc'}
[I 260205 19:23:53 utils:462] 164 calibration files from EOS will be processed
[I 260205 19:34:03 utils:517] Processed 164/164 files
[I 260205 19:34:03 utils:596] 87406512/94604994 (92.4%) events passed binning range cut
[I 260205 19:34:03 utils:596] 46227400/87406512 (52.9%) events passed user cut
[I 260205 19:34:03 utils:596] 44913191/46227400 (97.2%) events passed 'IsMuon==0.0' cut
[I 260205 19:34:03 make_eff_histo_mod:239] Efficiency histogram of cut IsMuon==0.0 saved to 'raw_histos/piTrueTo-2016/piTrueToMuTag_denom.pkl'
[I 260205 19:34:23 make_eff_histo_mod:189] Running PIDCalib2 make_eff_hists with the following config:
[I 260205 19:34:23 utils:117] ===============
[I 260205 19:34:23 utils:120] sample         : Turbo16
[I 260205 19:34:23 utils:120] magnet         : both
[I 260205 19:34:23 utils:120] particle       : K
[I 260205 19:34:23 utils:120] pid_cuts       : ['IsMuon==1.0&DLLe<1.0&UBDT>0.25']
[I 260205 19:34:23 utils:120] cuts           : ['TRACK_GHOSTPROB < 0.5 & MuonUnbiased == 1.0 & InMuonAcc == 1.0']
[I 260205 19:34:23 utils:120] bin_vars       : ['Brunel_P', 'Brunel_ETA', 'nTracks_Brunel']
[I 260205 19:34:23 utils:120] binning_file   : ./tmp/binning.json
[I 260205 19:34:23 utils:120] output_dir     : raw_histos/kTrueTo-2016
[I 260205 19:34:23 utils:120] verbose        : False
[I 260205 19:34:23 utils:120] pkl_name       : ['kTrueToMuTag_nom.pkl']
[I 260205 19:34:23 utils:120] version        : N/A
[I 260205 19:34:23 utils:121] ===============
[I 260205 19:34:23 binning:205] Loading binnings from ./tmp/binning.json
[W 260205 19:34:23 binning:245] The following custom binnings are not being used: [{'particle': 'Pi', 'bin_var': 'Brunel_P'}, {'particle': 'Pi', 'bin_var': 'Brunel_ETA'}, {'particle': 'Pi', 'bin_var': 'nTracks_Brunel'}, {'particle': 'P', 'bin_var': 'Brunel_P'}, {'particle': 'P', 'bin_var': 'Brunel_ETA'}, {'particle': 'P', 'bin_var': 'nTracks_Brunel'}, {'particle': 'e_B_Jpsi', 'bin_var': 'Brunel_P'}, {'particle': 'e_B_Jpsi', 'bin_var': 'Brunel_ETA'}, {'particle': 'e_B_Jpsi', 'bin_var': 'nTracks'}]
[I 260205 19:34:23 make_eff_histo_mod:215] Processing MapUp calibration samples
[I 260205 19:34:23 utils:461] Branches to be read: {'sWeight': 'probe_sWeight', 'IsMuon': 'probe_isMuon', 'DLLe': 'probe_PIDe', 'UBDT': 'probe_UBDT', 'Brunel_P': 'probe_Brunel_P', 'Brunel_ETA': 'probe_Brunel_ETA', 'nTracks_Brunel': 'nTracks_Brunel', 'TRACK_GHOSTPROB': 'probe_TRACK_GHOSTPROB', 'MuonUnbiased': 'probe_MuonUnbiased', 'InMuonAcc': 'probe_InMuonAcc'}
[I 260205 19:34:23 utils:462] 126 calibration files from EOS will be processed
[I 260205 19:48:46 utils:517] Processed 126/126 files
[I 260205 19:48:46 utils:596] 60649533/66025881 (91.9%) events passed binning range cut
[I 260205 19:48:46 utils:596] 27283650/60649533 (45.0%) events passed user cut
[I 260205 19:48:46 utils:596] 233925/27283650 (0.9%) events passed 'IsMuon==1.0&DLLe<1.0&UBDT>0.25' cut
[I 260205 19:48:46 make_eff_histo_mod:220] Processing MagDown calibration samples
[I 260205 19:48:46 utils:461] Branches to be read: {'sWeight': 'probe_sWeight', 'IsMuon': 'probe_isMuon', 'DLLe': 'probe_PIDe', 'UBDT': 'probe_UBDT', 'Brunel_P': 'probe_Brunel_P', 'Brunel_ETA': 'probe_Brunel_ETA', 'nTracks_Brunel': 'nTracks_Brunel', 'TRACK_GHOSTPROB': 'probe_TRACK_GHOSTPROB', 'MuonUnbiased': 'probe_MuonUnbiased', 'InMuonAcc': 'probe_InMuonAcc'}
[I 260205 19:48:46 utils:462] 164 calibration files from EOS will be processed
[I 260205 20:04:27 utils:517] Processed 164/164 files
[I 260205 20:04:27 utils:596] 86815708/94604994 (91.8%) events passed binning range cut
[I 260205 20:04:27 utils:596] 43042886/86815708 (49.6%) events passed user cut
[I 260205 20:04:27 utils:596] 365164/43042886 (0.8%) events passed 'IsMuon==1.0&DLLe<1.0&UBDT>0.25' cut
[I 260205 20:04:27 make_eff_histo_mod:239] Efficiency histogram of cut IsMuon==1.0&DLLe<1.0&UBDT>0.25 saved to 'raw_histos/kTrueTo-2016/kTrueToMuTag_nom.pkl'
[I 260205 20:04:43 make_eff_histo_mod:189] Running PIDCalib2 make_eff_hists with the following config:
[I 260205 20:04:43 utils:117] ===============
[I 260205 20:04:43 utils:120] sample         : Turbo16
[I 260205 20:04:43 utils:120] magnet         : both
[I 260205 20:04:43 utils:120] particle       : K
[I 260205 20:04:43 utils:120] pid_cuts       : ['IsMuon==1.0&DLLe<1.0&UBDT<0.25']
[I 260205 20:04:43 utils:120] cuts           : ['TRACK_GHOSTPROB < 0.5 & MuonUnbiased == 1.0 & InMuonAcc == 1.0']
[I 260205 20:04:43 utils:120] bin_vars       : ['Brunel_P', 'Brunel_ETA', 'nTracks_Brunel']
[I 260205 20:04:43 utils:120] binning_file   : ./tmp/binning.json
[I 260205 20:04:43 utils:120] output_dir     : raw_histos/kTrueTo-2016
[I 260205 20:04:43 utils:120] verbose        : False
[I 260205 20:04:43 utils:120] pkl_name       : ['kTrueToMuTag_nom_vmu.pkl']
[I 260205 20:04:43 utils:120] version        : N/A
[I 260205 20:04:43 utils:121] ===============
[I 260205 20:04:43 binning:205] Loading binnings from ./tmp/binning.json
[W 260205 20:04:43 binning:245] The following custom binnings are not being used: [{'particle': 'Pi', 'bin_var': 'Brunel_P'}, {'particle': 'Pi', 'bin_var': 'Brunel_ETA'}, {'particle': 'Pi', 'bin_var': 'nTracks_Brunel'}, {'particle': 'P', 'bin_var': 'Brunel_P'}, {'particle': 'P', 'bin_var': 'Brunel_ETA'}, {'particle': 'P', 'bin_var': 'nTracks_Brunel'}, {'particle': 'e_B_Jpsi', 'bin_var': 'Brunel_P'}, {'particle': 'e_B_Jpsi', 'bin_var': 'Brunel_ETA'}, {'particle': 'e_B_Jpsi', 'bin_var': 'nTracks'}]
[I 260205 20:04:43 make_eff_histo_mod:215] Processing MapUp calibration samples
[I 260205 20:04:43 utils:461] Branches to be read: {'sWeight': 'probe_sWeight', 'IsMuon': 'probe_isMuon', 'DLLe': 'probe_PIDe', 'UBDT': 'probe_UBDT', 'Brunel_P': 'probe_Brunel_P', 'Brunel_ETA': 'probe_Brunel_ETA', 'nTracks_Brunel': 'nTracks_Brunel', 'TRACK_GHOSTPROB': 'probe_TRACK_GHOSTPROB', 'MuonUnbiased': 'probe_MuonUnbiased', 'InMuonAcc': 'probe_InMuonAcc'}
[I 260205 20:04:43 utils:462] 126 calibration files from EOS will be processed
[I 260205 20:16:05 utils:517] Processed 126/126 files
[I 260205 20:16:05 utils:596] 60649533/66025881 (91.9%) events passed binning range cut
[I 260205 20:16:05 utils:596] 27283650/60649533 (45.0%) events passed user cut
[I 260205 20:16:05 utils:596] 572890/27283650 (2.1%) events passed 'IsMuon==1.0&DLLe<1.0&UBDT<0.25' cut
[I 260205 20:16:05 make_eff_histo_mod:220] Processing MagDown calibration samples
[I 260205 20:16:05 utils:461] Branches to be read: {'sWeight': 'probe_sWeight', 'IsMuon': 'probe_isMuon', 'DLLe': 'probe_PIDe', 'UBDT': 'probe_UBDT', 'Brunel_P': 'probe_Brunel_P', 'Brunel_ETA': 'probe_Brunel_ETA', 'nTracks_Brunel': 'nTracks_Brunel', 'TRACK_GHOSTPROB': 'probe_TRACK_GHOSTPROB', 'MuonUnbiased': 'probe_MuonUnbiased', 'InMuonAcc': 'probe_InMuonAcc'}
[I 260205 20:16:05 utils:462] 164 calibration files from EOS will be processed
[I 260205 20:29:13 utils:517] Processed 164/164 files
[I 260205 20:29:13 utils:596] 86815708/94604994 (91.8%) events passed binning range cut
[I 260205 20:29:13 utils:596] 43042886/86815708 (49.6%) events passed user cut
[I 260205 20:29:13 utils:596] 906735/43042886 (2.1%) events passed 'IsMuon==1.0&DLLe<1.0&UBDT<0.25' cut
[I 260205 20:29:13 make_eff_histo_mod:239] Efficiency histogram of cut IsMuon==1.0&DLLe<1.0&UBDT<0.25 saved to 'raw_histos/kTrueTo-2016/kTrueToMuTag_nom_vmu.pkl'
[I 260205 20:29:30 make_eff_histo_mod:189] Running PIDCalib2 make_eff_hists with the following config:
[I 260205 20:29:30 utils:117] ===============
[I 260205 20:29:30 utils:120] sample         : Turbo16
[I 260205 20:29:30 utils:120] magnet         : both
[I 260205 20:29:30 utils:120] particle       : K
[I 260205 20:29:30 utils:120] pid_cuts       : ['IsMuon==0.0']
[I 260205 20:29:30 utils:120] cuts           : ['TRACK_GHOSTPROB < 0.5 & MuonUnbiased == 1.0 & InMuonAcc == 1.0']
[I 260205 20:29:30 utils:120] bin_vars       : ['Brunel_P', 'Brunel_ETA', 'nTracks_Brunel']
[I 260205 20:29:30 utils:120] binning_file   : ./tmp/binning.json
[I 260205 20:29:30 utils:120] output_dir     : raw_histos/kTrueTo-2016
[I 260205 20:29:30 utils:120] verbose        : False
[I 260205 20:29:30 utils:120] pkl_name       : ['kTrueToMuTag_denom.pkl']
[I 260205 20:29:30 utils:120] version        : N/A
[I 260205 20:29:30 utils:121] ===============
[I 260205 20:29:30 binning:205] Loading binnings from ./tmp/binning.json
[W 260205 20:29:30 binning:245] The following custom binnings are not being used: [{'particle': 'Pi', 'bin_var': 'Brunel_P'}, {'particle': 'Pi', 'bin_var': 'Brunel_ETA'}, {'particle': 'Pi', 'bin_var': 'nTracks_Brunel'}, {'particle': 'P', 'bin_var': 'Brunel_P'}, {'particle': 'P', 'bin_var': 'Brunel_ETA'}, {'particle': 'P', 'bin_var': 'nTracks_Brunel'}, {'particle': 'e_B_Jpsi', 'bin_var': 'Brunel_P'}, {'particle': 'e_B_Jpsi', 'bin_var': 'Brunel_ETA'}, {'particle': 'e_B_Jpsi', 'bin_var': 'nTracks'}]
[I 260205 20:29:30 make_eff_histo_mod:215] Processing MapUp calibration samples
[I 260205 20:29:30 utils:461] Branches to be read: {'sWeight': 'probe_sWeight', 'IsMuon': 'probe_isMuon', 'Brunel_P': 'probe_Brunel_P', 'Brunel_ETA': 'probe_Brunel_ETA', 'nTracks_Brunel': 'nTracks_Brunel', 'TRACK_GHOSTPROB': 'probe_TRACK_GHOSTPROB', 'MuonUnbiased': 'probe_MuonUnbiased', 'InMuonAcc': 'probe_InMuonAcc'}
[I 260205 20:29:30 utils:462] 126 calibration files from EOS will be processed
[I 260205 20:38:07 utils:517] Processed 126/126 files
[I 260205 20:38:07 utils:596] 60649533/66025881 (91.9%) events passed binning range cut
[I 260205 20:38:07 utils:596] 27283650/60649533 (45.0%) events passed user cut
[I 260205 20:38:07 utils:596] 26460379/27283650 (97.0%) events passed 'IsMuon==0.0' cut
[I 260205 20:38:07 make_eff_histo_mod:220] Processing MagDown calibration samples
[I 260205 20:38:07 utils:461] Branches to be read: {'sWeight': 'probe_sWeight', 'IsMuon': 'probe_isMuon', 'Brunel_P': 'probe_Brunel_P', 'Brunel_ETA': 'probe_Brunel_ETA', 'nTracks_Brunel': 'nTracks_Brunel', 'TRACK_GHOSTPROB': 'probe_TRACK_GHOSTPROB', 'MuonUnbiased': 'probe_MuonUnbiased', 'InMuonAcc': 'probe_InMuonAcc'}
[I 260205 20:38:07 utils:462] 164 calibration files from EOS will be processed
[I 260205 20:48:49 utils:517] Processed 164/164 files
[I 260205 20:48:49 utils:596] 86815708/94604994 (91.8%) events passed binning range cut
[I 260205 20:48:49 utils:596] 43042886/86815708 (49.6%) events passed user cut
[I 260205 20:48:49 utils:596] 41746587/43042886 (97.0%) events passed 'IsMuon==0.0' cut
[I 260205 20:48:49 make_eff_histo_mod:239] Efficiency histogram of cut IsMuon==0.0 saved to 'raw_histos/kTrueTo-2016/kTrueToMuTag_denom.pkl'

pidcalib2.pklhisto2root "raw_histos/piTrueTo-2016/piTrueToKTag.pkl"


cp "raw_histos/piTrueTo-2016/piTrueToGTag.root" ./piTrueToGTag.root


cp "raw_histos/piTrueTo-2016/piTrueToPiTag.root" ./piTrueToPiTag.root


cp "raw_histos/piTrueTo-2016/piTrueToPTag.root" ./piTrueToPTag.root


cp "raw_histos/piTrueTo-2016/piTrueToETag.root" ./piTrueToETag.root


cp "raw_histos/piTrueTo-2016/piTrueToKTag.root" ./piTrueToKTag.root


cp "raw_histos/piTrueTo-2016/piTrueToMuTag_nom.root" ./piTrueToMuTag_nom.root


/home/lmeyerga/misid-unfold/scripts/make_eff_histo_mod.py \
    --output-dir raw_histos/piTrueTo-2016 \
    --sample Turbo16 --magnet both \
    --particle Pi \
    --binning-file ./tmp/binning.json \
    --cut "TRACK_GHOSTPROB < 0.5 & MuonUnbiased == 1.0 & InMuonAcc == 1.0" --pid-cut "IsMuon == 1.0 & DLLe < 1.0 & UBDT < 0.25" --pkl-name piTrueToMuTag_nom_vmu.pkl --bin-var Brunel_P --bin-var Brunel_ETA --bin-var nTracks_Brunel


pidcalib2.pklhisto2root "raw_histos/piTrueTo-2016/piTrueToPiTag.pkl"


pidcalib2.pklhisto2root "raw_histos/piTrueTo-2016/piTrueToETag.pkl"


pidcalib2.pklhisto2root "raw_histos/piTrueTo-2016/piTrueToPTag.pkl"


pidcalib2.pklhisto2root "raw_histos/piTrueTo-2016/piTrueToGTag.pkl"


pidcalib2.pklhisto2root "raw_histos/piTrueTo-2016/piTrueToMuTag_nom_vmu.pkl"


pidcalib2.pklhisto2root "raw_histos/piTrueTo-2016/piTrueToMuTag_nom.pkl"


pidcalib2.pklhisto2root "raw_histos/piTrueTo-2016/piTrueToKTag.pkl"


cp "raw_histos/piTrueTo-2016/piTrueToGTag.root" ./piTrueToGTag.root


cp "raw_histos/piTrueTo-2016/piTrueToPiTag.root" ./piTrueToPiTag.root


cp "raw_histos/piTrueTo-2016/piTrueToPTag.root" ./piTrueToPTag.root


cp "raw_histos/piTrueTo-2016/piTrueToETag.root" ./piTrueToETag.root


cp "raw_histos/piTrueTo-2016/piTrueToKTag.root" ./piTrueToKTag.root


cp "raw_histos/piTrueTo-2016/piTrueToMuTag_nom_vmu.root" ./piTrueToMuTag_nom_vmu.root


cp "raw_histos/piTrueTo-2016/piTrueToMuTag_nom.root" ./piTrueToMuTag_nom.root


/home/lmeyerga/misid-unfold/scripts/make_eff_histo_mod.py \
    --output-dir raw_histos/piTrueTo-2016 \
    --sample Turbo16 --magnet both \
    --particle Pi \
    --binning-file ./tmp/binning.json \
    --cut "TRACK_GHOSTPROB < 0.5 & MuonUnbiased == 1.0 & InMuonAcc == 1.0" --pid-cut "IsMuon == 0.0" --pkl-name piTrueToMuTag_denom.pkl --bin-var Brunel_P --bin-var Brunel_ETA --bin-var nTracks_Brunel


pidcalib2.pklhisto2root "raw_histos/piTrueTo-2016/piTrueToPiTag.pkl"


pidcalib2.pklhisto2root "raw_histos/piTrueTo-2016/piTrueToETag.pkl"


pidcalib2.pklhisto2root "raw_histos/piTrueTo-2016/piTrueToPTag.pkl"


pidcalib2.pklhisto2root "raw_histos/piTrueTo-2016/piTrueToGTag.pkl"


pidcalib2.pklhisto2root "raw_histos/piTrueTo-2016/piTrueToMuTag_denom.pkl"


pidcalib2.pklhisto2root "raw_histos/piTrueTo-2016/piTrueToMuTag_nom_vmu.pkl"


pidcalib2.pklhisto2root "raw_histos/piTrueTo-2016/piTrueToMuTag_nom.pkl"


pidcalib2.pklhisto2root "raw_histos/piTrueTo-2016/piTrueToKTag.pkl"


cp "raw_histos/piTrueTo-2016/piTrueToGTag.root" ./piTrueToGTag.root


cp "raw_histos/piTrueTo-2016/piTrueToPiTag.root" ./piTrueToPiTag.root


cp "raw_histos/piTrueTo-2016/piTrueToPTag.root" ./piTrueToPTag.root


cp "raw_histos/piTrueTo-2016/piTrueToMuTag_denom.root" ./piTrueToMuTag_denom.root


cp "raw_histos/piTrueTo-2016/piTrueToETag.root" ./piTrueToETag.root


cp "raw_histos/piTrueTo-2016/piTrueToKTag.root" ./piTrueToKTag.root


cp "raw_histos/piTrueTo-2016/piTrueToMuTag_nom_vmu.root" ./piTrueToMuTag_nom_vmu.root


cp "raw_histos/piTrueTo-2016/piTrueToMuTag_nom.root" ./piTrueToMuTag_nom.root


/home/lmeyerga/misid-unfold/scripts/make_eff_histo_mod.py \
    --output-dir raw_histos/kTrueTo-2016 \
    --sample Turbo16 --magnet both \
    --particle K \
    --binning-file ./tmp/binning.json \
    --cut "TRACK_GHOSTPROB < 0.5 & MuonUnbiased == 1.0 & InMuonAcc == 1.0" --pid-cut "IsMuon == 1.0 & DLLe < 1.0 & UBDT > 0.25" --pkl-name kTrueToMuTag_nom.pkl --bin-var Brunel_P --bin-var Brunel_ETA --bin-var nTracks_Brunel


pidcalib2.pklhisto2root "raw_histos/kTrueTo-2016/kTrueToMuTag_nom.pkl"


pidcalib2.pklhisto2root "raw_histos/kTrueTo-2016/kTrueToPTag.pkl"


pidcalib2.pklhisto2root "raw_histos/kTrueTo-2016/kTrueToGTag.pkl"


pidcalib2.pklhisto2root "raw_histos/kTrueTo-2016/kTrueToKTag.pkl"


pidcalib2.pklhisto2root "raw_histos/kTrueTo-2016/kTrueToPiTag.pkl"


pidcalib2.pklhisto2root "raw_histos/kTrueTo-2016/kTrueToETag.pkl"


cp "raw_histos/kTrueTo-2016/kTrueToPiTag.root" ./kTrueToPiTag.root


cp "raw_histos/kTrueTo-2016/kTrueToMuTag_nom.root" ./kTrueToMuTag_nom.root


cp "raw_histos/kTrueTo-2016/kTrueToETag.root" ./kTrueToETag.root


cp "raw_histos/kTrueTo-2016/kTrueToKTag.root" ./kTrueToKTag.root


cp "raw_histos/kTrueTo-2016/kTrueToPTag.root" ./kTrueToPTag.root


cp "raw_histos/kTrueTo-2016/kTrueToGTag.root" ./kTrueToGTag.root


/home/lmeyerga/misid-unfold/scripts/make_eff_histo_mod.py \
    --output-dir raw_histos/kTrueTo-2016 \
    --sample Turbo16 --magnet both \
    --particle K \
    --binning-file ./tmp/binning.json \
    --cut "TRACK_GHOSTPROB < 0.5 & MuonUnbiased == 1.0 & InMuonAcc == 1.0" --pid-cut "IsMuon == 1.0 & DLLe < 1.0 & UBDT < 0.25" --pkl-name kTrueToMuTag_nom_vmu.pkl --bin-var Brunel_P --bin-var Brunel_ETA --bin-var nTracks_Brunel


pidcalib2.pklhisto2root "raw_histos/kTrueTo-2016/kTrueToMuTag_nom.pkl"


pidcalib2.pklhisto2root "raw_histos/kTrueTo-2016/kTrueToPTag.pkl"


pidcalib2.pklhisto2root "raw_histos/kTrueTo-2016/kTrueToGTag.pkl"


pidcalib2.pklhisto2root "raw_histos/kTrueTo-2016/kTrueToKTag.pkl"


pidcalib2.pklhisto2root "raw_histos/kTrueTo-2016/kTrueToPiTag.pkl"


pidcalib2.pklhisto2root "raw_histos/kTrueTo-2016/kTrueToETag.pkl"


pidcalib2.pklhisto2root "raw_histos/kTrueTo-2016/kTrueToMuTag_nom_vmu.pkl"


cp "raw_histos/kTrueTo-2016/kTrueToMuTag_nom_vmu.root" ./kTrueToMuTag_nom_vmu.root


cp "raw_histos/kTrueTo-2016/kTrueToPiTag.root" ./kTrueToPiTag.root


cp "raw_histos/kTrueTo-2016/kTrueToMuTag_nom.root" ./kTrueToMuTag_nom.root


cp "raw_histos/kTrueTo-2016/kTrueToETag.root" ./kTrueToETag.root


cp "raw_histos/kTrueTo-2016/kTrueToKTag.root" ./kTrueToKTag.root


cp "raw_histos/kTrueTo-2016/kTrueToPTag.root" ./kTrueToPTag.root


cp "raw_histos/kTrueTo-2016/kTrueToGTag.root" ./kTrueToGTag.root


/home/lmeyerga/misid-unfold/scripts/make_eff_histo_mod.py \
    --output-dir raw_histos/kTrueTo-2016 \
    --sample Turbo16 --magnet both \
    --particle K \
    --binning-file ./tmp/binning.json \
    --cut "TRACK_GHOSTPROB < 0.5 & MuonUnbiased == 1.0 & InMuonAcc == 1.0" --pid-cut "IsMuon == 0.0" --pkl-name kTrueToMuTag_denom.pkl --bin-var Brunel_P --bin-var Brunel_ETA --bin-var nTracks_Brunel


pidcalib2.pklhisto2root "raw_histos/kTrueTo-2016/kTrueToMuTag_nom.pkl"


pidcalib2.pklhisto2root "raw_histos/kTrueTo-2016/kTrueToMuTag_denom.pkl"


pidcalib2.pklhisto2root "raw_histos/kTrueTo-2016/kTrueToPTag.pkl"


pidcalib2.pklhisto2root "raw_histos/kTrueTo-2016/kTrueToGTag.pkl"


pidcalib2.pklhisto2root "raw_histos/kTrueTo-2016/kTrueToKTag.pkl"


pidcalib2.pklhisto2root "raw_histos/kTrueTo-2016/kTrueToPiTag.pkl"


pidcalib2.pklhisto2root "raw_histos/kTrueTo-2016/kTrueToETag.pkl"


pidcalib2.pklhisto2root "raw_histos/kTrueTo-2016/kTrueToMuTag_nom_vmu.pkl"


cp "raw_histos/kTrueTo-2016/kTrueToMuTag_denom.root" ./kTrueToMuTag_denom.root


cp "raw_histos/kTrueTo-2016/kTrueToMuTag_nom_vmu.root" ./kTrueToMuTag_nom_vmu.root


cp "raw_histos/kTrueTo-2016/kTrueToPiTag.root" ./kTrueToPiTag.root


cp "raw_histos/kTrueTo-2016/kTrueToMuTag_nom.root" ./kTrueToMuTag_nom.root


cp "raw_histos/kTrueTo-2016/kTrueToETag.root" ./kTrueToETag.root


cp "raw_histos/kTrueTo-2016/kTrueToKTag.root" ./kTrueToKTag.root


cp "raw_histos/kTrueTo-2016/kTrueToPTag.root" ./kTrueToPTag.root


cp "raw_histos/kTrueTo-2016/kTrueToGTag.root" ./kTrueToGTag.root

[I 260205 20:49:09 make_eff_histo_mod:189] Running PIDCalib2 make_eff_hists with the following config:
[I 260205 20:49:09 utils:117] ===============
[I 260205 20:49:09 utils:120] sample         : Turbo16
[I 260205 20:49:09 utils:120] magnet         : both
[I 260205 20:49:09 utils:120] particle       : P
[I 260205 20:49:09 utils:120] pid_cuts       : ['IsMuon==1.0&DLLe<1.0&UBDT>0.25']
[I 260205 20:49:09 utils:120] cuts           : ['TRACK_GHOSTPROB < 0.5 & MuonUnbiased == 1.0 & InMuonAcc == 1.0']
[I 260205 20:49:09 utils:120] bin_vars       : ['Brunel_P', 'Brunel_ETA', 'nTracks_Brunel']
[I 260205 20:49:09 utils:120] binning_file   : ./tmp/binning.json
[I 260205 20:49:09 utils:120] output_dir     : raw_histos/pTrueTo-2016
[I 260205 20:49:09 utils:120] verbose        : False
[I 260205 20:49:09 utils:120] pkl_name       : ['pTrueToMuTag_nom.pkl']
[I 260205 20:49:09 utils:120] version        : N/A
[I 260205 20:49:09 utils:121] ===============
[I 260205 20:49:09 binning:205] Loading binnings from ./tmp/binning.json
[W 260205 20:49:09 binning:245] The following custom binnings are not being used: [{'particle': 'Pi', 'bin_var': 'Brunel_P'}, {'particle': 'Pi', 'bin_var': 'Brunel_ETA'}, {'particle': 'Pi', 'bin_var': 'nTracks_Brunel'}, {'particle': 'K', 'bin_var': 'Brunel_P'}, {'particle': 'K', 'bin_var': 'Brunel_ETA'}, {'particle': 'K', 'bin_var': 'nTracks_Brunel'}, {'particle': 'e_B_Jpsi', 'bin_var': 'Brunel_P'}, {'particle': 'e_B_Jpsi', 'bin_var': 'Brunel_ETA'}, {'particle': 'e_B_Jpsi', 'bin_var': 'nTracks'}]
[I 260205 20:49:09 make_eff_histo_mod:215] Processing MapUp calibration samples
[I 260205 20:49:09 utils:461] Branches to be read: {'sWeight': 'probe_sWeight', 'IsMuon': 'probe_isMuon', 'DLLe': 'probe_PIDe', 'UBDT': 'probe_UBDT', 'Brunel_P': 'probe_Brunel_P', 'Brunel_ETA': 'probe_Brunel_ETA', 'nTracks_Brunel': 'nTracks_Brunel', 'TRACK_GHOSTPROB': 'probe_TRACK_GHOSTPROB', 'MuonUnbiased': 'probe_MuonUnbiased', 'InMuonAcc': 'probe_InMuonAcc'}
[I 260205 20:49:09 utils:462] 76 calibration files from EOS will be processed
[I 260205 21:07:49 utils:517] Processed 76/76 files
[I 260205 21:07:49 utils:596] 95098254/106770062 (89.1%) events passed binning range cut
[I 260205 21:07:49 utils:596] 25317055/95098254 (26.6%) events passed user cut
[I 260205 21:07:49 utils:596] 39298/25317055 (0.2%) events passed 'IsMuon==1.0&DLLe<1.0&UBDT>0.25' cut
[I 260205 21:07:49 make_eff_histo_mod:220] Processing MagDown calibration samples
[I 260205 21:07:49 utils:461] Branches to be read: {'sWeight': 'probe_sWeight', 'IsMuon': 'probe_isMuon', 'DLLe': 'probe_PIDe', 'UBDT': 'probe_UBDT', 'Brunel_P': 'probe_Brunel_P', 'Brunel_ETA': 'probe_Brunel_ETA', 'nTracks_Brunel': 'nTracks_Brunel', 'TRACK_GHOSTPROB': 'probe_TRACK_GHOSTPROB', 'MuonUnbiased': 'probe_MuonUnbiased', 'InMuonAcc': 'probe_InMuonAcc'}
[I 260205 21:07:49 utils:462] 83 calibration files from EOS will be processed
[I 260205 21:23:48 utils:517] Processed 83/83 files
[I 260205 21:23:48 utils:596] 108039242/121266947 (89.1%) events passed binning range cut
[I 260205 21:23:48 utils:596] 28999896/108039242 (26.8%) events passed user cut
[I 260205 21:23:48 utils:596] 43437/28999896 (0.1%) events passed 'IsMuon==1.0&DLLe<1.0&UBDT>0.25' cut
[W 260205 21:23:48 utils:97] There are 1 negative bins in the 'eff_IsMuon==1.0&DLLe<1.0&UBDT>0.25' efficiency histogram! You might want to change the binning.
[I 260205 21:23:48 make_eff_histo_mod:239] Efficiency histogram of cut IsMuon==1.0&DLLe<1.0&UBDT>0.25 saved to 'raw_histos/pTrueTo-2016/pTrueToMuTag_nom.pkl'
[I 260205 21:23:58 make_eff_histo_mod:189] Running PIDCalib2 make_eff_hists with the following config:
[I 260205 21:23:58 utils:117] ===============
[I 260205 21:23:58 utils:120] sample         : Turbo16
[I 260205 21:23:58 utils:120] magnet         : both
[I 260205 21:23:58 utils:120] particle       : P
[I 260205 21:23:58 utils:120] pid_cuts       : ['IsMuon==1.0&DLLe<1.0&UBDT<0.25']
[I 260205 21:23:58 utils:120] cuts           : ['TRACK_GHOSTPROB < 0.5 & MuonUnbiased == 1.0 & InMuonAcc == 1.0']
[I 260205 21:23:58 utils:120] bin_vars       : ['Brunel_P', 'Brunel_ETA', 'nTracks_Brunel']
[I 260205 21:23:58 utils:120] binning_file   : ./tmp/binning.json
[I 260205 21:23:58 utils:120] output_dir     : raw_histos/pTrueTo-2016
[I 260205 21:23:58 utils:120] verbose        : False
[I 260205 21:23:58 utils:120] pkl_name       : ['pTrueToMuTag_nom_vmu.pkl']
[I 260205 21:23:58 utils:120] version        : N/A
[I 260205 21:23:58 utils:121] ===============
[I 260205 21:23:58 binning:205] Loading binnings from ./tmp/binning.json
[W 260205 21:23:58 binning:245] The following custom binnings are not being used: [{'particle': 'Pi', 'bin_var': 'Brunel_P'}, {'particle': 'Pi', 'bin_var': 'Brunel_ETA'}, {'particle': 'Pi', 'bin_var': 'nTracks_Brunel'}, {'particle': 'K', 'bin_var': 'Brunel_P'}, {'particle': 'K', 'bin_var': 'Brunel_ETA'}, {'particle': 'K', 'bin_var': 'nTracks_Brunel'}, {'particle': 'e_B_Jpsi', 'bin_var': 'Brunel_P'}, {'particle': 'e_B_Jpsi', 'bin_var': 'Brunel_ETA'}, {'particle': 'e_B_Jpsi', 'bin_var': 'nTracks'}]
[I 260205 21:23:58 make_eff_histo_mod:215] Processing MapUp calibration samples
[I 260205 21:23:58 utils:461] Branches to be read: {'sWeight': 'probe_sWeight', 'IsMuon': 'probe_isMuon', 'DLLe': 'probe_PIDe', 'UBDT': 'probe_UBDT', 'Brunel_P': 'probe_Brunel_P', 'Brunel_ETA': 'probe_Brunel_ETA', 'nTracks_Brunel': 'nTracks_Brunel', 'TRACK_GHOSTPROB': 'probe_TRACK_GHOSTPROB', 'MuonUnbiased': 'probe_MuonUnbiased', 'InMuonAcc': 'probe_InMuonAcc'}
[I 260205 21:23:58 utils:462] 76 calibration files from EOS will be processed
[I 260205 21:37:48 utils:517] Processed 76/76 files
[I 260205 21:37:48 utils:596] 95098254/106770062 (89.1%) events passed binning range cut
[I 260205 21:37:48 utils:596] 25317055/95098254 (26.6%) events passed user cut
[I 260205 21:37:48 utils:596] 259424/25317055 (1.0%) events passed 'IsMuon==1.0&DLLe<1.0&UBDT<0.25' cut
[I 260205 21:37:48 make_eff_histo_mod:220] Processing MagDown calibration samples
[I 260205 21:37:48 utils:461] Branches to be read: {'sWeight': 'probe_sWeight', 'IsMuon': 'probe_isMuon', 'DLLe': 'probe_PIDe', 'UBDT': 'probe_UBDT', 'Brunel_P': 'probe_Brunel_P', 'Brunel_ETA': 'probe_Brunel_ETA', 'nTracks_Brunel': 'nTracks_Brunel', 'TRACK_GHOSTPROB': 'probe_TRACK_GHOSTPROB', 'MuonUnbiased': 'probe_MuonUnbiased', 'InMuonAcc': 'probe_InMuonAcc'}
[I 260205 21:37:48 utils:462] 83 calibration files from EOS will be processed
[I 260205 21:53:31 utils:517] Processed 83/83 files
[I 260205 21:53:31 utils:596] 108039242/121266947 (89.1%) events passed binning range cut
[I 260205 21:53:31 utils:596] 28999896/108039242 (26.8%) events passed user cut
[I 260205 21:53:31 utils:596] 283863/28999896 (1.0%) events passed 'IsMuon==1.0&DLLe<1.0&UBDT<0.25' cut
[I 260205 21:53:31 make_eff_histo_mod:239] Efficiency histogram of cut IsMuon==1.0&DLLe<1.0&UBDT<0.25 saved to 'raw_histos/pTrueTo-2016/pTrueToMuTag_nom_vmu.pkl'
[I 260205 21:53:53 make_eff_histo_mod:189] Running PIDCalib2 make_eff_hists with the following config:
[I 260205 21:53:53 utils:117] ===============
[I 260205 21:53:53 utils:120] sample         : Turbo16
[I 260205 21:53:53 utils:120] magnet         : both
[I 260205 21:53:53 utils:120] particle       : P
[I 260205 21:53:53 utils:120] pid_cuts       : ['IsMuon==0.0']
[I 260205 21:53:53 utils:120] cuts           : ['TRACK_GHOSTPROB < 0.5 & MuonUnbiased == 1.0 & InMuonAcc == 1.0']
[I 260205 21:53:53 utils:120] bin_vars       : ['Brunel_P', 'Brunel_ETA', 'nTracks_Brunel']
[I 260205 21:53:53 utils:120] binning_file   : ./tmp/binning.json
[I 260205 21:53:53 utils:120] output_dir     : raw_histos/pTrueTo-2016
[I 260205 21:53:53 utils:120] verbose        : False
[I 260205 21:53:53 utils:120] pkl_name       : ['pTrueToMuTag_denom.pkl']
[I 260205 21:53:53 utils:120] version        : N/A
[I 260205 21:53:53 utils:121] ===============
[I 260205 21:53:53 binning:205] Loading binnings from ./tmp/binning.json
[W 260205 21:53:53 binning:245] The following custom binnings are not being used: [{'particle': 'Pi', 'bin_var': 'Brunel_P'}, {'particle': 'Pi', 'bin_var': 'Brunel_ETA'}, {'particle': 'Pi', 'bin_var': 'nTracks_Brunel'}, {'particle': 'K', 'bin_var': 'Brunel_P'}, {'particle': 'K', 'bin_var': 'Brunel_ETA'}, {'particle': 'K', 'bin_var': 'nTracks_Brunel'}, {'particle': 'e_B_Jpsi', 'bin_var': 'Brunel_P'}, {'particle': 'e_B_Jpsi', 'bin_var': 'Brunel_ETA'}, {'particle': 'e_B_Jpsi', 'bin_var': 'nTracks'}]
[I 260205 21:53:53 make_eff_histo_mod:215] Processing MapUp calibration samples
[I 260205 21:53:53 utils:461] Branches to be read: {'sWeight': 'probe_sWeight', 'IsMuon': 'probe_isMuon', 'Brunel_P': 'probe_Brunel_P', 'Brunel_ETA': 'probe_Brunel_ETA', 'nTracks_Brunel': 'nTracks_Brunel', 'TRACK_GHOSTPROB': 'probe_TRACK_GHOSTPROB', 'MuonUnbiased': 'probe_MuonUnbiased', 'InMuonAcc': 'probe_InMuonAcc'}
[I 260205 21:53:53 utils:462] 76 calibration files from EOS will be processed
[I 260205 22:07:23 utils:517] Processed 76/76 files
[I 260205 22:07:23 utils:596] 95098254/106770062 (89.1%) events passed binning range cut
[I 260205 22:07:23 utils:596] 25317055/95098254 (26.6%) events passed user cut
[I 260205 22:07:23 utils:596] 25004923/25317055 (98.8%) events passed 'IsMuon==0.0' cut
[I 260205 22:07:23 make_eff_histo_mod:220] Processing MagDown calibration samples
[I 260205 22:07:23 utils:461] Branches to be read: {'sWeight': 'probe_sWeight', 'IsMuon': 'probe_isMuon', 'Brunel_P': 'probe_Brunel_P', 'Brunel_ETA': 'probe_Brunel_ETA', 'nTracks_Brunel': 'nTracks_Brunel', 'TRACK_GHOSTPROB': 'probe_TRACK_GHOSTPROB', 'MuonUnbiased': 'probe_MuonUnbiased', 'InMuonAcc': 'probe_InMuonAcc'}
[I 260205 22:07:23 utils:462] 83 calibration files from EOS will be processed
[I 260205 22:22:33 utils:517] Processed 83/83 files
[I 260205 22:22:33 utils:596] 108039242/121266947 (89.1%) events passed binning range cut
[I 260205 22:22:33 utils:596] 28999896/108039242 (26.8%) events passed user cut
[I 260205 22:22:33 utils:596] 28658489/28999896 (98.8%) events passed 'IsMuon==0.0' cut
[I 260205 22:22:33 make_eff_histo_mod:239] Efficiency histogram of cut IsMuon==0.0 saved to 'raw_histos/pTrueTo-2016/pTrueToMuTag_denom.pkl'

/home/lmeyerga/misid-unfold/scripts/make_eff_histo_mod.py \
    --output-dir raw_histos/pTrueTo-2016 \
    --sample Turbo16 --magnet both \
    --particle P \
    --binning-file ./tmp/binning.json \
    --cut "TRACK_GHOSTPROB < 0.5 & MuonUnbiased == 1.0 & InMuonAcc == 1.0" --pid-cut "IsMuon == 1.0 & DLLe < 1.0 & UBDT > 0.25" --pkl-name pTrueToMuTag_nom.pkl --bin-var Brunel_P --bin-var Brunel_ETA --bin-var nTracks_Brunel


pidcalib2.pklhisto2root "raw_histos/pTrueTo-2016/pTrueToGTag.pkl"


pidcalib2.pklhisto2root "raw_histos/pTrueTo-2016/pTrueToPTag.pkl"


pidcalib2.pklhisto2root "raw_histos/pTrueTo-2016/pTrueToMuTag_nom.pkl"


pidcalib2.pklhisto2root "raw_histos/pTrueTo-2016/pTrueToPiTag.pkl"


pidcalib2.pklhisto2root "raw_histos/pTrueTo-2016/pTrueToKTag.pkl"


pidcalib2.pklhisto2root "raw_histos/pTrueTo-2016/pTrueToETag.pkl"


cp "raw_histos/pTrueTo-2016/pTrueToMuTag_nom.root" ./pTrueToMuTag_nom.root


cp "raw_histos/pTrueTo-2016/pTrueToETag.root" ./pTrueToETag.root


cp "raw_histos/pTrueTo-2016/pTrueToKTag.root" ./pTrueToKTag.root


cp "raw_histos/pTrueTo-2016/pTrueToPTag.root" ./pTrueToPTag.root


cp "raw_histos/pTrueTo-2016/pTrueToGTag.root" ./pTrueToGTag.root


cp "raw_histos/pTrueTo-2016/pTrueToPiTag.root" ./pTrueToPiTag.root


/home/lmeyerga/misid-unfold/scripts/make_eff_histo_mod.py \
    --output-dir raw_histos/pTrueTo-2016 \
    --sample Turbo16 --magnet both \
    --particle P \
    --binning-file ./tmp/binning.json \
    --cut "TRACK_GHOSTPROB < 0.5 & MuonUnbiased == 1.0 & InMuonAcc == 1.0" --pid-cut "IsMuon == 1.0 & DLLe < 1.0 & UBDT < 0.25" --pkl-name pTrueToMuTag_nom_vmu.pkl --bin-var Brunel_P --bin-var Brunel_ETA --bin-var nTracks_Brunel


pidcalib2.pklhisto2root "raw_histos/pTrueTo-2016/pTrueToGTag.pkl"


pidcalib2.pklhisto2root "raw_histos/pTrueTo-2016/pTrueToPTag.pkl"


pidcalib2.pklhisto2root "raw_histos/pTrueTo-2016/pTrueToMuTag_nom.pkl"


pidcalib2.pklhisto2root "raw_histos/pTrueTo-2016/pTrueToMuTag_nom_vmu.pkl"


pidcalib2.pklhisto2root "raw_histos/pTrueTo-2016/pTrueToPiTag.pkl"


pidcalib2.pklhisto2root "raw_histos/pTrueTo-2016/pTrueToKTag.pkl"


pidcalib2.pklhisto2root "raw_histos/pTrueTo-2016/pTrueToETag.pkl"


cp "raw_histos/pTrueTo-2016/pTrueToMuTag_nom.root" ./pTrueToMuTag_nom.root


cp "raw_histos/pTrueTo-2016/pTrueToETag.root" ./pTrueToETag.root


cp "raw_histos/pTrueTo-2016/pTrueToKTag.root" ./pTrueToKTag.root


cp "raw_histos/pTrueTo-2016/pTrueToPTag.root" ./pTrueToPTag.root


cp "raw_histos/pTrueTo-2016/pTrueToGTag.root" ./pTrueToGTag.root


cp "raw_histos/pTrueTo-2016/pTrueToPiTag.root" ./pTrueToPiTag.root


cp "raw_histos/pTrueTo-2016/pTrueToMuTag_nom_vmu.root" ./pTrueToMuTag_nom_vmu.root


/home/lmeyerga/misid-unfold/scripts/make_eff_histo_mod.py \
    --output-dir raw_histos/pTrueTo-2016 \
    --sample Turbo16 --magnet both \
    --particle P \
    --binning-file ./tmp/binning.json \
    --cut "TRACK_GHOSTPROB < 0.5 & MuonUnbiased == 1.0 & InMuonAcc == 1.0" --pid-cut "IsMuon == 0.0" --pkl-name pTrueToMuTag_denom.pkl --bin-var Brunel_P --bin-var Brunel_ETA --bin-var nTracks_Brunel


pidcalib2.pklhisto2root "raw_histos/pTrueTo-2016/pTrueToGTag.pkl"


pidcalib2.pklhisto2root "raw_histos/pTrueTo-2016/pTrueToPTag.pkl"


pidcalib2.pklhisto2root "raw_histos/pTrueTo-2016/pTrueToMuTag_nom.pkl"


pidcalib2.pklhisto2root "raw_histos/pTrueTo-2016/pTrueToMuTag_denom.pkl"


pidcalib2.pklhisto2root "raw_histos/pTrueTo-2016/pTrueToMuTag_nom_vmu.pkl"


pidcalib2.pklhisto2root "raw_histos/pTrueTo-2016/pTrueToPiTag.pkl"


pidcalib2.pklhisto2root "raw_histos/pTrueTo-2016/pTrueToKTag.pkl"


pidcalib2.pklhisto2root "raw_histos/pTrueTo-2016/pTrueToETag.pkl"


cp "raw_histos/pTrueTo-2016/pTrueToMuTag_nom.root" ./pTrueToMuTag_nom.root


cp "raw_histos/pTrueTo-2016/pTrueToETag.root" ./pTrueToETag.root


cp "raw_histos/pTrueTo-2016/pTrueToKTag.root" ./pTrueToKTag.root


cp "raw_histos/pTrueTo-2016/pTrueToPTag.root" ./pTrueToPTag.root


cp "raw_histos/pTrueTo-2016/pTrueToGTag.root" ./pTrueToGTag.root


cp "raw_histos/pTrueTo-2016/pTrueToPiTag.root" ./pTrueToPiTag.root


cp "raw_histos/pTrueTo-2016/pTrueToMuTag_denom.root" ./pTrueToMuTag_denom.root


cp "raw_histos/pTrueTo-2016/pTrueToMuTag_nom_vmu.root" ./pTrueToMuTag_nom_vmu.root

