[I 260206 09:54:25 make_eff_histo_mod:189] Running PIDCalib2 make_eff_hists with the following config:
[I 260206 09:54:25 utils:117] ===============
[I 260206 09:54:25 utils:120] sample         : Turbo17
[I 260206 09:54:25 utils:120] magnet         : both
[I 260206 09:54:25 utils:120] particle       : Pi
[I 260206 09:54:25 utils:120] pid_cuts       : ['Brunel_MC15TuneV1_ProbNNpi>0.1&Brunel_DLLK<0.0&Brunel_DLLp<0.0&Brunel_DLLe<2.0&Brunel_MC15TuneV1_ProbNNghost<0.25', 'Brunel_MC15TuneV1_ProbNNk>0.1&Brunel_DLLK>0.0&(Brunel_DLLp-Brunel_DLLK)<0.0&(Brunel_DLLe-Brunel_DLLK)<-2.0&Brunel_MC15TuneV1_ProbNNghost<0.25', 'Brunel_MC15TuneV1_ProbNNp>0.1&Brunel_DLLp>0.0&(Brunel_DLLp-Brunel_DLLK)>2.0&(Brunel_DLLe-Brunel_DLLp)<-2.0&Brunel_MC15TuneV1_ProbNNghost<0.25', 'Brunel_DLLe>2.0&(Brunel_DLLe-Brunel_DLLK)>-2.0&(Brunel_DLLe-Brunel_DLLp)>-2.0&Brunel_MC15TuneV1_ProbNNghost<0.25', '(Brunel_MC15TuneV1_ProbNNpi>0.1&Brunel_DLLK<0.0&Brunel_DLLp<0.0&Brunel_DLLe<2.0&Brunel_MC15TuneV1_ProbNNghost<0.25)==0.0&(Brunel_MC15TuneV1_ProbNNk>0.1&Brunel_DLLK>0.0&(Brunel_DLLp-Brunel_DLLK)<0.0&(Brunel_DLLe-Brunel_DLLK)<-2.0&Brunel_MC15TuneV1_ProbNNghost<0.25)==0.0&(Brunel_MC15TuneV1_ProbNNp>0.1&Brunel_DLLp>0.0&(Brunel_DLLp-Brunel_DLLK)>2.0&(Brunel_DLLe-Brunel_DLLp)<-2.0&Brunel_MC15TuneV1_ProbNNghost<0.25)==0.0&(Brunel_DLLe>2.0&(Brunel_DLLe-Brunel_DLLK)>-2.0&(Brunel_DLLe-Brunel_DLLp)>-2.0&Brunel_MC15TuneV1_ProbNNghost<0.25)==0.0']
[I 260206 09:54:25 utils:120] cuts           : ['TRACK_GHOSTPROB < 0.5 & IsMuon == 0.0 & InMuonAcc == 1.0 & MuonUnbiased == 1.0']
[I 260206 09:54:25 utils:120] bin_vars       : ['Brunel_P', 'Brunel_ETA', 'nTracks_Brunel']
[I 260206 09:54:25 utils:120] binning_file   : ./tmp/binning.json
[I 260206 09:54:25 utils:120] output_dir     : raw_histos/piTrueTo-2017
[I 260206 09:54:25 utils:120] verbose        : False
[I 260206 09:54:25 utils:120] pkl_name       : ['piTrueToPiTag.pkl', 'piTrueToKTag.pkl', 'piTrueToPTag.pkl', 'piTrueToETag.pkl', 'piTrueToGTag.pkl']
[I 260206 09:54:25 utils:120] version        : N/A
[I 260206 09:54:25 utils:121] ===============
[I 260206 09:54:25 binning:205] Loading binnings from ./tmp/binning.json
[W 260206 09:54:25 binning:245] The following custom binnings are not being used: [{'particle': 'K', 'bin_var': 'Brunel_P'}, {'particle': 'K', 'bin_var': 'Brunel_ETA'}, {'particle': 'K', 'bin_var': 'nTracks_Brunel'}, {'particle': 'P', 'bin_var': 'Brunel_P'}, {'particle': 'P', 'bin_var': 'Brunel_ETA'}, {'particle': 'P', 'bin_var': 'nTracks_Brunel'}, {'particle': 'e_B_Jpsi', 'bin_var': 'Brunel_P'}, {'particle': 'e_B_Jpsi', 'bin_var': 'Brunel_ETA'}, {'particle': 'e_B_Jpsi', 'bin_var': 'nTracks_Brunel'}]
[I 260206 09:54:25 make_eff_histo_mod:215] Processing MapUp calibration samples
[I 260206 09:54:25 utils:461] Branches to be read: {'sWeight': 'probe_sWeight', 'Brunel_MC15TuneV1_ProbNNpi': 'probe_Brunel_MC15TuneV1_ProbNNpi', 'Brunel_DLLK': 'probe_Brunel_PIDK', 'Brunel_DLLp': 'probe_Brunel_PIDp', 'Brunel_DLLe': 'probe_Brunel_PIDe', 'Brunel_MC15TuneV1_ProbNNghost': 'probe_Brunel_MC15TuneV1_ProbNNghost', 'Brunel_MC15TuneV1_ProbNNk': 'probe_Brunel_MC15TuneV1_ProbNNk', 'Brunel_MC15TuneV1_ProbNNp': 'probe_Brunel_MC15TuneV1_ProbNNp', 'Brunel_P': 'probe_Brunel_P', 'Brunel_ETA': 'probe_Brunel_ETA', 'nTracks_Brunel': 'nTracks_Brunel', 'TRACK_GHOSTPROB': 'probe_TRACK_GHOSTPROB', 'IsMuon': 'probe_isMuon', 'InMuonAcc': 'probe_InMuonAcc', 'MuonUnbiased': 'probe_MuonUnbiased'}
[I 260206 09:54:25 utils:462] 246 calibration files from EOS will be processed
[I 260206 10:36:30 utils:517] Processed 246/246 files
[I 260206 10:36:30 utils:596] 129770472/141600400 (91.6%) events passed binning range cut
[I 260206 10:36:30 utils:596] 70672188/129770472 (54.5%) events passed user cut
[I 260206 10:36:30 utils:596] 59716168/70672188 (84.5%) events passed 'Brunel_MC15TuneV1_ProbNNpi>0.1&Brunel_DLLK<0.0&Brunel_DLLp<0.0&Brunel_DLLe<2.0&Brunel_MC15TuneV1_ProbNNghost<0.25' cut
[I 260206 10:36:30 utils:596] 3157893/70672188 (4.5%) events passed 'Brunel_MC15TuneV1_ProbNNk>0.1&Brunel_DLLK>0.0&(Brunel_DLLp-Brunel_DLLK)<0.0&(Brunel_DLLe-Brunel_DLLK)<-2.0&Brunel_MC15TuneV1_ProbNNghost<0.25' cut
[I 260206 10:36:30 utils:596] 1535239/70672188 (2.2%) events passed 'Brunel_MC15TuneV1_ProbNNp>0.1&Brunel_DLLp>0.0&(Brunel_DLLp-Brunel_DLLK)>2.0&(Brunel_DLLe-Brunel_DLLp)<-2.0&Brunel_MC15TuneV1_ProbNNghost<0.25' cut
[I 260206 10:36:30 utils:596] 1348020/70672188 (1.9%) events passed 'Brunel_DLLe>2.0&(Brunel_DLLe-Brunel_DLLK)>-2.0&(Brunel_DLLe-Brunel_DLLp)>-2.0&Brunel_MC15TuneV1_ProbNNghost<0.25' cut
[I 260206 10:36:30 utils:596] 4914868/70672188 (7.0%) events passed '(Brunel_MC15TuneV1_ProbNNpi>0.1&Brunel_DLLK<0.0&Brunel_DLLp<0.0&Brunel_DLLe<2.0&Brunel_MC15TuneV1_ProbNNghost<0.25)==0.0&(Brunel_MC15TuneV1_ProbNNk>0.1&Brunel_DLLK>0.0&(Brunel_DLLp-Brunel_DLLK)<0.0&(Brunel_DLLe-Brunel_DLLK)<-2.0&Brunel_MC15TuneV1_ProbNNghost<0.25)==0.0&(Brunel_MC15TuneV1_ProbNNp>0.1&Brunel_DLLp>0.0&(Brunel_DLLp-Brunel_DLLK)>2.0&(Brunel_DLLe-Brunel_DLLp)<-2.0&Brunel_MC15TuneV1_ProbNNghost<0.25)==0.0&(Brunel_DLLe>2.0&(Brunel_DLLe-Brunel_DLLK)>-2.0&(Brunel_DLLe-Brunel_DLLp)>-2.0&Brunel_MC15TuneV1_ProbNNghost<0.25)==0.0' cut
[I 260206 10:36:30 make_eff_histo_mod:220] Processing MagDown calibration samples
[I 260206 10:36:30 utils:461] Branches to be read: {'sWeight': 'probe_sWeight', 'Brunel_MC15TuneV1_ProbNNpi': 'probe_Brunel_MC15TuneV1_ProbNNpi', 'Brunel_DLLK': 'probe_Brunel_PIDK', 'Brunel_DLLp': 'probe_Brunel_PIDp', 'Brunel_DLLe': 'probe_Brunel_PIDe', 'Brunel_MC15TuneV1_ProbNNghost': 'probe_Brunel_MC15TuneV1_ProbNNghost', 'Brunel_MC15TuneV1_ProbNNk': 'probe_Brunel_MC15TuneV1_ProbNNk', 'Brunel_MC15TuneV1_ProbNNp': 'probe_Brunel_MC15TuneV1_ProbNNp', 'Brunel_P': 'probe_Brunel_P', 'Brunel_ETA': 'probe_Brunel_ETA', 'nTracks_Brunel': 'nTracks_Brunel', 'TRACK_GHOSTPROB': 'probe_TRACK_GHOSTPROB', 'IsMuon': 'probe_isMuon', 'InMuonAcc': 'probe_InMuonAcc', 'MuonUnbiased': 'probe_MuonUnbiased'}
[I 260206 10:36:30 utils:462] 207 calibration files from EOS will be processed
[I 260206 11:27:16 utils:517] Processed 207/207 files
[I 260206 11:27:16 utils:596] 109501250/119514652 (91.6%) events passed binning range cut
[I 260206 11:27:16 utils:596] 59582525/109501250 (54.4%) events passed user cut
[I 260206 11:27:16 utils:596] 50359891/59582525 (84.5%) events passed 'Brunel_MC15TuneV1_ProbNNpi>0.1&Brunel_DLLK<0.0&Brunel_DLLp<0.0&Brunel_DLLe<2.0&Brunel_MC15TuneV1_ProbNNghost<0.25' cut
[I 260206 11:27:16 utils:596] 2583898/59582525 (4.3%) events passed 'Brunel_MC15TuneV1_ProbNNk>0.1&Brunel_DLLK>0.0&(Brunel_DLLp-Brunel_DLLK)<0.0&(Brunel_DLLe-Brunel_DLLK)<-2.0&Brunel_MC15TuneV1_ProbNNghost<0.25' cut
[I 260206 11:27:16 utils:596] 1280345/59582525 (2.1%) events passed 'Brunel_MC15TuneV1_ProbNNp>0.1&Brunel_DLLp>0.0&(Brunel_DLLp-Brunel_DLLK)>2.0&(Brunel_DLLe-Brunel_DLLp)<-2.0&Brunel_MC15TuneV1_ProbNNghost<0.25' cut
[I 260206 11:27:16 utils:596] 1159412/59582525 (1.9%) events passed 'Brunel_DLLe>2.0&(Brunel_DLLe-Brunel_DLLK)>-2.0&(Brunel_DLLe-Brunel_DLLp)>-2.0&Brunel_MC15TuneV1_ProbNNghost<0.25' cut
[I 260206 11:27:16 utils:596] 4198979/59582525 (7.0%) events passed '(Brunel_MC15TuneV1_ProbNNpi>0.1&Brunel_DLLK<0.0&Brunel_DLLp<0.0&Brunel_DLLe<2.0&Brunel_MC15TuneV1_ProbNNghost<0.25)==0.0&(Brunel_MC15TuneV1_ProbNNk>0.1&Brunel_DLLK>0.0&(Brunel_DLLp-Brunel_DLLK)<0.0&(Brunel_DLLe-Brunel_DLLK)<-2.0&Brunel_MC15TuneV1_ProbNNghost<0.25)==0.0&(Brunel_MC15TuneV1_ProbNNp>0.1&Brunel_DLLp>0.0&(Brunel_DLLp-Brunel_DLLK)>2.0&(Brunel_DLLe-Brunel_DLLp)<-2.0&Brunel_MC15TuneV1_ProbNNghost<0.25)==0.0&(Brunel_DLLe>2.0&(Brunel_DLLe-Brunel_DLLK)>-2.0&(Brunel_DLLe-Brunel_DLLp)>-2.0&Brunel_MC15TuneV1_ProbNNghost<0.25)==0.0' cut
[I 260206 11:27:16 make_eff_histo_mod:239] Efficiency histogram of cut Brunel_MC15TuneV1_ProbNNpi>0.1&Brunel_DLLK<0.0&Brunel_DLLp<0.0&Brunel_DLLe<2.0&Brunel_MC15TuneV1_ProbNNghost<0.25 saved to 'raw_histos/piTrueTo-2017/piTrueToPiTag.pkl'
[I 260206 11:27:16 make_eff_histo_mod:239] Efficiency histogram of cut Brunel_MC15TuneV1_ProbNNk>0.1&Brunel_DLLK>0.0&(Brunel_DLLp-Brunel_DLLK)<0.0&(Brunel_DLLe-Brunel_DLLK)<-2.0&Brunel_MC15TuneV1_ProbNNghost<0.25 saved to 'raw_histos/piTrueTo-2017/piTrueToKTag.pkl'
[I 260206 11:27:16 make_eff_histo_mod:239] Efficiency histogram of cut Brunel_MC15TuneV1_ProbNNp>0.1&Brunel_DLLp>0.0&(Brunel_DLLp-Brunel_DLLK)>2.0&(Brunel_DLLe-Brunel_DLLp)<-2.0&Brunel_MC15TuneV1_ProbNNghost<0.25 saved to 'raw_histos/piTrueTo-2017/piTrueToPTag.pkl'
[I 260206 11:27:16 make_eff_histo_mod:239] Efficiency histogram of cut Brunel_DLLe>2.0&(Brunel_DLLe-Brunel_DLLK)>-2.0&(Brunel_DLLe-Brunel_DLLp)>-2.0&Brunel_MC15TuneV1_ProbNNghost<0.25 saved to 'raw_histos/piTrueTo-2017/piTrueToETag.pkl'
[I 260206 11:27:16 make_eff_histo_mod:239] Efficiency histogram of cut (Brunel_MC15TuneV1_ProbNNpi>0.1&Brunel_DLLK<0.0&Brunel_DLLp<0.0&Brunel_DLLe<2.0&Brunel_MC15TuneV1_ProbNNghost<0.25)==0.0&(Brunel_MC15TuneV1_ProbNNk>0.1&Brunel_DLLK>0.0&(Brunel_DLLp-Brunel_DLLK)<0.0&(Brunel_DLLe-Brunel_DLLK)<-2.0&Brunel_MC15TuneV1_ProbNNghost<0.25)==0.0&(Brunel_MC15TuneV1_ProbNNp>0.1&Brunel_DLLp>0.0&(Brunel_DLLp-Brunel_DLLK)>2.0&(Brunel_DLLe-Brunel_DLLp)<-2.0&Brunel_MC15TuneV1_ProbNNghost<0.25)==0.0&(Brunel_DLLe>2.0&(Brunel_DLLe-Brunel_DLLK)>-2.0&(Brunel_DLLe-Brunel_DLLp)>-2.0&Brunel_MC15TuneV1_ProbNNghost<0.25)==0.0 saved to 'raw_histos/piTrueTo-2017/piTrueToGTag.pkl'
[I 260206 11:27:28 make_eff_histo_mod:189] Running PIDCalib2 make_eff_hists with the following config:
[I 260206 11:27:28 utils:117] ===============
[I 260206 11:27:28 utils:120] sample         : Turbo17
[I 260206 11:27:28 utils:120] magnet         : both
[I 260206 11:27:28 utils:120] particle       : K
[I 260206 11:27:28 utils:120] pid_cuts       : ['Brunel_MC15TuneV1_ProbNNpi>0.1&Brunel_DLLK<0.0&Brunel_DLLp<0.0&Brunel_DLLe<2.0&Brunel_MC15TuneV1_ProbNNghost<0.25', 'Brunel_MC15TuneV1_ProbNNk>0.1&Brunel_DLLK>0.0&(Brunel_DLLp-Brunel_DLLK)<0.0&(Brunel_DLLe-Brunel_DLLK)<-2.0&Brunel_MC15TuneV1_ProbNNghost<0.25', 'Brunel_MC15TuneV1_ProbNNp>0.1&Brunel_DLLp>0.0&(Brunel_DLLp-Brunel_DLLK)>2.0&(Brunel_DLLe-Brunel_DLLp)<-2.0&Brunel_MC15TuneV1_ProbNNghost<0.25', 'Brunel_DLLe>2.0&(Brunel_DLLe-Brunel_DLLK)>-2.0&(Brunel_DLLe-Brunel_DLLp)>-2.0&Brunel_MC15TuneV1_ProbNNghost<0.25', '(Brunel_MC15TuneV1_ProbNNpi>0.1&Brunel_DLLK<0.0&Brunel_DLLp<0.0&Brunel_DLLe<2.0&Brunel_MC15TuneV1_ProbNNghost<0.25)==0.0&(Brunel_MC15TuneV1_ProbNNk>0.1&Brunel_DLLK>0.0&(Brunel_DLLp-Brunel_DLLK)<0.0&(Brunel_DLLe-Brunel_DLLK)<-2.0&Brunel_MC15TuneV1_ProbNNghost<0.25)==0.0&(Brunel_MC15TuneV1_ProbNNp>0.1&Brunel_DLLp>0.0&(Brunel_DLLp-Brunel_DLLK)>2.0&(Brunel_DLLe-Brunel_DLLp)<-2.0&Brunel_MC15TuneV1_ProbNNghost<0.25)==0.0&(Brunel_DLLe>2.0&(Brunel_DLLe-Brunel_DLLK)>-2.0&(Brunel_DLLe-Brunel_DLLp)>-2.0&Brunel_MC15TuneV1_ProbNNghost<0.25)==0.0']
[I 260206 11:27:28 utils:120] cuts           : ['TRACK_GHOSTPROB < 0.5 & IsMuon == 0.0 & InMuonAcc == 1.0 & MuonUnbiased == 1.0']
[I 260206 11:27:28 utils:120] bin_vars       : ['Brunel_P', 'Brunel_ETA', 'nTracks_Brunel']
[I 260206 11:27:28 utils:120] binning_file   : ./tmp/binning.json
[I 260206 11:27:28 utils:120] output_dir     : raw_histos/kTrueTo-2017
[I 260206 11:27:28 utils:120] verbose        : False
[I 260206 11:27:28 utils:120] pkl_name       : ['kTrueToPiTag.pkl', 'kTrueToKTag.pkl', 'kTrueToPTag.pkl', 'kTrueToETag.pkl', 'kTrueToGTag.pkl']
[I 260206 11:27:28 utils:120] version        : N/A
[I 260206 11:27:28 utils:121] ===============
[I 260206 11:27:28 binning:205] Loading binnings from ./tmp/binning.json
[W 260206 11:27:28 binning:245] The following custom binnings are not being used: [{'particle': 'Pi', 'bin_var': 'Brunel_P'}, {'particle': 'Pi', 'bin_var': 'Brunel_ETA'}, {'particle': 'Pi', 'bin_var': 'nTracks_Brunel'}, {'particle': 'P', 'bin_var': 'Brunel_P'}, {'particle': 'P', 'bin_var': 'Brunel_ETA'}, {'particle': 'P', 'bin_var': 'nTracks_Brunel'}, {'particle': 'e_B_Jpsi', 'bin_var': 'Brunel_P'}, {'particle': 'e_B_Jpsi', 'bin_var': 'Brunel_ETA'}, {'particle': 'e_B_Jpsi', 'bin_var': 'nTracks_Brunel'}]
[I 260206 11:27:28 make_eff_histo_mod:215] Processing MapUp calibration samples
[I 260206 11:27:28 utils:461] Branches to be read: {'sWeight': 'probe_sWeight', 'Brunel_MC15TuneV1_ProbNNpi': 'probe_Brunel_MC15TuneV1_ProbNNpi', 'Brunel_DLLK': 'probe_Brunel_PIDK', 'Brunel_DLLp': 'probe_Brunel_PIDp', 'Brunel_DLLe': 'probe_Brunel_PIDe', 'Brunel_MC15TuneV1_ProbNNghost': 'probe_Brunel_MC15TuneV1_ProbNNghost', 'Brunel_MC15TuneV1_ProbNNk': 'probe_Brunel_MC15TuneV1_ProbNNk', 'Brunel_MC15TuneV1_ProbNNp': 'probe_Brunel_MC15TuneV1_ProbNNp', 'Brunel_P': 'probe_Brunel_P', 'Brunel_ETA': 'probe_Brunel_ETA', 'nTracks_Brunel': 'nTracks_Brunel', 'TRACK_GHOSTPROB': 'probe_TRACK_GHOSTPROB', 'IsMuon': 'probe_isMuon', 'InMuonAcc': 'probe_InMuonAcc', 'MuonUnbiased': 'probe_MuonUnbiased'}
[I 260206 11:27:28 utils:462] 246 calibration files from EOS will be processed
[I 260206 12:10:33 utils:517] Processed 246/246 files
[I 260206 12:10:33 utils:596] 128591098/141600400 (90.8%) events passed binning range cut
[I 260206 12:10:33 utils:596] 64784351/128591098 (50.4%) events passed user cut
[I 260206 12:10:33 utils:596] 5696944/64784351 (8.8%) events passed 'Brunel_MC15TuneV1_ProbNNpi>0.1&Brunel_DLLK<0.0&Brunel_DLLp<0.0&Brunel_DLLe<2.0&Brunel_MC15TuneV1_ProbNNghost<0.25' cut
[I 260206 12:10:33 utils:596] 47664881/64784351 (73.6%) events passed 'Brunel_MC15TuneV1_ProbNNk>0.1&Brunel_DLLK>0.0&(Brunel_DLLp-Brunel_DLLK)<0.0&(Brunel_DLLe-Brunel_DLLK)<-2.0&Brunel_MC15TuneV1_ProbNNghost<0.25' cut
[I 260206 12:10:33 utils:596] 1967212/64784351 (3.0%) events passed 'Brunel_MC15TuneV1_ProbNNp>0.1&Brunel_DLLp>0.0&(Brunel_DLLp-Brunel_DLLK)>2.0&(Brunel_DLLe-Brunel_DLLp)<-2.0&Brunel_MC15TuneV1_ProbNNghost<0.25' cut
[I 260206 12:10:33 utils:596] 245967/64784351 (0.4%) events passed 'Brunel_DLLe>2.0&(Brunel_DLLe-Brunel_DLLK)>-2.0&(Brunel_DLLe-Brunel_DLLp)>-2.0&Brunel_MC15TuneV1_ProbNNghost<0.25' cut
[I 260206 12:10:33 utils:596] 9209347/64784351 (14.2%) events passed '(Brunel_MC15TuneV1_ProbNNpi>0.1&Brunel_DLLK<0.0&Brunel_DLLp<0.0&Brunel_DLLe<2.0&Brunel_MC15TuneV1_ProbNNghost<0.25)==0.0&(Brunel_MC15TuneV1_ProbNNk>0.1&Brunel_DLLK>0.0&(Brunel_DLLp-Brunel_DLLK)<0.0&(Brunel_DLLe-Brunel_DLLK)<-2.0&Brunel_MC15TuneV1_ProbNNghost<0.25)==0.0&(Brunel_MC15TuneV1_ProbNNp>0.1&Brunel_DLLp>0.0&(Brunel_DLLp-Brunel_DLLK)>2.0&(Brunel_DLLe-Brunel_DLLp)<-2.0&Brunel_MC15TuneV1_ProbNNghost<0.25)==0.0&(Brunel_DLLe>2.0&(Brunel_DLLe-Brunel_DLLK)>-2.0&(Brunel_DLLe-Brunel_DLLp)>-2.0&Brunel_MC15TuneV1_ProbNNghost<0.25)==0.0' cut
[I 260206 12:10:33 make_eff_histo_mod:220] Processing MagDown calibration samples
[I 260206 12:10:33 utils:461] Branches to be read: {'sWeight': 'probe_sWeight', 'Brunel_MC15TuneV1_ProbNNpi': 'probe_Brunel_MC15TuneV1_ProbNNpi', 'Brunel_DLLK': 'probe_Brunel_PIDK', 'Brunel_DLLp': 'probe_Brunel_PIDp', 'Brunel_DLLe': 'probe_Brunel_PIDe', 'Brunel_MC15TuneV1_ProbNNghost': 'probe_Brunel_MC15TuneV1_ProbNNghost', 'Brunel_MC15TuneV1_ProbNNk': 'probe_Brunel_MC15TuneV1_ProbNNk', 'Brunel_MC15TuneV1_ProbNNp': 'probe_Brunel_MC15TuneV1_ProbNNp', 'Brunel_P': 'probe_Brunel_P', 'Brunel_ETA': 'probe_Brunel_ETA', 'nTracks_Brunel': 'nTracks_Brunel', 'TRACK_GHOSTPROB': 'probe_TRACK_GHOSTPROB', 'IsMuon': 'probe_isMuon', 'InMuonAcc': 'probe_InMuonAcc', 'MuonUnbiased': 'probe_MuonUnbiased'}
[I 260206 12:10:33 utils:462] 207 calibration files from EOS will be processed
[I 260206 12:42:04 utils:517] Processed 207/207 files
[I 260206 12:42:04 utils:596] 108493444/119514652 (90.8%) events passed binning range cut
[I 260206 12:42:04 utils:596] 54644713/108493444 (50.4%) events passed user cut
[I 260206 12:42:04 utils:596] 4850716/54644713 (8.9%) events passed 'Brunel_MC15TuneV1_ProbNNpi>0.1&Brunel_DLLK<0.0&Brunel_DLLp<0.0&Brunel_DLLe<2.0&Brunel_MC15TuneV1_ProbNNghost<0.25' cut
[I 260206 12:42:04 utils:596] 40045018/54644713 (73.3%) events passed 'Brunel_MC15TuneV1_ProbNNk>0.1&Brunel_DLLK>0.0&(Brunel_DLLp-Brunel_DLLK)<0.0&(Brunel_DLLe-Brunel_DLLK)<-2.0&Brunel_MC15TuneV1_ProbNNghost<0.25' cut
[I 260206 12:42:04 utils:596] 1660796/54644713 (3.0%) events passed 'Brunel_MC15TuneV1_ProbNNp>0.1&Brunel_DLLp>0.0&(Brunel_DLLp-Brunel_DLLK)>2.0&(Brunel_DLLe-Brunel_DLLp)<-2.0&Brunel_MC15TuneV1_ProbNNghost<0.25' cut
[I 260206 12:42:04 utils:596] 210463/54644713 (0.4%) events passed 'Brunel_DLLe>2.0&(Brunel_DLLe-Brunel_DLLK)>-2.0&(Brunel_DLLe-Brunel_DLLp)>-2.0&Brunel_MC15TuneV1_ProbNNghost<0.25' cut
[I 260206 12:42:04 utils:596] 7877720/54644713 (14.4%) events passed '(Brunel_MC15TuneV1_ProbNNpi>0.1&Brunel_DLLK<0.0&Brunel_DLLp<0.0&Brunel_DLLe<2.0&Brunel_MC15TuneV1_ProbNNghost<0.25)==0.0&(Brunel_MC15TuneV1_ProbNNk>0.1&Brunel_DLLK>0.0&(Brunel_DLLp-Brunel_DLLK)<0.0&(Brunel_DLLe-Brunel_DLLK)<-2.0&Brunel_MC15TuneV1_ProbNNghost<0.25)==0.0&(Brunel_MC15TuneV1_ProbNNp>0.1&Brunel_DLLp>0.0&(Brunel_DLLp-Brunel_DLLK)>2.0&(Brunel_DLLe-Brunel_DLLp)<-2.0&Brunel_MC15TuneV1_ProbNNghost<0.25)==0.0&(Brunel_DLLe>2.0&(Brunel_DLLe-Brunel_DLLK)>-2.0&(Brunel_DLLe-Brunel_DLLp)>-2.0&Brunel_MC15TuneV1_ProbNNghost<0.25)==0.0' cut
[I 260206 12:42:04 make_eff_histo_mod:239] Efficiency histogram of cut Brunel_MC15TuneV1_ProbNNpi>0.1&Brunel_DLLK<0.0&Brunel_DLLp<0.0&Brunel_DLLe<2.0&Brunel_MC15TuneV1_ProbNNghost<0.25 saved to 'raw_histos/kTrueTo-2017/kTrueToPiTag.pkl'
[I 260206 12:42:04 make_eff_histo_mod:239] Efficiency histogram of cut Brunel_MC15TuneV1_ProbNNk>0.1&Brunel_DLLK>0.0&(Brunel_DLLp-Brunel_DLLK)<0.0&(Brunel_DLLe-Brunel_DLLK)<-2.0&Brunel_MC15TuneV1_ProbNNghost<0.25 saved to 'raw_histos/kTrueTo-2017/kTrueToKTag.pkl'
[I 260206 12:42:04 make_eff_histo_mod:239] Efficiency histogram of cut Brunel_MC15TuneV1_ProbNNp>0.1&Brunel_DLLp>0.0&(Brunel_DLLp-Brunel_DLLK)>2.0&(Brunel_DLLe-Brunel_DLLp)<-2.0&Brunel_MC15TuneV1_ProbNNghost<0.25 saved to 'raw_histos/kTrueTo-2017/kTrueToPTag.pkl'
[I 260206 12:42:04 make_eff_histo_mod:239] Efficiency histogram of cut Brunel_DLLe>2.0&(Brunel_DLLe-Brunel_DLLK)>-2.0&(Brunel_DLLe-Brunel_DLLp)>-2.0&Brunel_MC15TuneV1_ProbNNghost<0.25 saved to 'raw_histos/kTrueTo-2017/kTrueToETag.pkl'
[I 260206 12:42:04 make_eff_histo_mod:239] Efficiency histogram of cut (Brunel_MC15TuneV1_ProbNNpi>0.1&Brunel_DLLK<0.0&Brunel_DLLp<0.0&Brunel_DLLe<2.0&Brunel_MC15TuneV1_ProbNNghost<0.25)==0.0&(Brunel_MC15TuneV1_ProbNNk>0.1&Brunel_DLLK>0.0&(Brunel_DLLp-Brunel_DLLK)<0.0&(Brunel_DLLe-Brunel_DLLK)<-2.0&Brunel_MC15TuneV1_ProbNNghost<0.25)==0.0&(Brunel_MC15TuneV1_ProbNNp>0.1&Brunel_DLLp>0.0&(Brunel_DLLp-Brunel_DLLK)>2.0&(Brunel_DLLe-Brunel_DLLp)<-2.0&Brunel_MC15TuneV1_ProbNNghost<0.25)==0.0&(Brunel_DLLe>2.0&(Brunel_DLLe-Brunel_DLLK)>-2.0&(Brunel_DLLe-Brunel_DLLp)>-2.0&Brunel_MC15TuneV1_ProbNNghost<0.25)==0.0 saved to 'raw_histos/kTrueTo-2017/kTrueToGTag.pkl'
[I 260206 12:42:16 make_eff_histo_mod:189] Running PIDCalib2 make_eff_hists with the following config:
[I 260206 12:42:16 utils:117] ===============
[I 260206 12:42:16 utils:120] sample         : Turbo17
[I 260206 12:42:16 utils:120] magnet         : both
[I 260206 12:42:16 utils:120] particle       : P
[I 260206 12:42:16 utils:120] pid_cuts       : ['Brunel_MC15TuneV1_ProbNNpi>0.1&Brunel_DLLK<0.0&Brunel_DLLp<0.0&Brunel_DLLe<2.0&Brunel_MC15TuneV1_ProbNNghost<0.25', 'Brunel_MC15TuneV1_ProbNNk>0.1&Brunel_DLLK>0.0&(Brunel_DLLp-Brunel_DLLK)<0.0&(Brunel_DLLe-Brunel_DLLK)<-2.0&Brunel_MC15TuneV1_ProbNNghost<0.25', 'Brunel_MC15TuneV1_ProbNNp>0.1&Brunel_DLLp>0.0&(Brunel_DLLp-Brunel_DLLK)>2.0&(Brunel_DLLe-Brunel_DLLp)<-2.0&Brunel_MC15TuneV1_ProbNNghost<0.25', 'Brunel_DLLe>2.0&(Brunel_DLLe-Brunel_DLLK)>-2.0&(Brunel_DLLe-Brunel_DLLp)>-2.0&Brunel_MC15TuneV1_ProbNNghost<0.25', '(Brunel_MC15TuneV1_ProbNNpi>0.1&Brunel_DLLK<0.0&Brunel_DLLp<0.0&Brunel_DLLe<2.0&Brunel_MC15TuneV1_ProbNNghost<0.25)==0.0&(Brunel_MC15TuneV1_ProbNNk>0.1&Brunel_DLLK>0.0&(Brunel_DLLp-Brunel_DLLK)<0.0&(Brunel_DLLe-Brunel_DLLK)<-2.0&Brunel_MC15TuneV1_ProbNNghost<0.25)==0.0&(Brunel_MC15TuneV1_ProbNNp>0.1&Brunel_DLLp>0.0&(Brunel_DLLp-Brunel_DLLK)>2.0&(Brunel_DLLe-Brunel_DLLp)<-2.0&Brunel_MC15TuneV1_ProbNNghost<0.25)==0.0&(Brunel_DLLe>2.0&(Brunel_DLLe-Brunel_DLLK)>-2.0&(Brunel_DLLe-Brunel_DLLp)>-2.0&Brunel_MC15TuneV1_ProbNNghost<0.25)==0.0']
[I 260206 12:42:16 utils:120] cuts           : ['TRACK_GHOSTPROB < 0.5 & IsMuon == 0.0 & InMuonAcc == 1.0 & MuonUnbiased == 1.0']
[I 260206 12:42:16 utils:120] bin_vars       : ['Brunel_P', 'Brunel_ETA', 'nTracks_Brunel']
[I 260206 12:42:16 utils:120] binning_file   : ./tmp/binning.json
[I 260206 12:42:16 utils:120] output_dir     : raw_histos/pTrueTo-2017
[I 260206 12:42:16 utils:120] verbose        : False
[I 260206 12:42:16 utils:120] pkl_name       : ['pTrueToPiTag.pkl', 'pTrueToKTag.pkl', 'pTrueToPTag.pkl', 'pTrueToETag.pkl', 'pTrueToGTag.pkl']
[I 260206 12:42:16 utils:120] version        : N/A
[I 260206 12:42:16 utils:121] ===============
[I 260206 12:42:16 binning:205] Loading binnings from ./tmp/binning.json
[W 260206 12:42:16 binning:245] The following custom binnings are not being used: [{'particle': 'Pi', 'bin_var': 'Brunel_P'}, {'particle': 'Pi', 'bin_var': 'Brunel_ETA'}, {'particle': 'Pi', 'bin_var': 'nTracks_Brunel'}, {'particle': 'K', 'bin_var': 'Brunel_P'}, {'particle': 'K', 'bin_var': 'Brunel_ETA'}, {'particle': 'K', 'bin_var': 'nTracks_Brunel'}, {'particle': 'e_B_Jpsi', 'bin_var': 'Brunel_P'}, {'particle': 'e_B_Jpsi', 'bin_var': 'Brunel_ETA'}, {'particle': 'e_B_Jpsi', 'bin_var': 'nTracks_Brunel'}]
[I 260206 12:42:16 make_eff_histo_mod:215] Processing MapUp calibration samples
[I 260206 12:42:16 utils:461] Branches to be read: {'sWeight': 'probe_sWeight', 'Brunel_MC15TuneV1_ProbNNpi': 'probe_Brunel_MC15TuneV1_ProbNNpi', 'Brunel_DLLK': 'probe_Brunel_PIDK', 'Brunel_DLLp': 'probe_Brunel_PIDp', 'Brunel_DLLe': 'probe_Brunel_PIDe', 'Brunel_MC15TuneV1_ProbNNghost': 'probe_Brunel_MC15TuneV1_ProbNNghost', 'Brunel_MC15TuneV1_ProbNNk': 'probe_Brunel_MC15TuneV1_ProbNNk', 'Brunel_MC15TuneV1_ProbNNp': 'probe_Brunel_MC15TuneV1_ProbNNp', 'Brunel_P': 'probe_Brunel_P', 'Brunel_ETA': 'probe_Brunel_ETA', 'nTracks_Brunel': 'nTracks_Brunel', 'TRACK_GHOSTPROB': 'probe_TRACK_GHOSTPROB', 'IsMuon': 'probe_isMuon', 'InMuonAcc': 'probe_InMuonAcc', 'MuonUnbiased': 'probe_MuonUnbiased'}
[I 260206 12:42:16 utils:462] 73 calibration files from EOS will be processed
[I 260206 13:08:37 utils:517] Processed 73/73 files
[I 260206 13:08:37 utils:596] 92322813/103674787 (89.1%) events passed binning range cut
[I 260206 13:08:37 utils:596] 23304549/92322813 (25.2%) events passed user cut
[I 260206 13:08:37 utils:596] 1266253/23304549 (5.4%) events passed 'Brunel_MC15TuneV1_ProbNNpi>0.1&Brunel_DLLK<0.0&Brunel_DLLp<0.0&Brunel_DLLe<2.0&Brunel_MC15TuneV1_ProbNNghost<0.25' cut
[I 260206 13:08:37 utils:596] 1910891/23304549 (8.2%) events passed 'Brunel_MC15TuneV1_ProbNNk>0.1&Brunel_DLLK>0.0&(Brunel_DLLp-Brunel_DLLK)<0.0&(Brunel_DLLe-Brunel_DLLK)<-2.0&Brunel_MC15TuneV1_ProbNNghost<0.25' cut
[I 260206 13:08:37 utils:596] 14068049/23304549 (60.4%) events passed 'Brunel_MC15TuneV1_ProbNNp>0.1&Brunel_DLLp>0.0&(Brunel_DLLp-Brunel_DLLK)>2.0&(Brunel_DLLe-Brunel_DLLp)<-2.0&Brunel_MC15TuneV1_ProbNNghost<0.25' cut
[I 260206 13:08:37 utils:596] 56969/23304549 (0.2%) events passed 'Brunel_DLLe>2.0&(Brunel_DLLe-Brunel_DLLK)>-2.0&(Brunel_DLLe-Brunel_DLLp)>-2.0&Brunel_MC15TuneV1_ProbNNghost<0.25' cut
[I 260206 13:08:37 utils:596] 6002387/23304549 (25.8%) events passed '(Brunel_MC15TuneV1_ProbNNpi>0.1&Brunel_DLLK<0.0&Brunel_DLLp<0.0&Brunel_DLLe<2.0&Brunel_MC15TuneV1_ProbNNghost<0.25)==0.0&(Brunel_MC15TuneV1_ProbNNk>0.1&Brunel_DLLK>0.0&(Brunel_DLLp-Brunel_DLLK)<0.0&(Brunel_DLLe-Brunel_DLLK)<-2.0&Brunel_MC15TuneV1_ProbNNghost<0.25)==0.0&(Brunel_MC15TuneV1_ProbNNp>0.1&Brunel_DLLp>0.0&(Brunel_DLLp-Brunel_DLLK)>2.0&(Brunel_DLLe-Brunel_DLLp)<-2.0&Brunel_MC15TuneV1_ProbNNghost<0.25)==0.0&(Brunel_DLLe>2.0&(Brunel_DLLe-Brunel_DLLK)>-2.0&(Brunel_DLLe-Brunel_DLLp)>-2.0&Brunel_MC15TuneV1_ProbNNghost<0.25)==0.0' cut
[I 260206 13:08:37 make_eff_histo_mod:220] Processing MagDown calibration samples
[I 260206 13:08:37 utils:461] Branches to be read: {'sWeight': 'probe_sWeight', 'Brunel_MC15TuneV1_ProbNNpi': 'probe_Brunel_MC15TuneV1_ProbNNpi', 'Brunel_DLLK': 'probe_Brunel_PIDK', 'Brunel_DLLp': 'probe_Brunel_PIDp', 'Brunel_DLLe': 'probe_Brunel_PIDe', 'Brunel_MC15TuneV1_ProbNNghost': 'probe_Brunel_MC15TuneV1_ProbNNghost', 'Brunel_MC15TuneV1_ProbNNk': 'probe_Brunel_MC15TuneV1_ProbNNk', 'Brunel_MC15TuneV1_ProbNNp': 'probe_Brunel_MC15TuneV1_ProbNNp', 'Brunel_P': 'probe_Brunel_P', 'Brunel_ETA': 'probe_Brunel_ETA', 'nTracks_Brunel': 'nTracks_Brunel', 'TRACK_GHOSTPROB': 'probe_TRACK_GHOSTPROB', 'IsMuon': 'probe_isMuon', 'InMuonAcc': 'probe_InMuonAcc', 'MuonUnbiased': 'probe_MuonUnbiased'}
[I 260206 13:08:37 utils:462] 85 calibration files from EOS will be processed
[I 260206 13:41:47 utils:517] Processed 85/85 files
[I 260206 13:41:47 utils:596] 108680690/121910080 (89.1%) events passed binning range cut
[I 260206 13:41:47 utils:596] 27358326/108680690 (25.2%) events passed user cut
[I 260206 13:41:47 utils:596] 1483705/27358326 (5.4%) events passed 'Brunel_MC15TuneV1_ProbNNpi>0.1&Brunel_DLLK<0.0&Brunel_DLLp<0.0&Brunel_DLLe<2.0&Brunel_MC15TuneV1_ProbNNghost<0.25' cut
[I 260206 13:41:47 utils:596] 2272279/27358326 (8.3%) events passed 'Brunel_MC15TuneV1_ProbNNk>0.1&Brunel_DLLK>0.0&(Brunel_DLLp-Brunel_DLLK)<0.0&(Brunel_DLLe-Brunel_DLLK)<-2.0&Brunel_MC15TuneV1_ProbNNghost<0.25' cut
[I 260206 13:41:47 utils:596] 16569390/27358326 (60.6%) events passed 'Brunel_MC15TuneV1_ProbNNp>0.1&Brunel_DLLp>0.0&(Brunel_DLLp-Brunel_DLLK)>2.0&(Brunel_DLLe-Brunel_DLLp)<-2.0&Brunel_MC15TuneV1_ProbNNghost<0.25' cut
[I 260206 13:41:47 utils:596] 67152/27358326 (0.2%) events passed 'Brunel_DLLe>2.0&(Brunel_DLLe-Brunel_DLLK)>-2.0&(Brunel_DLLe-Brunel_DLLp)>-2.0&Brunel_MC15TuneV1_ProbNNghost<0.25' cut
[I 260206 13:41:47 utils:596] 6965800/27358326 (25.5%) events passed '(Brunel_MC15TuneV1_ProbNNpi>0.1&Brunel_DLLK<0.0&Brunel_DLLp<0.0&Brunel_DLLe<2.0&Brunel_MC15TuneV1_ProbNNghost<0.25)==0.0&(Brunel_MC15TuneV1_ProbNNk>0.1&Brunel_DLLK>0.0&(Brunel_DLLp-Brunel_DLLK)<0.0&(Brunel_DLLe-Brunel_DLLK)<-2.0&Brunel_MC15TuneV1_ProbNNghost<0.25)==0.0&(Brunel_MC15TuneV1_ProbNNp>0.1&Brunel_DLLp>0.0&(Brunel_DLLp-Brunel_DLLK)>2.0&(Brunel_DLLe-Brunel_DLLp)<-2.0&Brunel_MC15TuneV1_ProbNNghost<0.25)==0.0&(Brunel_DLLe>2.0&(Brunel_DLLe-Brunel_DLLK)>-2.0&(Brunel_DLLe-Brunel_DLLp)>-2.0&Brunel_MC15TuneV1_ProbNNghost<0.25)==0.0' cut
[I 260206 13:41:47 make_eff_histo_mod:239] Efficiency histogram of cut Brunel_MC15TuneV1_ProbNNpi>0.1&Brunel_DLLK<0.0&Brunel_DLLp<0.0&Brunel_DLLe<2.0&Brunel_MC15TuneV1_ProbNNghost<0.25 saved to 'raw_histos/pTrueTo-2017/pTrueToPiTag.pkl'
[I 260206 13:41:47 make_eff_histo_mod:239] Efficiency histogram of cut Brunel_MC15TuneV1_ProbNNk>0.1&Brunel_DLLK>0.0&(Brunel_DLLp-Brunel_DLLK)<0.0&(Brunel_DLLe-Brunel_DLLK)<-2.0&Brunel_MC15TuneV1_ProbNNghost<0.25 saved to 'raw_histos/pTrueTo-2017/pTrueToKTag.pkl'
[I 260206 13:41:47 make_eff_histo_mod:239] Efficiency histogram of cut Brunel_MC15TuneV1_ProbNNp>0.1&Brunel_DLLp>0.0&(Brunel_DLLp-Brunel_DLLK)>2.0&(Brunel_DLLe-Brunel_DLLp)<-2.0&Brunel_MC15TuneV1_ProbNNghost<0.25 saved to 'raw_histos/pTrueTo-2017/pTrueToPTag.pkl'
[I 260206 13:41:47 make_eff_histo_mod:239] Efficiency histogram of cut Brunel_DLLe>2.0&(Brunel_DLLe-Brunel_DLLK)>-2.0&(Brunel_DLLe-Brunel_DLLp)>-2.0&Brunel_MC15TuneV1_ProbNNghost<0.25 saved to 'raw_histos/pTrueTo-2017/pTrueToETag.pkl'
[I 260206 13:41:47 make_eff_histo_mod:239] Efficiency histogram of cut (Brunel_MC15TuneV1_ProbNNpi>0.1&Brunel_DLLK<0.0&Brunel_DLLp<0.0&Brunel_DLLe<2.0&Brunel_MC15TuneV1_ProbNNghost<0.25)==0.0&(Brunel_MC15TuneV1_ProbNNk>0.1&Brunel_DLLK>0.0&(Brunel_DLLp-Brunel_DLLK)<0.0&(Brunel_DLLe-Brunel_DLLK)<-2.0&Brunel_MC15TuneV1_ProbNNghost<0.25)==0.0&(Brunel_MC15TuneV1_ProbNNp>0.1&Brunel_DLLp>0.0&(Brunel_DLLp-Brunel_DLLK)>2.0&(Brunel_DLLe-Brunel_DLLp)<-2.0&Brunel_MC15TuneV1_ProbNNghost<0.25)==0.0&(Brunel_DLLe>2.0&(Brunel_DLLe-Brunel_DLLK)>-2.0&(Brunel_DLLe-Brunel_DLLp)>-2.0&Brunel_MC15TuneV1_ProbNNghost<0.25)==0.0 saved to 'raw_histos/pTrueTo-2017/pTrueToGTag.pkl'
[I 260206 13:41:58 make_eff_histo_mod:189] Running PIDCalib2 make_eff_hists with the following config:
[I 260206 13:41:58 utils:117] ===============
[I 260206 13:41:58 utils:120] sample         : Turbo17
[I 260206 13:41:58 utils:120] magnet         : both
[I 260206 13:41:58 utils:120] particle       : Pi
[I 260206 13:41:58 utils:120] pid_cuts       : ['IsMuon==1.0&DLLe<1.0&UBDT>0.25']
[I 260206 13:41:58 utils:120] cuts           : ['TRACK_GHOSTPROB < 0.5 & MuonUnbiased == 1.0 & InMuonAcc == 1.0']
[I 260206 13:41:58 utils:120] bin_vars       : ['Brunel_P', 'Brunel_ETA', 'nTracks_Brunel']
[I 260206 13:41:58 utils:120] binning_file   : ./tmp/binning.json
[I 260206 13:41:58 utils:120] output_dir     : raw_histos/piTrueTo-2017
[I 260206 13:41:58 utils:120] verbose        : False
[I 260206 13:41:58 utils:120] pkl_name       : ['piTrueToMuTag_nom.pkl']
[I 260206 13:41:58 utils:120] version        : N/A
[I 260206 13:41:58 utils:121] ===============
[I 260206 13:41:58 binning:205] Loading binnings from ./tmp/binning.json
[W 260206 13:41:58 binning:245] The following custom binnings are not being used: [{'particle': 'K', 'bin_var': 'Brunel_P'}, {'particle': 'K', 'bin_var': 'Brunel_ETA'}, {'particle': 'K', 'bin_var': 'nTracks_Brunel'}, {'particle': 'P', 'bin_var': 'Brunel_P'}, {'particle': 'P', 'bin_var': 'Brunel_ETA'}, {'particle': 'P', 'bin_var': 'nTracks_Brunel'}, {'particle': 'e_B_Jpsi', 'bin_var': 'Brunel_P'}, {'particle': 'e_B_Jpsi', 'bin_var': 'Brunel_ETA'}, {'particle': 'e_B_Jpsi', 'bin_var': 'nTracks_Brunel'}]
[I 260206 13:41:58 make_eff_histo_mod:215] Processing MapUp calibration samples
[I 260206 13:41:58 utils:461] Branches to be read: {'sWeight': 'probe_sWeight', 'IsMuon': 'probe_isMuon', 'DLLe': 'probe_PIDe', 'UBDT': 'probe_UBDT', 'Brunel_P': 'probe_Brunel_P', 'Brunel_ETA': 'probe_Brunel_ETA', 'nTracks_Brunel': 'nTracks_Brunel', 'TRACK_GHOSTPROB': 'probe_TRACK_GHOSTPROB', 'MuonUnbiased': 'probe_MuonUnbiased', 'InMuonAcc': 'probe_InMuonAcc'}
[I 260206 13:41:58 utils:462] 246 calibration files from EOS will be processed
[I 260206 14:15:53 utils:517] Processed 246/246 files
[I 260206 14:15:53 utils:596] 129770472/141600400 (91.6%) events passed binning range cut
[I 260206 14:15:53 utils:596] 72414495/129770472 (55.8%) events passed user cut
[I 260206 14:15:53 utils:596] 514789/72414495 (0.7%) events passed 'IsMuon==1.0&DLLe<1.0&UBDT>0.25' cut
[I 260206 14:15:53 make_eff_histo_mod:220] Processing MagDown calibration samples
[I 260206 14:15:53 utils:461] Branches to be read: {'sWeight': 'probe_sWeight', 'IsMuon': 'probe_isMuon', 'DLLe': 'probe_PIDe', 'UBDT': 'probe_UBDT', 'Brunel_P': 'probe_Brunel_P', 'Brunel_ETA': 'probe_Brunel_ETA', 'nTracks_Brunel': 'nTracks_Brunel', 'TRACK_GHOSTPROB': 'probe_TRACK_GHOSTPROB', 'MuonUnbiased': 'probe_MuonUnbiased', 'InMuonAcc': 'probe_InMuonAcc'}
[I 260206 14:15:53 utils:462] 207 calibration files from EOS will be processed
[I 260206 14:41:25 utils:517] Processed 207/207 files
[I 260206 14:41:25 utils:596] 109501250/119514652 (91.6%) events passed binning range cut
[I 260206 14:41:25 utils:596] 61049149/109501250 (55.8%) events passed user cut
[I 260206 14:41:25 utils:596] 438048/61049149 (0.7%) events passed 'IsMuon==1.0&DLLe<1.0&UBDT>0.25' cut
[I 260206 14:41:25 make_eff_histo_mod:239] Efficiency histogram of cut IsMuon==1.0&DLLe<1.0&UBDT>0.25 saved to 'raw_histos/piTrueTo-2017/piTrueToMuTag_nom.pkl'

/home/lmeyerga/misid-unfold/scripts/make_eff_histo_mod.py \
    --output-dir raw_histos/piTrueTo-2017 \
    --sample Turbo17 --magnet both \
    --particle Pi \
    --binning-file ./tmp/binning.json \
    --cut "TRACK_GHOSTPROB < 0.5 & IsMuon == 0.0 & InMuonAcc == 1.0 & MuonUnbiased == 1.0" --pid-cut "Brunel_MC15TuneV1_ProbNNpi > 0.1 & Brunel_DLLK < 0.0 & Brunel_DLLp < 0.0 & Brunel_DLLe < 2.0 & Brunel_MC15TuneV1_ProbNNghost < 0.25" --pkl-name piTrueToPiTag.pkl --pid-cut "Brunel_MC15TuneV1_ProbNNk > 0.1 & Brunel_DLLK > 0.0 & (Brunel_DLLp - Brunel_DLLK) < 0.0 & (Brunel_DLLe - Brunel_DLLK) < -2.0 & Brunel_MC15TuneV1_ProbNNghost < 0.25" --pkl-name piTrueToKTag.pkl --pid-cut "Brunel_MC15TuneV1_ProbNNp > 0.1 & Brunel_DLLp > 0.0 & (Brunel_DLLp - Brunel_DLLK) > 2.0 & (Brunel_DLLe - Brunel_DLLp) < -2.0 & Brunel_MC15TuneV1_ProbNNghost < 0.25" --pkl-name piTrueToPTag.pkl --pid-cut "Brunel_DLLe > 2.0 & (Brunel_DLLe - Brunel_DLLK) > -2.0 & (Brunel_DLLe - Brunel_DLLp) > -2.0 & Brunel_MC15TuneV1_ProbNNghost < 0.25" --pkl-name piTrueToETag.pkl --pid-cut "(Brunel_MC15TuneV1_ProbNNpi > 0.1 & Brunel_DLLK < 0.0 & Brunel_DLLp < 0.0 & Brunel_DLLe < 2.0 & Brunel_MC15TuneV1_ProbNNghost < 0.25) == 0.0 & (Brunel_MC15TuneV1_ProbNNk > 0.1 & Brunel_DLLK > 0.0 & (Brunel_DLLp - Brunel_DLLK) < 0.0 & (Brunel_DLLe - Brunel_DLLK) < -2.0 & Brunel_MC15TuneV1_ProbNNghost < 0.25) == 0.0 & (Brunel_MC15TuneV1_ProbNNp > 0.1 & Brunel_DLLp > 0.0 & (Brunel_DLLp - Brunel_DLLK) > 2.0 & (Brunel_DLLe - Brunel_DLLp) < -2.0 & Brunel_MC15TuneV1_ProbNNghost < 0.25) == 0.0 & (Brunel_DLLe > 2.0 & (Brunel_DLLe - Brunel_DLLK) > -2.0 & (Brunel_DLLe - Brunel_DLLp) > -2.0 & Brunel_MC15TuneV1_ProbNNghost < 0.25) == 0.0" --pkl-name piTrueToGTag.pkl --bin-var Brunel_P --bin-var Brunel_ETA --bin-var nTracks_Brunel


pidcalib2.pklhisto2root "raw_histos/piTrueTo-2017/piTrueToPiTag.pkl"


pidcalib2.pklhisto2root "raw_histos/piTrueTo-2017/piTrueToETag.pkl"


pidcalib2.pklhisto2root "raw_histos/piTrueTo-2017/piTrueToPTag.pkl"


pidcalib2.pklhisto2root "raw_histos/piTrueTo-2017/piTrueToGTag.pkl"


pidcalib2.pklhisto2root "raw_histos/piTrueTo-2017/piTrueToKTag.pkl"


cp "raw_histos/piTrueTo-2017/piTrueToGTag.root" ./piTrueToGTag.root


cp "raw_histos/piTrueTo-2017/piTrueToPiTag.root" ./piTrueToPiTag.root


cp "raw_histos/piTrueTo-2017/piTrueToPTag.root" ./piTrueToPTag.root


cp "raw_histos/piTrueTo-2017/piTrueToETag.root" ./piTrueToETag.root


cp "raw_histos/piTrueTo-2017/piTrueToKTag.root" ./piTrueToKTag.root


/home/lmeyerga/misid-unfold/scripts/make_eff_histo_mod.py \
    --output-dir raw_histos/kTrueTo-2017 \
    --sample Turbo17 --magnet both \
    --particle K \
    --binning-file ./tmp/binning.json \
    --cut "TRACK_GHOSTPROB < 0.5 & IsMuon == 0.0 & InMuonAcc == 1.0 & MuonUnbiased == 1.0" --pid-cut "Brunel_MC15TuneV1_ProbNNpi > 0.1 & Brunel_DLLK < 0.0 & Brunel_DLLp < 0.0 & Brunel_DLLe < 2.0 & Brunel_MC15TuneV1_ProbNNghost < 0.25" --pkl-name kTrueToPiTag.pkl --pid-cut "Brunel_MC15TuneV1_ProbNNk > 0.1 & Brunel_DLLK > 0.0 & (Brunel_DLLp - Brunel_DLLK) < 0.0 & (Brunel_DLLe - Brunel_DLLK) < -2.0 & Brunel_MC15TuneV1_ProbNNghost < 0.25" --pkl-name kTrueToKTag.pkl --pid-cut "Brunel_MC15TuneV1_ProbNNp > 0.1 & Brunel_DLLp > 0.0 & (Brunel_DLLp - Brunel_DLLK) > 2.0 & (Brunel_DLLe - Brunel_DLLp) < -2.0 & Brunel_MC15TuneV1_ProbNNghost < 0.25" --pkl-name kTrueToPTag.pkl --pid-cut "Brunel_DLLe > 2.0 & (Brunel_DLLe - Brunel_DLLK) > -2.0 & (Brunel_DLLe - Brunel_DLLp) > -2.0 & Brunel_MC15TuneV1_ProbNNghost < 0.25" --pkl-name kTrueToETag.pkl --pid-cut "(Brunel_MC15TuneV1_ProbNNpi > 0.1 & Brunel_DLLK < 0.0 & Brunel_DLLp < 0.0 & Brunel_DLLe < 2.0 & Brunel_MC15TuneV1_ProbNNghost < 0.25) == 0.0 & (Brunel_MC15TuneV1_ProbNNk > 0.1 & Brunel_DLLK > 0.0 & (Brunel_DLLp - Brunel_DLLK) < 0.0 & (Brunel_DLLe - Brunel_DLLK) < -2.0 & Brunel_MC15TuneV1_ProbNNghost < 0.25) == 0.0 & (Brunel_MC15TuneV1_ProbNNp > 0.1 & Brunel_DLLp > 0.0 & (Brunel_DLLp - Brunel_DLLK) > 2.0 & (Brunel_DLLe - Brunel_DLLp) < -2.0 & Brunel_MC15TuneV1_ProbNNghost < 0.25) == 0.0 & (Brunel_DLLe > 2.0 & (Brunel_DLLe - Brunel_DLLK) > -2.0 & (Brunel_DLLe - Brunel_DLLp) > -2.0 & Brunel_MC15TuneV1_ProbNNghost < 0.25) == 0.0" --pkl-name kTrueToGTag.pkl --bin-var Brunel_P --bin-var Brunel_ETA --bin-var nTracks_Brunel


pidcalib2.pklhisto2root "raw_histos/kTrueTo-2017/kTrueToPTag.pkl"


pidcalib2.pklhisto2root "raw_histos/kTrueTo-2017/kTrueToGTag.pkl"


pidcalib2.pklhisto2root "raw_histos/kTrueTo-2017/kTrueToKTag.pkl"


pidcalib2.pklhisto2root "raw_histos/kTrueTo-2017/kTrueToPiTag.pkl"


pidcalib2.pklhisto2root "raw_histos/kTrueTo-2017/kTrueToETag.pkl"


cp "raw_histos/kTrueTo-2017/kTrueToPiTag.root" ./kTrueToPiTag.root


cp "raw_histos/kTrueTo-2017/kTrueToETag.root" ./kTrueToETag.root


cp "raw_histos/kTrueTo-2017/kTrueToKTag.root" ./kTrueToKTag.root


cp "raw_histos/kTrueTo-2017/kTrueToPTag.root" ./kTrueToPTag.root


cp "raw_histos/kTrueTo-2017/kTrueToGTag.root" ./kTrueToGTag.root


/home/lmeyerga/misid-unfold/scripts/make_eff_histo_mod.py \
    --output-dir raw_histos/pTrueTo-2017 \
    --sample Turbo17 --magnet both \
    --particle P \
    --binning-file ./tmp/binning.json \
    --cut "TRACK_GHOSTPROB < 0.5 & IsMuon == 0.0 & InMuonAcc == 1.0 & MuonUnbiased == 1.0" --pid-cut "Brunel_MC15TuneV1_ProbNNpi > 0.1 & Brunel_DLLK < 0.0 & Brunel_DLLp < 0.0 & Brunel_DLLe < 2.0 & Brunel_MC15TuneV1_ProbNNghost < 0.25" --pkl-name pTrueToPiTag.pkl --pid-cut "Brunel_MC15TuneV1_ProbNNk > 0.1 & Brunel_DLLK > 0.0 & (Brunel_DLLp - Brunel_DLLK) < 0.0 & (Brunel_DLLe - Brunel_DLLK) < -2.0 & Brunel_MC15TuneV1_ProbNNghost < 0.25" --pkl-name pTrueToKTag.pkl --pid-cut "Brunel_MC15TuneV1_ProbNNp > 0.1 & Brunel_DLLp > 0.0 & (Brunel_DLLp - Brunel_DLLK) > 2.0 & (Brunel_DLLe - Brunel_DLLp) < -2.0 & Brunel_MC15TuneV1_ProbNNghost < 0.25" --pkl-name pTrueToPTag.pkl --pid-cut "Brunel_DLLe > 2.0 & (Brunel_DLLe - Brunel_DLLK) > -2.0 & (Brunel_DLLe - Brunel_DLLp) > -2.0 & Brunel_MC15TuneV1_ProbNNghost < 0.25" --pkl-name pTrueToETag.pkl --pid-cut "(Brunel_MC15TuneV1_ProbNNpi > 0.1 & Brunel_DLLK < 0.0 & Brunel_DLLp < 0.0 & Brunel_DLLe < 2.0 & Brunel_MC15TuneV1_ProbNNghost < 0.25) == 0.0 & (Brunel_MC15TuneV1_ProbNNk > 0.1 & Brunel_DLLK > 0.0 & (Brunel_DLLp - Brunel_DLLK) < 0.0 & (Brunel_DLLe - Brunel_DLLK) < -2.0 & Brunel_MC15TuneV1_ProbNNghost < 0.25) == 0.0 & (Brunel_MC15TuneV1_ProbNNp > 0.1 & Brunel_DLLp > 0.0 & (Brunel_DLLp - Brunel_DLLK) > 2.0 & (Brunel_DLLe - Brunel_DLLp) < -2.0 & Brunel_MC15TuneV1_ProbNNghost < 0.25) == 0.0 & (Brunel_DLLe > 2.0 & (Brunel_DLLe - Brunel_DLLK) > -2.0 & (Brunel_DLLe - Brunel_DLLp) > -2.0 & Brunel_MC15TuneV1_ProbNNghost < 0.25) == 0.0" --pkl-name pTrueToGTag.pkl --bin-var Brunel_P --bin-var Brunel_ETA --bin-var nTracks_Brunel


pidcalib2.pklhisto2root "raw_histos/pTrueTo-2017/pTrueToGTag.pkl"


pidcalib2.pklhisto2root "raw_histos/pTrueTo-2017/pTrueToPTag.pkl"


pidcalib2.pklhisto2root "raw_histos/pTrueTo-2017/pTrueToPiTag.pkl"


pidcalib2.pklhisto2root "raw_histos/pTrueTo-2017/pTrueToKTag.pkl"


pidcalib2.pklhisto2root "raw_histos/pTrueTo-2017/pTrueToETag.pkl"


cp "raw_histos/pTrueTo-2017/pTrueToETag.root" ./pTrueToETag.root


cp "raw_histos/pTrueTo-2017/pTrueToKTag.root" ./pTrueToKTag.root


cp "raw_histos/pTrueTo-2017/pTrueToPTag.root" ./pTrueToPTag.root


cp "raw_histos/pTrueTo-2017/pTrueToGTag.root" ./pTrueToGTag.root


cp "raw_histos/pTrueTo-2017/pTrueToPiTag.root" ./pTrueToPiTag.root


/home/lmeyerga/misid-unfold/scripts/make_eff_histo_mod.py \
    --output-dir raw_histos/piTrueTo-2017 \
    --sample Turbo17 --magnet both \
    --particle Pi \
    --binning-file ./tmp/binning.json \
    --cut "TRACK_GHOSTPROB < 0.5 & MuonUnbiased == 1.0 & InMuonAcc == 1.0" --pid-cut "IsMuon == 1.0 & DLLe < 1.0 & UBDT > 0.25" --pkl-name piTrueToMuTag_nom.pkl --bin-var Brunel_P --bin-var Brunel_ETA --bin-var nTracks_Brunel


pidcalib2.pklhisto2root "raw_histos/piTrueTo-2017/piTrueToPiTag.pkl"


pidcalib2.pklhisto2root "raw_histos/piTrueTo-2017/piTrueToETag.pkl"


pidcalib2.pklhisto2root "raw_histos/piTrueTo-2017/piTrueToPTag.pkl"


pidcalib2.pklhisto2root "raw_histos/piTrueTo-2017/piTrueToGTag.pkl"


pidcalib2.pklhisto2root "raw_histos/piTrueTo-2017/piTrueToMuTag_nom.pkl"

[I 260206 14:41:39 make_eff_histo_mod:189] Running PIDCalib2 make_eff_hists with the following config:
[I 260206 14:41:39 utils:117] ===============
[I 260206 14:41:39 utils:120] sample         : Turbo17
[I 260206 14:41:39 utils:120] magnet         : both
[I 260206 14:41:39 utils:120] particle       : Pi
[I 260206 14:41:39 utils:120] pid_cuts       : ['IsMuon==1.0&DLLe<1.0&UBDT<0.25']
[I 260206 14:41:39 utils:120] cuts           : ['TRACK_GHOSTPROB < 0.5 & MuonUnbiased == 1.0 & InMuonAcc == 1.0']
[I 260206 14:41:39 utils:120] bin_vars       : ['Brunel_P', 'Brunel_ETA', 'nTracks_Brunel']
[I 260206 14:41:39 utils:120] binning_file   : ./tmp/binning.json
[I 260206 14:41:39 utils:120] output_dir     : raw_histos/piTrueTo-2017
[I 260206 14:41:39 utils:120] verbose        : False
[I 260206 14:41:39 utils:120] pkl_name       : ['piTrueToMuTag_nom_vmu.pkl']
[I 260206 14:41:39 utils:120] version        : N/A
[I 260206 14:41:39 utils:121] ===============
[I 260206 14:41:39 binning:205] Loading binnings from ./tmp/binning.json
[W 260206 14:41:39 binning:245] The following custom binnings are not being used: [{'particle': 'K', 'bin_var': 'Brunel_P'}, {'particle': 'K', 'bin_var': 'Brunel_ETA'}, {'particle': 'K', 'bin_var': 'nTracks_Brunel'}, {'particle': 'P', 'bin_var': 'Brunel_P'}, {'particle': 'P', 'bin_var': 'Brunel_ETA'}, {'particle': 'P', 'bin_var': 'nTracks_Brunel'}, {'particle': 'e_B_Jpsi', 'bin_var': 'Brunel_P'}, {'particle': 'e_B_Jpsi', 'bin_var': 'Brunel_ETA'}, {'particle': 'e_B_Jpsi', 'bin_var': 'nTracks_Brunel'}]
[I 260206 14:41:39 make_eff_histo_mod:215] Processing MapUp calibration samples
[I 260206 14:41:39 utils:461] Branches to be read: {'sWeight': 'probe_sWeight', 'IsMuon': 'probe_isMuon', 'DLLe': 'probe_PIDe', 'UBDT': 'probe_UBDT', 'Brunel_P': 'probe_Brunel_P', 'Brunel_ETA': 'probe_Brunel_ETA', 'nTracks_Brunel': 'nTracks_Brunel', 'TRACK_GHOSTPROB': 'probe_TRACK_GHOSTPROB', 'MuonUnbiased': 'probe_MuonUnbiased', 'InMuonAcc': 'probe_InMuonAcc'}
[I 260206 14:41:39 utils:462] 246 calibration files from EOS will be processed
[I 260206 15:04:25 utils:517] Processed 246/246 files
[I 260206 15:04:25 utils:596] 129770472/141600400 (91.6%) events passed binning range cut
[I 260206 15:04:25 utils:596] 72414495/129770472 (55.8%) events passed user cut
[I 260206 15:04:25 utils:596] 1215612/72414495 (1.7%) events passed 'IsMuon==1.0&DLLe<1.0&UBDT<0.25' cut
[I 260206 15:04:25 make_eff_histo_mod:220] Processing MagDown calibration samples
[I 260206 15:04:25 utils:461] Branches to be read: {'sWeight': 'probe_sWeight', 'IsMuon': 'probe_isMuon', 'DLLe': 'probe_PIDe', 'UBDT': 'probe_UBDT', 'Brunel_P': 'probe_Brunel_P', 'Brunel_ETA': 'probe_Brunel_ETA', 'nTracks_Brunel': 'nTracks_Brunel', 'TRACK_GHOSTPROB': 'probe_TRACK_GHOSTPROB', 'MuonUnbiased': 'probe_MuonUnbiased', 'InMuonAcc': 'probe_InMuonAcc'}
[I 260206 15:04:25 utils:462] 207 calibration files from EOS will be processed
[I 260206 15:22:40 utils:517] Processed 207/207 files
[I 260206 15:22:40 utils:596] 109501250/119514652 (91.6%) events passed binning range cut
[I 260206 15:22:40 utils:596] 61049149/109501250 (55.8%) events passed user cut
[I 260206 15:22:40 utils:596] 1018145/61049149 (1.7%) events passed 'IsMuon==1.0&DLLe<1.0&UBDT<0.25' cut
[I 260206 15:22:40 make_eff_histo_mod:239] Efficiency histogram of cut IsMuon==1.0&DLLe<1.0&UBDT<0.25 saved to 'raw_histos/piTrueTo-2017/piTrueToMuTag_nom_vmu.pkl'
[I 260206 15:22:56 make_eff_histo_mod:189] Running PIDCalib2 make_eff_hists with the following config:
[I 260206 15:22:56 utils:117] ===============
[I 260206 15:22:56 utils:120] sample         : Turbo17
[I 260206 15:22:56 utils:120] magnet         : both
[I 260206 15:22:56 utils:120] particle       : Pi
[I 260206 15:22:56 utils:120] pid_cuts       : ['IsMuon==0.0']
[I 260206 15:22:56 utils:120] cuts           : ['TRACK_GHOSTPROB < 0.5 & MuonUnbiased == 1.0 & InMuonAcc == 1.0']
[I 260206 15:22:56 utils:120] bin_vars       : ['Brunel_P', 'Brunel_ETA', 'nTracks_Brunel']
[I 260206 15:22:56 utils:120] binning_file   : ./tmp/binning.json
[I 260206 15:22:56 utils:120] output_dir     : raw_histos/piTrueTo-2017
[I 260206 15:22:56 utils:120] verbose        : False
[I 260206 15:22:56 utils:120] pkl_name       : ['piTrueToMuTag_denom.pkl']
[I 260206 15:22:56 utils:120] version        : N/A
[I 260206 15:22:56 utils:121] ===============
[I 260206 15:22:56 binning:205] Loading binnings from ./tmp/binning.json
[W 260206 15:22:56 binning:245] The following custom binnings are not being used: [{'particle': 'K', 'bin_var': 'Brunel_P'}, {'particle': 'K', 'bin_var': 'Brunel_ETA'}, {'particle': 'K', 'bin_var': 'nTracks_Brunel'}, {'particle': 'P', 'bin_var': 'Brunel_P'}, {'particle': 'P', 'bin_var': 'Brunel_ETA'}, {'particle': 'P', 'bin_var': 'nTracks_Brunel'}, {'particle': 'e_B_Jpsi', 'bin_var': 'Brunel_P'}, {'particle': 'e_B_Jpsi', 'bin_var': 'Brunel_ETA'}, {'particle': 'e_B_Jpsi', 'bin_var': 'nTracks_Brunel'}]
[I 260206 15:22:56 make_eff_histo_mod:215] Processing MapUp calibration samples
[I 260206 15:22:56 utils:461] Branches to be read: {'sWeight': 'probe_sWeight', 'IsMuon': 'probe_isMuon', 'Brunel_P': 'probe_Brunel_P', 'Brunel_ETA': 'probe_Brunel_ETA', 'nTracks_Brunel': 'nTracks_Brunel', 'TRACK_GHOSTPROB': 'probe_TRACK_GHOSTPROB', 'MuonUnbiased': 'probe_MuonUnbiased', 'InMuonAcc': 'probe_InMuonAcc'}
[I 260206 15:22:56 utils:462] 246 calibration files from EOS will be processed
[I 260206 15:41:06 utils:517] Processed 246/246 files
[I 260206 15:41:06 utils:596] 129770472/141600400 (91.6%) events passed binning range cut
[I 260206 15:41:06 utils:596] 72414495/129770472 (55.8%) events passed user cut
[I 260206 15:41:06 utils:596] 70672188/72414495 (97.6%) events passed 'IsMuon==0.0' cut
[I 260206 15:41:06 make_eff_histo_mod:220] Processing MagDown calibration samples
[I 260206 15:41:06 utils:461] Branches to be read: {'sWeight': 'probe_sWeight', 'IsMuon': 'probe_isMuon', 'Brunel_P': 'probe_Brunel_P', 'Brunel_ETA': 'probe_Brunel_ETA', 'nTracks_Brunel': 'nTracks_Brunel', 'TRACK_GHOSTPROB': 'probe_TRACK_GHOSTPROB', 'MuonUnbiased': 'probe_MuonUnbiased', 'InMuonAcc': 'probe_InMuonAcc'}
[I 260206 15:41:06 utils:462] 207 calibration files from EOS will be processed
[I 260206 15:57:33 utils:517] Processed 207/207 files
[I 260206 15:57:33 utils:596] 109501250/119514652 (91.6%) events passed binning range cut
[I 260206 15:57:33 utils:596] 61049149/109501250 (55.8%) events passed user cut
[I 260206 15:57:33 utils:596] 59582525/61049149 (97.6%) events passed 'IsMuon==0.0' cut
[I 260206 15:57:33 make_eff_histo_mod:239] Efficiency histogram of cut IsMuon==0.0 saved to 'raw_histos/piTrueTo-2017/piTrueToMuTag_denom.pkl'
[I 260206 15:57:51 make_eff_histo_mod:189] Running PIDCalib2 make_eff_hists with the following config:
[I 260206 15:57:51 utils:117] ===============
[I 260206 15:57:51 utils:120] sample         : Turbo17
[I 260206 15:57:51 utils:120] magnet         : both
[I 260206 15:57:51 utils:120] particle       : K
[I 260206 15:57:51 utils:120] pid_cuts       : ['IsMuon==1.0&DLLe<1.0&UBDT>0.25']
[I 260206 15:57:51 utils:120] cuts           : ['TRACK_GHOSTPROB < 0.5 & MuonUnbiased == 1.0 & InMuonAcc == 1.0']
[I 260206 15:57:51 utils:120] bin_vars       : ['Brunel_P', 'Brunel_ETA', 'nTracks_Brunel']
[I 260206 15:57:51 utils:120] binning_file   : ./tmp/binning.json
[I 260206 15:57:51 utils:120] output_dir     : raw_histos/kTrueTo-2017
[I 260206 15:57:51 utils:120] verbose        : False
[I 260206 15:57:51 utils:120] pkl_name       : ['kTrueToMuTag_nom.pkl']
[I 260206 15:57:51 utils:120] version        : N/A
[I 260206 15:57:51 utils:121] ===============
[I 260206 15:57:51 binning:205] Loading binnings from ./tmp/binning.json
[W 260206 15:57:51 binning:245] The following custom binnings are not being used: [{'particle': 'Pi', 'bin_var': 'Brunel_P'}, {'particle': 'Pi', 'bin_var': 'Brunel_ETA'}, {'particle': 'Pi', 'bin_var': 'nTracks_Brunel'}, {'particle': 'P', 'bin_var': 'Brunel_P'}, {'particle': 'P', 'bin_var': 'Brunel_ETA'}, {'particle': 'P', 'bin_var': 'nTracks_Brunel'}, {'particle': 'e_B_Jpsi', 'bin_var': 'Brunel_P'}, {'particle': 'e_B_Jpsi', 'bin_var': 'Brunel_ETA'}, {'particle': 'e_B_Jpsi', 'bin_var': 'nTracks_Brunel'}]
[I 260206 15:57:51 make_eff_histo_mod:215] Processing MapUp calibration samples
[I 260206 15:57:51 utils:461] Branches to be read: {'sWeight': 'probe_sWeight', 'IsMuon': 'probe_isMuon', 'DLLe': 'probe_PIDe', 'UBDT': 'probe_UBDT', 'Brunel_P': 'probe_Brunel_P', 'Brunel_ETA': 'probe_Brunel_ETA', 'nTracks_Brunel': 'nTracks_Brunel', 'TRACK_GHOSTPROB': 'probe_TRACK_GHOSTPROB', 'MuonUnbiased': 'probe_MuonUnbiased', 'InMuonAcc': 'probe_InMuonAcc'}
[I 260206 15:57:51 utils:462] 246 calibration files from EOS will be processed
[I 260206 16:26:28 utils:517] Processed 246/246 files
[I 260206 16:26:28 utils:596] 128591098/141600400 (90.8%) events passed binning range cut
[I 260206 16:26:28 utils:596] 66444102/128591098 (51.7%) events passed user cut
[I 260206 16:26:28 utils:596] 404331/66444102 (0.6%) events passed 'IsMuon==1.0&DLLe<1.0&UBDT>0.25' cut
[I 260206 16:26:28 make_eff_histo_mod:220] Processing MagDown calibration samples
[I 260206 16:26:28 utils:461] Branches to be read: {'sWeight': 'probe_sWeight', 'IsMuon': 'probe_isMuon', 'DLLe': 'probe_PIDe', 'UBDT': 'probe_UBDT', 'Brunel_P': 'probe_Brunel_P', 'Brunel_ETA': 'probe_Brunel_ETA', 'nTracks_Brunel': 'nTracks_Brunel', 'TRACK_GHOSTPROB': 'probe_TRACK_GHOSTPROB', 'MuonUnbiased': 'probe_MuonUnbiased', 'InMuonAcc': 'probe_InMuonAcc'}
[I 260206 16:26:28 utils:462] 207 calibration files from EOS will be processed
[I 260206 16:50:45 utils:517] Processed 207/207 files
[I 260206 16:50:45 utils:596] 108493444/119514652 (90.8%) events passed binning range cut
[I 260206 16:50:45 utils:596] 56046532/108493444 (51.7%) events passed user cut
[I 260206 16:50:45 utils:596] 344265/56046532 (0.6%) events passed 'IsMuon==1.0&DLLe<1.0&UBDT>0.25' cut
[I 260206 16:50:45 make_eff_histo_mod:239] Efficiency histogram of cut IsMuon==1.0&DLLe<1.0&UBDT>0.25 saved to 'raw_histos/kTrueTo-2017/kTrueToMuTag_nom.pkl'
[I 260206 16:50:58 make_eff_histo_mod:189] Running PIDCalib2 make_eff_hists with the following config:
[I 260206 16:50:58 utils:117] ===============
[I 260206 16:50:58 utils:120] sample         : Turbo17
[I 260206 16:50:58 utils:120] magnet         : both
[I 260206 16:50:58 utils:120] particle       : K
[I 260206 16:50:58 utils:120] pid_cuts       : ['IsMuon==1.0&DLLe<1.0&UBDT<0.25']
[I 260206 16:50:58 utils:120] cuts           : ['TRACK_GHOSTPROB < 0.5 & MuonUnbiased == 1.0 & InMuonAcc == 1.0']
[I 260206 16:50:58 utils:120] bin_vars       : ['Brunel_P', 'Brunel_ETA', 'nTracks_Brunel']
[I 260206 16:50:58 utils:120] binning_file   : ./tmp/binning.json
[I 260206 16:50:58 utils:120] output_dir     : raw_histos/kTrueTo-2017
[I 260206 16:50:58 utils:120] verbose        : False
[I 260206 16:50:58 utils:120] pkl_name       : ['kTrueToMuTag_nom_vmu.pkl']
[I 260206 16:50:58 utils:120] version        : N/A
[I 260206 16:50:58 utils:121] ===============
[I 260206 16:50:58 binning:205] Loading binnings from ./tmp/binning.json
[W 260206 16:50:58 binning:245] The following custom binnings are not being used: [{'particle': 'Pi', 'bin_var': 'Brunel_P'}, {'particle': 'Pi', 'bin_var': 'Brunel_ETA'}, {'particle': 'Pi', 'bin_var': 'nTracks_Brunel'}, {'particle': 'P', 'bin_var': 'Brunel_P'}, {'particle': 'P', 'bin_var': 'Brunel_ETA'}, {'particle': 'P', 'bin_var': 'nTracks_Brunel'}, {'particle': 'e_B_Jpsi', 'bin_var': 'Brunel_P'}, {'particle': 'e_B_Jpsi', 'bin_var': 'Brunel_ETA'}, {'particle': 'e_B_Jpsi', 'bin_var': 'nTracks_Brunel'}]
[I 260206 16:50:58 make_eff_histo_mod:215] Processing MapUp calibration samples
[I 260206 16:50:58 utils:461] Branches to be read: {'sWeight': 'probe_sWeight', 'IsMuon': 'probe_isMuon', 'DLLe': 'probe_PIDe', 'UBDT': 'probe_UBDT', 'Brunel_P': 'probe_Brunel_P', 'Brunel_ETA': 'probe_Brunel_ETA', 'nTracks_Brunel': 'nTracks_Brunel', 'TRACK_GHOSTPROB': 'probe_TRACK_GHOSTPROB', 'MuonUnbiased': 'probe_MuonUnbiased', 'InMuonAcc': 'probe_InMuonAcc'}
[I 260206 16:50:58 utils:462] 246 calibration files from EOS will be processed
[I 260206 17:12:59 utils:517] Processed 246/246 files
[I 260206 17:12:59 utils:596] 128591098/141600400 (90.8%) events passed binning range cut
[I 260206 17:12:59 utils:596] 66444102/128591098 (51.7%) events passed user cut
[I 260206 17:12:59 utils:596] 1228963/66444102 (1.8%) events passed 'IsMuon==1.0&DLLe<1.0&UBDT<0.25' cut
[I 260206 17:12:59 make_eff_histo_mod:220] Processing MagDown calibration samples
[I 260206 17:12:59 utils:461] Branches to be read: {'sWeight': 'probe_sWeight', 'IsMuon': 'probe_isMuon', 'DLLe': 'probe_PIDe', 'UBDT': 'probe_UBDT', 'Brunel_P': 'probe_Brunel_P', 'Brunel_ETA': 'probe_Brunel_ETA', 'nTracks_Brunel': 'nTracks_Brunel', 'TRACK_GHOSTPROB': 'probe_TRACK_GHOSTPROB', 'MuonUnbiased': 'probe_MuonUnbiased', 'InMuonAcc': 'probe_InMuonAcc'}
[I 260206 17:12:59 utils:462] 207 calibration files from EOS will be processed
[I 260206 17:30:23 utils:517] Processed 207/207 files
[I 260206 17:30:23 utils:596] 108493444/119514652 (90.8%) events passed binning range cut
[I 260206 17:30:23 utils:596] 56046532/108493444 (51.7%) events passed user cut
[I 260206 17:30:23 utils:596] 1034872/56046532 (1.8%) events passed 'IsMuon==1.0&DLLe<1.0&UBDT<0.25' cut
[I 260206 17:30:23 make_eff_histo_mod:239] Efficiency histogram of cut IsMuon==1.0&DLLe<1.0&UBDT<0.25 saved to 'raw_histos/kTrueTo-2017/kTrueToMuTag_nom_vmu.pkl'
[I 260206 17:30:36 make_eff_histo_mod:189] Running PIDCalib2 make_eff_hists with the following config:
[I 260206 17:30:36 utils:117] ===============
[I 260206 17:30:36 utils:120] sample         : Turbo17
[I 260206 17:30:36 utils:120] magnet         : both
[I 260206 17:30:36 utils:120] particle       : K
[I 260206 17:30:36 utils:120] pid_cuts       : ['IsMuon==0.0']
[I 260206 17:30:36 utils:120] cuts           : ['TRACK_GHOSTPROB < 0.5 & MuonUnbiased == 1.0 & InMuonAcc == 1.0']
[I 260206 17:30:36 utils:120] bin_vars       : ['Brunel_P', 'Brunel_ETA', 'nTracks_Brunel']
[I 260206 17:30:36 utils:120] binning_file   : ./tmp/binning.json
[I 260206 17:30:36 utils:120] output_dir     : raw_histos/kTrueTo-2017
[I 260206 17:30:36 utils:120] verbose        : False
[I 260206 17:30:36 utils:120] pkl_name       : ['kTrueToMuTag_denom.pkl']
[I 260206 17:30:36 utils:120] version        : N/A
[I 260206 17:30:36 utils:121] ===============
[I 260206 17:30:36 binning:205] Loading binnings from ./tmp/binning.json
[W 260206 17:30:36 binning:245] The following custom binnings are not being used: [{'particle': 'Pi', 'bin_var': 'Brunel_P'}, {'particle': 'Pi', 'bin_var': 'Brunel_ETA'}, {'particle': 'Pi', 'bin_var': 'nTracks_Brunel'}, {'particle': 'P', 'bin_var': 'Brunel_P'}, {'particle': 'P', 'bin_var': 'Brunel_ETA'}, {'particle': 'P', 'bin_var': 'nTracks_Brunel'}, {'particle': 'e_B_Jpsi', 'bin_var': 'Brunel_P'}, {'particle': 'e_B_Jpsi', 'bin_var': 'Brunel_ETA'}, {'particle': 'e_B_Jpsi', 'bin_var': 'nTracks_Brunel'}]
[I 260206 17:30:36 make_eff_histo_mod:215] Processing MapUp calibration samples
[I 260206 17:30:36 utils:461] Branches to be read: {'sWeight': 'probe_sWeight', 'IsMuon': 'probe_isMuon', 'Brunel_P': 'probe_Brunel_P', 'Brunel_ETA': 'probe_Brunel_ETA', 'nTracks_Brunel': 'nTracks_Brunel', 'TRACK_GHOSTPROB': 'probe_TRACK_GHOSTPROB', 'MuonUnbiased': 'probe_MuonUnbiased', 'InMuonAcc': 'probe_InMuonAcc'}
[I 260206 17:30:36 utils:462] 246 calibration files from EOS will be processed
[I 260206 17:46:57 utils:517] Processed 246/246 files
[I 260206 17:46:57 utils:596] 128591098/141600400 (90.8%) events passed binning range cut
[I 260206 17:46:57 utils:596] 66444102/128591098 (51.7%) events passed user cut
[I 260206 17:46:57 utils:596] 64784351/66444102 (97.5%) events passed 'IsMuon==0.0' cut
[I 260206 17:46:57 make_eff_histo_mod:220] Processing MagDown calibration samples
[I 260206 17:46:57 utils:461] Branches to be read: {'sWeight': 'probe_sWeight', 'IsMuon': 'probe_isMuon', 'Brunel_P': 'probe_Brunel_P', 'Brunel_ETA': 'probe_Brunel_ETA', 'nTracks_Brunel': 'nTracks_Brunel', 'TRACK_GHOSTPROB': 'probe_TRACK_GHOSTPROB', 'MuonUnbiased': 'probe_MuonUnbiased', 'InMuonAcc': 'probe_InMuonAcc'}
[I 260206 17:46:57 utils:462] 207 calibration files from EOS will be processed
[I 260206 18:00:52 utils:517] Processed 207/207 files
[I 260206 18:00:52 utils:596] 108493444/119514652 (90.8%) events passed binning range cut
[I 260206 18:00:52 utils:596] 56046532/108493444 (51.7%) events passed user cut
[I 260206 18:00:52 utils:596] 54644713/56046532 (97.5%) events passed 'IsMuon==0.0' cut
[I 260206 18:00:52 make_eff_histo_mod:239] Efficiency histogram of cut IsMuon==0.0 saved to 'raw_histos/kTrueTo-2017/kTrueToMuTag_denom.pkl'

pidcalib2.pklhisto2root "raw_histos/piTrueTo-2017/piTrueToKTag.pkl"


cp "raw_histos/piTrueTo-2017/piTrueToGTag.root" ./piTrueToGTag.root


cp "raw_histos/piTrueTo-2017/piTrueToPiTag.root" ./piTrueToPiTag.root


cp "raw_histos/piTrueTo-2017/piTrueToPTag.root" ./piTrueToPTag.root


cp "raw_histos/piTrueTo-2017/piTrueToETag.root" ./piTrueToETag.root


cp "raw_histos/piTrueTo-2017/piTrueToKTag.root" ./piTrueToKTag.root


cp "raw_histos/piTrueTo-2017/piTrueToMuTag_nom.root" ./piTrueToMuTag_nom.root


/home/lmeyerga/misid-unfold/scripts/make_eff_histo_mod.py \
    --output-dir raw_histos/piTrueTo-2017 \
    --sample Turbo17 --magnet both \
    --particle Pi \
    --binning-file ./tmp/binning.json \
    --cut "TRACK_GHOSTPROB < 0.5 & MuonUnbiased == 1.0 & InMuonAcc == 1.0" --pid-cut "IsMuon == 1.0 & DLLe < 1.0 & UBDT < 0.25" --pkl-name piTrueToMuTag_nom_vmu.pkl --bin-var Brunel_P --bin-var Brunel_ETA --bin-var nTracks_Brunel


pidcalib2.pklhisto2root "raw_histos/piTrueTo-2017/piTrueToPiTag.pkl"


pidcalib2.pklhisto2root "raw_histos/piTrueTo-2017/piTrueToETag.pkl"


pidcalib2.pklhisto2root "raw_histos/piTrueTo-2017/piTrueToPTag.pkl"


pidcalib2.pklhisto2root "raw_histos/piTrueTo-2017/piTrueToGTag.pkl"


pidcalib2.pklhisto2root "raw_histos/piTrueTo-2017/piTrueToMuTag_nom_vmu.pkl"


pidcalib2.pklhisto2root "raw_histos/piTrueTo-2017/piTrueToMuTag_nom.pkl"


pidcalib2.pklhisto2root "raw_histos/piTrueTo-2017/piTrueToKTag.pkl"


cp "raw_histos/piTrueTo-2017/piTrueToGTag.root" ./piTrueToGTag.root


cp "raw_histos/piTrueTo-2017/piTrueToPiTag.root" ./piTrueToPiTag.root


cp "raw_histos/piTrueTo-2017/piTrueToPTag.root" ./piTrueToPTag.root


cp "raw_histos/piTrueTo-2017/piTrueToETag.root" ./piTrueToETag.root


cp "raw_histos/piTrueTo-2017/piTrueToKTag.root" ./piTrueToKTag.root


cp "raw_histos/piTrueTo-2017/piTrueToMuTag_nom_vmu.root" ./piTrueToMuTag_nom_vmu.root


cp "raw_histos/piTrueTo-2017/piTrueToMuTag_nom.root" ./piTrueToMuTag_nom.root


/home/lmeyerga/misid-unfold/scripts/make_eff_histo_mod.py \
    --output-dir raw_histos/piTrueTo-2017 \
    --sample Turbo17 --magnet both \
    --particle Pi \
    --binning-file ./tmp/binning.json \
    --cut "TRACK_GHOSTPROB < 0.5 & MuonUnbiased == 1.0 & InMuonAcc == 1.0" --pid-cut "IsMuon == 0.0" --pkl-name piTrueToMuTag_denom.pkl --bin-var Brunel_P --bin-var Brunel_ETA --bin-var nTracks_Brunel


pidcalib2.pklhisto2root "raw_histos/piTrueTo-2017/piTrueToPiTag.pkl"


pidcalib2.pklhisto2root "raw_histos/piTrueTo-2017/piTrueToETag.pkl"


pidcalib2.pklhisto2root "raw_histos/piTrueTo-2017/piTrueToPTag.pkl"


pidcalib2.pklhisto2root "raw_histos/piTrueTo-2017/piTrueToGTag.pkl"


pidcalib2.pklhisto2root "raw_histos/piTrueTo-2017/piTrueToMuTag_denom.pkl"


pidcalib2.pklhisto2root "raw_histos/piTrueTo-2017/piTrueToMuTag_nom_vmu.pkl"


pidcalib2.pklhisto2root "raw_histos/piTrueTo-2017/piTrueToMuTag_nom.pkl"


pidcalib2.pklhisto2root "raw_histos/piTrueTo-2017/piTrueToKTag.pkl"


cp "raw_histos/piTrueTo-2017/piTrueToGTag.root" ./piTrueToGTag.root


cp "raw_histos/piTrueTo-2017/piTrueToPiTag.root" ./piTrueToPiTag.root


cp "raw_histos/piTrueTo-2017/piTrueToPTag.root" ./piTrueToPTag.root


cp "raw_histos/piTrueTo-2017/piTrueToMuTag_denom.root" ./piTrueToMuTag_denom.root


cp "raw_histos/piTrueTo-2017/piTrueToETag.root" ./piTrueToETag.root


cp "raw_histos/piTrueTo-2017/piTrueToKTag.root" ./piTrueToKTag.root


cp "raw_histos/piTrueTo-2017/piTrueToMuTag_nom_vmu.root" ./piTrueToMuTag_nom_vmu.root


cp "raw_histos/piTrueTo-2017/piTrueToMuTag_nom.root" ./piTrueToMuTag_nom.root


/home/lmeyerga/misid-unfold/scripts/make_eff_histo_mod.py \
    --output-dir raw_histos/kTrueTo-2017 \
    --sample Turbo17 --magnet both \
    --particle K \
    --binning-file ./tmp/binning.json \
    --cut "TRACK_GHOSTPROB < 0.5 & MuonUnbiased == 1.0 & InMuonAcc == 1.0" --pid-cut "IsMuon == 1.0 & DLLe < 1.0 & UBDT > 0.25" --pkl-name kTrueToMuTag_nom.pkl --bin-var Brunel_P --bin-var Brunel_ETA --bin-var nTracks_Brunel


pidcalib2.pklhisto2root "raw_histos/kTrueTo-2017/kTrueToMuTag_nom.pkl"


pidcalib2.pklhisto2root "raw_histos/kTrueTo-2017/kTrueToPTag.pkl"


pidcalib2.pklhisto2root "raw_histos/kTrueTo-2017/kTrueToGTag.pkl"


pidcalib2.pklhisto2root "raw_histos/kTrueTo-2017/kTrueToKTag.pkl"


pidcalib2.pklhisto2root "raw_histos/kTrueTo-2017/kTrueToPiTag.pkl"


pidcalib2.pklhisto2root "raw_histos/kTrueTo-2017/kTrueToETag.pkl"


cp "raw_histos/kTrueTo-2017/kTrueToPiTag.root" ./kTrueToPiTag.root


cp "raw_histos/kTrueTo-2017/kTrueToMuTag_nom.root" ./kTrueToMuTag_nom.root


cp "raw_histos/kTrueTo-2017/kTrueToETag.root" ./kTrueToETag.root


cp "raw_histos/kTrueTo-2017/kTrueToKTag.root" ./kTrueToKTag.root


cp "raw_histos/kTrueTo-2017/kTrueToPTag.root" ./kTrueToPTag.root


cp "raw_histos/kTrueTo-2017/kTrueToGTag.root" ./kTrueToGTag.root


/home/lmeyerga/misid-unfold/scripts/make_eff_histo_mod.py \
    --output-dir raw_histos/kTrueTo-2017 \
    --sample Turbo17 --magnet both \
    --particle K \
    --binning-file ./tmp/binning.json \
    --cut "TRACK_GHOSTPROB < 0.5 & MuonUnbiased == 1.0 & InMuonAcc == 1.0" --pid-cut "IsMuon == 1.0 & DLLe < 1.0 & UBDT < 0.25" --pkl-name kTrueToMuTag_nom_vmu.pkl --bin-var Brunel_P --bin-var Brunel_ETA --bin-var nTracks_Brunel


pidcalib2.pklhisto2root "raw_histos/kTrueTo-2017/kTrueToMuTag_nom.pkl"


pidcalib2.pklhisto2root "raw_histos/kTrueTo-2017/kTrueToPTag.pkl"


pidcalib2.pklhisto2root "raw_histos/kTrueTo-2017/kTrueToGTag.pkl"


pidcalib2.pklhisto2root "raw_histos/kTrueTo-2017/kTrueToKTag.pkl"


pidcalib2.pklhisto2root "raw_histos/kTrueTo-2017/kTrueToPiTag.pkl"


pidcalib2.pklhisto2root "raw_histos/kTrueTo-2017/kTrueToETag.pkl"


pidcalib2.pklhisto2root "raw_histos/kTrueTo-2017/kTrueToMuTag_nom_vmu.pkl"


cp "raw_histos/kTrueTo-2017/kTrueToMuTag_nom_vmu.root" ./kTrueToMuTag_nom_vmu.root


cp "raw_histos/kTrueTo-2017/kTrueToPiTag.root" ./kTrueToPiTag.root


cp "raw_histos/kTrueTo-2017/kTrueToMuTag_nom.root" ./kTrueToMuTag_nom.root


cp "raw_histos/kTrueTo-2017/kTrueToETag.root" ./kTrueToETag.root


cp "raw_histos/kTrueTo-2017/kTrueToKTag.root" ./kTrueToKTag.root


cp "raw_histos/kTrueTo-2017/kTrueToPTag.root" ./kTrueToPTag.root


cp "raw_histos/kTrueTo-2017/kTrueToGTag.root" ./kTrueToGTag.root


/home/lmeyerga/misid-unfold/scripts/make_eff_histo_mod.py \
    --output-dir raw_histos/kTrueTo-2017 \
    --sample Turbo17 --magnet both \
    --particle K \
    --binning-file ./tmp/binning.json \
    --cut "TRACK_GHOSTPROB < 0.5 & MuonUnbiased == 1.0 & InMuonAcc == 1.0" --pid-cut "IsMuon == 0.0" --pkl-name kTrueToMuTag_denom.pkl --bin-var Brunel_P --bin-var Brunel_ETA --bin-var nTracks_Brunel


pidcalib2.pklhisto2root "raw_histos/kTrueTo-2017/kTrueToMuTag_nom.pkl"


pidcalib2.pklhisto2root "raw_histos/kTrueTo-2017/kTrueToMuTag_denom.pkl"


pidcalib2.pklhisto2root "raw_histos/kTrueTo-2017/kTrueToPTag.pkl"


pidcalib2.pklhisto2root "raw_histos/kTrueTo-2017/kTrueToGTag.pkl"


pidcalib2.pklhisto2root "raw_histos/kTrueTo-2017/kTrueToKTag.pkl"


pidcalib2.pklhisto2root "raw_histos/kTrueTo-2017/kTrueToPiTag.pkl"


pidcalib2.pklhisto2root "raw_histos/kTrueTo-2017/kTrueToETag.pkl"


pidcalib2.pklhisto2root "raw_histos/kTrueTo-2017/kTrueToMuTag_nom_vmu.pkl"


cp "raw_histos/kTrueTo-2017/kTrueToMuTag_denom.root" ./kTrueToMuTag_denom.root


cp "raw_histos/kTrueTo-2017/kTrueToMuTag_nom_vmu.root" ./kTrueToMuTag_nom_vmu.root


cp "raw_histos/kTrueTo-2017/kTrueToPiTag.root" ./kTrueToPiTag.root


cp "raw_histos/kTrueTo-2017/kTrueToMuTag_nom.root" ./kTrueToMuTag_nom.root


cp "raw_histos/kTrueTo-2017/kTrueToETag.root" ./kTrueToETag.root


cp "raw_histos/kTrueTo-2017/kTrueToKTag.root" ./kTrueToKTag.root


cp "raw_histos/kTrueTo-2017/kTrueToPTag.root" ./kTrueToPTag.root


cp "raw_histos/kTrueTo-2017/kTrueToGTag.root" ./kTrueToGTag.root

[I 260206 18:01:08 make_eff_histo_mod:189] Running PIDCalib2 make_eff_hists with the following config:
[I 260206 18:01:08 utils:117] ===============
[I 260206 18:01:08 utils:120] sample         : Turbo17
[I 260206 18:01:08 utils:120] magnet         : both
[I 260206 18:01:08 utils:120] particle       : P
[I 260206 18:01:08 utils:120] pid_cuts       : ['IsMuon==1.0&DLLe<1.0&UBDT>0.25']
[I 260206 18:01:08 utils:120] cuts           : ['TRACK_GHOSTPROB < 0.5 & MuonUnbiased == 1.0 & InMuonAcc == 1.0']
[I 260206 18:01:08 utils:120] bin_vars       : ['Brunel_P', 'Brunel_ETA', 'nTracks_Brunel']
[I 260206 18:01:08 utils:120] binning_file   : ./tmp/binning.json
[I 260206 18:01:08 utils:120] output_dir     : raw_histos/pTrueTo-2017
[I 260206 18:01:08 utils:120] verbose        : False
[I 260206 18:01:08 utils:120] pkl_name       : ['pTrueToMuTag_nom.pkl']
[I 260206 18:01:08 utils:120] version        : N/A
[I 260206 18:01:08 utils:121] ===============
[I 260206 18:01:08 binning:205] Loading binnings from ./tmp/binning.json
[W 260206 18:01:08 binning:245] The following custom binnings are not being used: [{'particle': 'Pi', 'bin_var': 'Brunel_P'}, {'particle': 'Pi', 'bin_var': 'Brunel_ETA'}, {'particle': 'Pi', 'bin_var': 'nTracks_Brunel'}, {'particle': 'K', 'bin_var': 'Brunel_P'}, {'particle': 'K', 'bin_var': 'Brunel_ETA'}, {'particle': 'K', 'bin_var': 'nTracks_Brunel'}, {'particle': 'e_B_Jpsi', 'bin_var': 'Brunel_P'}, {'particle': 'e_B_Jpsi', 'bin_var': 'Brunel_ETA'}, {'particle': 'e_B_Jpsi', 'bin_var': 'nTracks_Brunel'}]
[I 260206 18:01:08 make_eff_histo_mod:215] Processing MapUp calibration samples
[I 260206 18:01:08 utils:461] Branches to be read: {'sWeight': 'probe_sWeight', 'IsMuon': 'probe_isMuon', 'DLLe': 'probe_PIDe', 'UBDT': 'probe_UBDT', 'Brunel_P': 'probe_Brunel_P', 'Brunel_ETA': 'probe_Brunel_ETA', 'nTracks_Brunel': 'nTracks_Brunel', 'TRACK_GHOSTPROB': 'probe_TRACK_GHOSTPROB', 'MuonUnbiased': 'probe_MuonUnbiased', 'InMuonAcc': 'probe_InMuonAcc'}
[I 260206 18:01:08 utils:462] 73 calibration files from EOS will be processed
[I 260206 18:20:28 utils:517] Processed 73/73 files
[I 260206 18:20:28 utils:596] 92322813/103674787 (89.1%) events passed binning range cut
[I 260206 18:20:28 utils:596] 23554078/92322813 (25.5%) events passed user cut
[I 260206 18:20:28 utils:596] 33787/23554078 (0.1%) events passed 'IsMuon==1.0&DLLe<1.0&UBDT>0.25' cut
[I 260206 18:20:28 make_eff_histo_mod:220] Processing MagDown calibration samples
[I 260206 18:20:28 utils:461] Branches to be read: {'sWeight': 'probe_sWeight', 'IsMuon': 'probe_isMuon', 'DLLe': 'probe_PIDe', 'UBDT': 'probe_UBDT', 'Brunel_P': 'probe_Brunel_P', 'Brunel_ETA': 'probe_Brunel_ETA', 'nTracks_Brunel': 'nTracks_Brunel', 'TRACK_GHOSTPROB': 'probe_TRACK_GHOSTPROB', 'MuonUnbiased': 'probe_MuonUnbiased', 'InMuonAcc': 'probe_InMuonAcc'}
[I 260206 18:20:28 utils:462] 85 calibration files from EOS will be processed
[I 260206 18:43:39 utils:517] Processed 85/85 files
[I 260206 18:43:39 utils:596] 108680690/121910080 (89.1%) events passed binning range cut
[I 260206 18:43:39 utils:596] 27647544/108680690 (25.4%) events passed user cut
[I 260206 18:43:39 utils:596] 39407/27647544 (0.1%) events passed 'IsMuon==1.0&DLLe<1.0&UBDT>0.25' cut
[I 260206 18:43:39 make_eff_histo_mod:239] Efficiency histogram of cut IsMuon==1.0&DLLe<1.0&UBDT>0.25 saved to 'raw_histos/pTrueTo-2017/pTrueToMuTag_nom.pkl'
[I 260206 18:43:52 make_eff_histo_mod:189] Running PIDCalib2 make_eff_hists with the following config:
[I 260206 18:43:52 utils:117] ===============
[I 260206 18:43:52 utils:120] sample         : Turbo17
[I 260206 18:43:52 utils:120] magnet         : both
[I 260206 18:43:52 utils:120] particle       : P
[I 260206 18:43:52 utils:120] pid_cuts       : ['IsMuon==1.0&DLLe<1.0&UBDT<0.25']
[I 260206 18:43:52 utils:120] cuts           : ['TRACK_GHOSTPROB < 0.5 & MuonUnbiased == 1.0 & InMuonAcc == 1.0']
[I 260206 18:43:52 utils:120] bin_vars       : ['Brunel_P', 'Brunel_ETA', 'nTracks_Brunel']
[I 260206 18:43:52 utils:120] binning_file   : ./tmp/binning.json
[I 260206 18:43:52 utils:120] output_dir     : raw_histos/pTrueTo-2017
[I 260206 18:43:52 utils:120] verbose        : False
[I 260206 18:43:52 utils:120] pkl_name       : ['pTrueToMuTag_nom_vmu.pkl']
[I 260206 18:43:52 utils:120] version        : N/A
[I 260206 18:43:52 utils:121] ===============
[I 260206 18:43:52 binning:205] Loading binnings from ./tmp/binning.json
[W 260206 18:43:52 binning:245] The following custom binnings are not being used: [{'particle': 'Pi', 'bin_var': 'Brunel_P'}, {'particle': 'Pi', 'bin_var': 'Brunel_ETA'}, {'particle': 'Pi', 'bin_var': 'nTracks_Brunel'}, {'particle': 'K', 'bin_var': 'Brunel_P'}, {'particle': 'K', 'bin_var': 'Brunel_ETA'}, {'particle': 'K', 'bin_var': 'nTracks_Brunel'}, {'particle': 'e_B_Jpsi', 'bin_var': 'Brunel_P'}, {'particle': 'e_B_Jpsi', 'bin_var': 'Brunel_ETA'}, {'particle': 'e_B_Jpsi', 'bin_var': 'nTracks_Brunel'}]
[I 260206 18:43:52 make_eff_histo_mod:215] Processing MapUp calibration samples
[I 260206 18:43:52 utils:461] Branches to be read: {'sWeight': 'probe_sWeight', 'IsMuon': 'probe_isMuon', 'DLLe': 'probe_PIDe', 'UBDT': 'probe_UBDT', 'Brunel_P': 'probe_Brunel_P', 'Brunel_ETA': 'probe_Brunel_ETA', 'nTracks_Brunel': 'nTracks_Brunel', 'TRACK_GHOSTPROB': 'probe_TRACK_GHOSTPROB', 'MuonUnbiased': 'probe_MuonUnbiased', 'InMuonAcc': 'probe_InMuonAcc'}
[I 260206 18:43:52 utils:462] 73 calibration files from EOS will be processed
[I 260206 18:58:09 utils:517] Processed 73/73 files
[I 260206 18:58:09 utils:596] 92322813/103674787 (89.1%) events passed binning range cut
[I 260206 18:58:09 utils:596] 23554078/92322813 (25.5%) events passed user cut
[I 260206 18:58:09 utils:596] 205301/23554078 (0.9%) events passed 'IsMuon==1.0&DLLe<1.0&UBDT<0.25' cut
[I 260206 18:58:09 make_eff_histo_mod:220] Processing MagDown calibration samples
[I 260206 18:58:09 utils:461] Branches to be read: {'sWeight': 'probe_sWeight', 'IsMuon': 'probe_isMuon', 'DLLe': 'probe_PIDe', 'UBDT': 'probe_UBDT', 'Brunel_P': 'probe_Brunel_P', 'Brunel_ETA': 'probe_Brunel_ETA', 'nTracks_Brunel': 'nTracks_Brunel', 'TRACK_GHOSTPROB': 'probe_TRACK_GHOSTPROB', 'MuonUnbiased': 'probe_MuonUnbiased', 'InMuonAcc': 'probe_InMuonAcc'}
[I 260206 18:58:09 utils:462] 85 calibration files from EOS will be processed
[I 260206 19:17:15 utils:517] Processed 85/85 files
[I 260206 19:17:15 utils:596] 108680690/121910080 (89.1%) events passed binning range cut
[I 260206 19:17:15 utils:596] 27647544/108680690 (25.4%) events passed user cut
[I 260206 19:17:15 utils:596] 237884/27647544 (0.9%) events passed 'IsMuon==1.0&DLLe<1.0&UBDT<0.25' cut
[W 260206 19:17:15 utils:97] There are 1 negative bins in the 'eff_IsMuon==1.0&DLLe<1.0&UBDT<0.25' efficiency histogram! You might want to change the binning.
[I 260206 19:17:15 make_eff_histo_mod:239] Efficiency histogram of cut IsMuon==1.0&DLLe<1.0&UBDT<0.25 saved to 'raw_histos/pTrueTo-2017/pTrueToMuTag_nom_vmu.pkl'
[I 260206 19:17:30 make_eff_histo_mod:189] Running PIDCalib2 make_eff_hists with the following config:
[I 260206 19:17:30 utils:117] ===============
[I 260206 19:17:30 utils:120] sample         : Turbo17
[I 260206 19:17:30 utils:120] magnet         : both
[I 260206 19:17:30 utils:120] particle       : P
[I 260206 19:17:30 utils:120] pid_cuts       : ['IsMuon==0.0']
[I 260206 19:17:30 utils:120] cuts           : ['TRACK_GHOSTPROB < 0.5 & MuonUnbiased == 1.0 & InMuonAcc == 1.0']
[I 260206 19:17:30 utils:120] bin_vars       : ['Brunel_P', 'Brunel_ETA', 'nTracks_Brunel']
[I 260206 19:17:30 utils:120] binning_file   : ./tmp/binning.json
[I 260206 19:17:30 utils:120] output_dir     : raw_histos/pTrueTo-2017
[I 260206 19:17:30 utils:120] verbose        : False
[I 260206 19:17:30 utils:120] pkl_name       : ['pTrueToMuTag_denom.pkl']
[I 260206 19:17:30 utils:120] version        : N/A
[I 260206 19:17:30 utils:121] ===============
[I 260206 19:17:30 binning:205] Loading binnings from ./tmp/binning.json
[W 260206 19:17:30 binning:245] The following custom binnings are not being used: [{'particle': 'Pi', 'bin_var': 'Brunel_P'}, {'particle': 'Pi', 'bin_var': 'Brunel_ETA'}, {'particle': 'Pi', 'bin_var': 'nTracks_Brunel'}, {'particle': 'K', 'bin_var': 'Brunel_P'}, {'particle': 'K', 'bin_var': 'Brunel_ETA'}, {'particle': 'K', 'bin_var': 'nTracks_Brunel'}, {'particle': 'e_B_Jpsi', 'bin_var': 'Brunel_P'}, {'particle': 'e_B_Jpsi', 'bin_var': 'Brunel_ETA'}, {'particle': 'e_B_Jpsi', 'bin_var': 'nTracks_Brunel'}]
[I 260206 19:17:30 make_eff_histo_mod:215] Processing MapUp calibration samples
[I 260206 19:17:30 utils:461] Branches to be read: {'sWeight': 'probe_sWeight', 'IsMuon': 'probe_isMuon', 'Brunel_P': 'probe_Brunel_P', 'Brunel_ETA': 'probe_Brunel_ETA', 'nTracks_Brunel': 'nTracks_Brunel', 'TRACK_GHOSTPROB': 'probe_TRACK_GHOSTPROB', 'MuonUnbiased': 'probe_MuonUnbiased', 'InMuonAcc': 'probe_InMuonAcc'}
[I 260206 19:17:30 utils:462] 73 calibration files from EOS will be processed
[I 260206 19:28:26 utils:517] Processed 73/73 files
[I 260206 19:28:26 utils:596] 92322813/103674787 (89.1%) events passed binning range cut
[I 260206 19:28:26 utils:596] 23554078/92322813 (25.5%) events passed user cut
[I 260206 19:28:26 utils:596] 23304549/23554078 (98.9%) events passed 'IsMuon==0.0' cut
[I 260206 19:28:26 make_eff_histo_mod:220] Processing MagDown calibration samples
[I 260206 19:28:26 utils:461] Branches to be read: {'sWeight': 'probe_sWeight', 'IsMuon': 'probe_isMuon', 'Brunel_P': 'probe_Brunel_P', 'Brunel_ETA': 'probe_Brunel_ETA', 'nTracks_Brunel': 'nTracks_Brunel', 'TRACK_GHOSTPROB': 'probe_TRACK_GHOSTPROB', 'MuonUnbiased': 'probe_MuonUnbiased', 'InMuonAcc': 'probe_InMuonAcc'}
[I 260206 19:28:26 utils:462] 85 calibration files from EOS will be processed
[I 260206 19:40:41 utils:517] Processed 85/85 files
[I 260206 19:40:41 utils:596] 108680690/121910080 (89.1%) events passed binning range cut
[I 260206 19:40:41 utils:596] 27647544/108680690 (25.4%) events passed user cut
[I 260206 19:40:41 utils:596] 27358326/27647544 (99.0%) events passed 'IsMuon==0.0' cut
[I 260206 19:40:41 make_eff_histo_mod:239] Efficiency histogram of cut IsMuon==0.0 saved to 'raw_histos/pTrueTo-2017/pTrueToMuTag_denom.pkl'

/home/lmeyerga/misid-unfold/scripts/make_eff_histo_mod.py \
    --output-dir raw_histos/pTrueTo-2017 \
    --sample Turbo17 --magnet both \
    --particle P \
    --binning-file ./tmp/binning.json \
    --cut "TRACK_GHOSTPROB < 0.5 & MuonUnbiased == 1.0 & InMuonAcc == 1.0" --pid-cut "IsMuon == 1.0 & DLLe < 1.0 & UBDT > 0.25" --pkl-name pTrueToMuTag_nom.pkl --bin-var Brunel_P --bin-var Brunel_ETA --bin-var nTracks_Brunel


pidcalib2.pklhisto2root "raw_histos/pTrueTo-2017/pTrueToGTag.pkl"


pidcalib2.pklhisto2root "raw_histos/pTrueTo-2017/pTrueToPTag.pkl"


pidcalib2.pklhisto2root "raw_histos/pTrueTo-2017/pTrueToMuTag_nom.pkl"


pidcalib2.pklhisto2root "raw_histos/pTrueTo-2017/pTrueToPiTag.pkl"


pidcalib2.pklhisto2root "raw_histos/pTrueTo-2017/pTrueToKTag.pkl"


pidcalib2.pklhisto2root "raw_histos/pTrueTo-2017/pTrueToETag.pkl"


cp "raw_histos/pTrueTo-2017/pTrueToMuTag_nom.root" ./pTrueToMuTag_nom.root


cp "raw_histos/pTrueTo-2017/pTrueToETag.root" ./pTrueToETag.root


cp "raw_histos/pTrueTo-2017/pTrueToKTag.root" ./pTrueToKTag.root


cp "raw_histos/pTrueTo-2017/pTrueToPTag.root" ./pTrueToPTag.root


cp "raw_histos/pTrueTo-2017/pTrueToGTag.root" ./pTrueToGTag.root


cp "raw_histos/pTrueTo-2017/pTrueToPiTag.root" ./pTrueToPiTag.root


/home/lmeyerga/misid-unfold/scripts/make_eff_histo_mod.py \
    --output-dir raw_histos/pTrueTo-2017 \
    --sample Turbo17 --magnet both \
    --particle P \
    --binning-file ./tmp/binning.json \
    --cut "TRACK_GHOSTPROB < 0.5 & MuonUnbiased == 1.0 & InMuonAcc == 1.0" --pid-cut "IsMuon == 1.0 & DLLe < 1.0 & UBDT < 0.25" --pkl-name pTrueToMuTag_nom_vmu.pkl --bin-var Brunel_P --bin-var Brunel_ETA --bin-var nTracks_Brunel


pidcalib2.pklhisto2root "raw_histos/pTrueTo-2017/pTrueToGTag.pkl"


pidcalib2.pklhisto2root "raw_histos/pTrueTo-2017/pTrueToPTag.pkl"


pidcalib2.pklhisto2root "raw_histos/pTrueTo-2017/pTrueToMuTag_nom.pkl"


pidcalib2.pklhisto2root "raw_histos/pTrueTo-2017/pTrueToMuTag_nom_vmu.pkl"


pidcalib2.pklhisto2root "raw_histos/pTrueTo-2017/pTrueToPiTag.pkl"


pidcalib2.pklhisto2root "raw_histos/pTrueTo-2017/pTrueToKTag.pkl"


pidcalib2.pklhisto2root "raw_histos/pTrueTo-2017/pTrueToETag.pkl"


cp "raw_histos/pTrueTo-2017/pTrueToMuTag_nom.root" ./pTrueToMuTag_nom.root


cp "raw_histos/pTrueTo-2017/pTrueToETag.root" ./pTrueToETag.root


cp "raw_histos/pTrueTo-2017/pTrueToKTag.root" ./pTrueToKTag.root


cp "raw_histos/pTrueTo-2017/pTrueToPTag.root" ./pTrueToPTag.root


cp "raw_histos/pTrueTo-2017/pTrueToGTag.root" ./pTrueToGTag.root


cp "raw_histos/pTrueTo-2017/pTrueToPiTag.root" ./pTrueToPiTag.root


cp "raw_histos/pTrueTo-2017/pTrueToMuTag_nom_vmu.root" ./pTrueToMuTag_nom_vmu.root


/home/lmeyerga/misid-unfold/scripts/make_eff_histo_mod.py \
    --output-dir raw_histos/pTrueTo-2017 \
    --sample Turbo17 --magnet both \
    --particle P \
    --binning-file ./tmp/binning.json \
    --cut "TRACK_GHOSTPROB < 0.5 & MuonUnbiased == 1.0 & InMuonAcc == 1.0" --pid-cut "IsMuon == 0.0" --pkl-name pTrueToMuTag_denom.pkl --bin-var Brunel_P --bin-var Brunel_ETA --bin-var nTracks_Brunel


pidcalib2.pklhisto2root "raw_histos/pTrueTo-2017/pTrueToGTag.pkl"


pidcalib2.pklhisto2root "raw_histos/pTrueTo-2017/pTrueToPTag.pkl"


pidcalib2.pklhisto2root "raw_histos/pTrueTo-2017/pTrueToMuTag_nom.pkl"


pidcalib2.pklhisto2root "raw_histos/pTrueTo-2017/pTrueToMuTag_denom.pkl"


pidcalib2.pklhisto2root "raw_histos/pTrueTo-2017/pTrueToMuTag_nom_vmu.pkl"


pidcalib2.pklhisto2root "raw_histos/pTrueTo-2017/pTrueToPiTag.pkl"


pidcalib2.pklhisto2root "raw_histos/pTrueTo-2017/pTrueToKTag.pkl"


pidcalib2.pklhisto2root "raw_histos/pTrueTo-2017/pTrueToETag.pkl"


cp "raw_histos/pTrueTo-2017/pTrueToMuTag_nom.root" ./pTrueToMuTag_nom.root


cp "raw_histos/pTrueTo-2017/pTrueToETag.root" ./pTrueToETag.root


cp "raw_histos/pTrueTo-2017/pTrueToKTag.root" ./pTrueToKTag.root


cp "raw_histos/pTrueTo-2017/pTrueToPTag.root" ./pTrueToPTag.root


cp "raw_histos/pTrueTo-2017/pTrueToGTag.root" ./pTrueToGTag.root


cp "raw_histos/pTrueTo-2017/pTrueToPiTag.root" ./pTrueToPiTag.root


cp "raw_histos/pTrueTo-2017/pTrueToMuTag_denom.root" ./pTrueToMuTag_denom.root


cp "raw_histos/pTrueTo-2017/pTrueToMuTag_nom_vmu.root" ./pTrueToMuTag_nom_vmu.root

